<!doctype html public "-//w3c//dtd html 4.0 transitional//en">
<html><head>
<title>Static Call Graph - [.\Objects\lwIP.axf]</title></head>
<body><HR>
<H1>Static Call Graph for image .\Objects\lwIP.axf</H1><HR>
<BR><P>#&#060CALLGRAPH&#062# ARM Linker, 6130100: Last Updated: Fri Mar 31 13:15:55 2023
<BR><P>
<H3>Maximum Stack Usage =        520 bytes + Unknown(Functions without stacksize, Cycles, Untraceable Function Pointers)</H3><H3>
Call chain for Maximum Stack Depth:</H3>
ethernet_input &rArr; ip_input &rArr; tcp_input &rArr; tcp_listen_input &rArr; tcp_alloc &rArr; tcp_kill_prio &rArr; tcp_abort &rArr; tcp_abandon &rArr; tcp_pcb_remove &rArr; tcp_output &rArr; tcp_output_segment &rArr; ip_output &rArr; ip_output_if &rArr; ip_frag &rArr; pbuf_alloc &rArr; pbuf_free &rArr; mem_free &rArr; plug_holes
<P>
<H3>
Functions with no stack information
</H3><UL>
 <LI><a href="#[84]">__user_initial_stackheap</a>
</UL>
</UL>
<P>
<H3>
Mutually Recursive functions
</H3> <LI><a href="#[1]">NMI_Handler</a>&nbsp;&nbsp;&nbsp;&rArr;&nbsp;&nbsp;&nbsp;<a href="#[1]">NMI_Handler</a><BR>
 <LI><a href="#[2]">HardFault_Handler</a>&nbsp;&nbsp;&nbsp;&rArr;&nbsp;&nbsp;&nbsp;<a href="#[2]">HardFault_Handler</a><BR>
 <LI><a href="#[3]">MemManage_Handler</a>&nbsp;&nbsp;&nbsp;&rArr;&nbsp;&nbsp;&nbsp;<a href="#[3]">MemManage_Handler</a><BR>
 <LI><a href="#[4]">BusFault_Handler</a>&nbsp;&nbsp;&nbsp;&rArr;&nbsp;&nbsp;&nbsp;<a href="#[4]">BusFault_Handler</a><BR>
 <LI><a href="#[5]">UsageFault_Handler</a>&nbsp;&nbsp;&nbsp;&rArr;&nbsp;&nbsp;&nbsp;<a href="#[5]">UsageFault_Handler</a><BR>
 <LI><a href="#[6]">SVC_Handler</a>&nbsp;&nbsp;&nbsp;&rArr;&nbsp;&nbsp;&nbsp;<a href="#[6]">SVC_Handler</a><BR>
 <LI><a href="#[7]">DebugMon_Handler</a>&nbsp;&nbsp;&nbsp;&rArr;&nbsp;&nbsp;&nbsp;<a href="#[7]">DebugMon_Handler</a><BR>
 <LI><a href="#[8]">PendSV_Handler</a>&nbsp;&nbsp;&nbsp;&rArr;&nbsp;&nbsp;&nbsp;<a href="#[8]">PendSV_Handler</a><BR>
 <LI><a href="#[1c]">ADC_IRQHandler</a>&nbsp;&nbsp;&nbsp;&rArr;&nbsp;&nbsp;&nbsp;<a href="#[1c]">ADC_IRQHandler</a><BR>
</UL>
<P>
<H3>
Function Pointers
</H3><UL>
 <LI><a href="#[1c]">ADC_IRQHandler</a> from startup_stm32f446xx.o(.text) referenced from startup_stm32f446xx.o(RESET)
 <LI><a href="#[4]">BusFault_Handler</a> from startup_stm32f446xx.o(.text) referenced from startup_stm32f446xx.o(RESET)
 <LI><a href="#[1e]">CAN1_RX0_IRQHandler</a> from startup_stm32f446xx.o(.text) referenced from startup_stm32f446xx.o(RESET)
 <LI><a href="#[1f]">CAN1_RX1_IRQHandler</a> from startup_stm32f446xx.o(.text) referenced from startup_stm32f446xx.o(RESET)
 <LI><a href="#[20]">CAN1_SCE_IRQHandler</a> from startup_stm32f446xx.o(.text) referenced from startup_stm32f446xx.o(RESET)
 <LI><a href="#[1d]">CAN1_TX_IRQHandler</a> from startup_stm32f446xx.o(.text) referenced from startup_stm32f446xx.o(RESET)
 <LI><a href="#[48]">CAN2_RX0_IRQHandler</a> from startup_stm32f446xx.o(.text) referenced from startup_stm32f446xx.o(RESET)
 <LI><a href="#[49]">CAN2_RX1_IRQHandler</a> from startup_stm32f446xx.o(.text) referenced from startup_stm32f446xx.o(RESET)
 <LI><a href="#[4a]">CAN2_SCE_IRQHandler</a> from startup_stm32f446xx.o(.text) referenced from startup_stm32f446xx.o(RESET)
 <LI><a href="#[47]">CAN2_TX_IRQHandler</a> from startup_stm32f446xx.o(.text) referenced from startup_stm32f446xx.o(RESET)
 <LI><a href="#[5c]">CEC_IRQHandler</a> from startup_stm32f446xx.o(.text) referenced from startup_stm32f446xx.o(RESET)
 <LI><a href="#[56]">DCMI_IRQHandler</a> from startup_stm32f446xx.o(.text) referenced from startup_stm32f446xx.o(RESET)
 <LI><a href="#[15]">DMA1_Stream0_IRQHandler</a> from startup_stm32f446xx.o(.text) referenced from startup_stm32f446xx.o(RESET)
 <LI><a href="#[16]">DMA1_Stream1_IRQHandler</a> from startup_stm32f446xx.o(.text) referenced from startup_stm32f446xx.o(RESET)
 <LI><a href="#[17]">DMA1_Stream2_IRQHandler</a> from startup_stm32f446xx.o(.text) referenced from startup_stm32f446xx.o(RESET)
 <LI><a href="#[18]">DMA1_Stream3_IRQHandler</a> from startup_stm32f446xx.o(.text) referenced from startup_stm32f446xx.o(RESET)
 <LI><a href="#[19]">DMA1_Stream4_IRQHandler</a> from startup_stm32f446xx.o(.text) referenced from startup_stm32f446xx.o(RESET)
 <LI><a href="#[1a]">DMA1_Stream5_IRQHandler</a> from startup_stm32f446xx.o(.text) referenced from startup_stm32f446xx.o(RESET)
 <LI><a href="#[1b]">DMA1_Stream6_IRQHandler</a> from startup_stm32f446xx.o(.text) referenced from startup_stm32f446xx.o(RESET)
 <LI><a href="#[39]">DMA1_Stream7_IRQHandler</a> from startup_stm32f446xx.o(.text) referenced from startup_stm32f446xx.o(RESET)
 <LI><a href="#[42]">DMA2_Stream0_IRQHandler</a> from startup_stm32f446xx.o(.text) referenced from startup_stm32f446xx.o(RESET)
 <LI><a href="#[43]">DMA2_Stream1_IRQHandler</a> from startup_stm32f446xx.o(.text) referenced from startup_stm32f446xx.o(RESET)
 <LI><a href="#[44]">DMA2_Stream2_IRQHandler</a> from startup_stm32f446xx.o(.text) referenced from startup_stm32f446xx.o(RESET)
 <LI><a href="#[45]">DMA2_Stream3_IRQHandler</a> from startup_stm32f446xx.o(.text) referenced from startup_stm32f446xx.o(RESET)
 <LI><a href="#[46]">DMA2_Stream4_IRQHandler</a> from startup_stm32f446xx.o(.text) referenced from startup_stm32f446xx.o(RESET)
 <LI><a href="#[4c]">DMA2_Stream5_IRQHandler</a> from startup_stm32f446xx.o(.text) referenced from startup_stm32f446xx.o(RESET)
 <LI><a href="#[4d]">DMA2_Stream6_IRQHandler</a> from startup_stm32f446xx.o(.text) referenced from startup_stm32f446xx.o(RESET)
 <LI><a href="#[4e]">DMA2_Stream7_IRQHandler</a> from startup_stm32f446xx.o(.text) referenced from startup_stm32f446xx.o(RESET)
 <LI><a href="#[7]">DebugMon_Handler</a> from startup_stm32f446xx.o(.text) referenced from startup_stm32f446xx.o(RESET)
 <LI><a href="#[10]">EXTI0_IRQHandler</a> from startup_stm32f446xx.o(.text) referenced from startup_stm32f446xx.o(RESET)
 <LI><a href="#[32]">EXTI15_10_IRQHandler</a> from startup_stm32f446xx.o(.text) referenced from startup_stm32f446xx.o(RESET)
 <LI><a href="#[11]">EXTI1_IRQHandler</a> from startup_stm32f446xx.o(.text) referenced from startup_stm32f446xx.o(RESET)
 <LI><a href="#[12]">EXTI2_IRQHandler</a> from startup_stm32f446xx.o(.text) referenced from startup_stm32f446xx.o(RESET)
 <LI><a href="#[13]">EXTI3_IRQHandler</a> from startup_stm32f446xx.o(.text) referenced from startup_stm32f446xx.o(RESET)
 <LI><a href="#[14]">EXTI4_IRQHandler</a> from startup_stm32f446xx.o(.text) referenced from startup_stm32f446xx.o(RESET)
 <LI><a href="#[21]">EXTI9_5_IRQHandler</a> from startup_stm32f446xx.o(.text) referenced from startup_stm32f446xx.o(RESET)
 <LI><a href="#[e]">FLASH_IRQHandler</a> from startup_stm32f446xx.o(.text) referenced from startup_stm32f446xx.o(RESET)
 <LI><a href="#[3a]">FMC_IRQHandler</a> from startup_stm32f446xx.o(.text) referenced from startup_stm32f446xx.o(RESET)
 <LI><a href="#[5f]">FMPI2C1_ER_IRQHandler</a> from startup_stm32f446xx.o(.text) referenced from startup_stm32f446xx.o(RESET)
 <LI><a href="#[5e]">FMPI2C1_EV_IRQHandler</a> from startup_stm32f446xx.o(.text) referenced from startup_stm32f446xx.o(RESET)
 <LI><a href="#[57]">FPU_IRQHandler</a> from startup_stm32f446xx.o(.text) referenced from startup_stm32f446xx.o(RESET)
 <LI><a href="#[2]">HardFault_Handler</a> from startup_stm32f446xx.o(.text) referenced from startup_stm32f446xx.o(RESET)
 <LI><a href="#[2a]">I2C1_ER_IRQHandler</a> from startup_stm32f446xx.o(.text) referenced from startup_stm32f446xx.o(RESET)
 <LI><a href="#[29]">I2C1_EV_IRQHandler</a> from startup_stm32f446xx.o(.text) referenced from startup_stm32f446xx.o(RESET)
 <LI><a href="#[2c]">I2C2_ER_IRQHandler</a> from startup_stm32f446xx.o(.text) referenced from startup_stm32f446xx.o(RESET)
 <LI><a href="#[2b]">I2C2_EV_IRQHandler</a> from startup_stm32f446xx.o(.text) referenced from startup_stm32f446xx.o(RESET)
 <LI><a href="#[51]">I2C3_ER_IRQHandler</a> from startup_stm32f446xx.o(.text) referenced from startup_stm32f446xx.o(RESET)
 <LI><a href="#[50]">I2C3_EV_IRQHandler</a> from startup_stm32f446xx.o(.text) referenced from startup_stm32f446xx.o(RESET)
 <LI><a href="#[3]">MemManage_Handler</a> from startup_stm32f446xx.o(.text) referenced from startup_stm32f446xx.o(RESET)
 <LI><a href="#[1]">NMI_Handler</a> from startup_stm32f446xx.o(.text) referenced from startup_stm32f446xx.o(RESET)
 <LI><a href="#[4b]">OTG_FS_IRQHandler</a> from startup_stm32f446xx.o(.text) referenced from startup_stm32f446xx.o(RESET)
 <LI><a href="#[34]">OTG_FS_WKUP_IRQHandler</a> from startup_stm32f446xx.o(.text) referenced from startup_stm32f446xx.o(RESET)
 <LI><a href="#[53]">OTG_HS_EP1_IN_IRQHandler</a> from startup_stm32f446xx.o(.text) referenced from startup_stm32f446xx.o(RESET)
 <LI><a href="#[52]">OTG_HS_EP1_OUT_IRQHandler</a> from startup_stm32f446xx.o(.text) referenced from startup_stm32f446xx.o(RESET)
 <LI><a href="#[55]">OTG_HS_IRQHandler</a> from startup_stm32f446xx.o(.text) referenced from startup_stm32f446xx.o(RESET)
 <LI><a href="#[54]">OTG_HS_WKUP_IRQHandler</a> from startup_stm32f446xx.o(.text) referenced from startup_stm32f446xx.o(RESET)
 <LI><a href="#[b]">PVD_IRQHandler</a> from startup_stm32f446xx.o(.text) referenced from startup_stm32f446xx.o(RESET)
 <LI><a href="#[8]">PendSV_Handler</a> from startup_stm32f446xx.o(.text) referenced from startup_stm32f446xx.o(RESET)
 <LI><a href="#[5b]">QUADSPI_IRQHandler</a> from startup_stm32f446xx.o(.text) referenced from startup_stm32f446xx.o(RESET)
 <LI><a href="#[f]">RCC_IRQHandler</a> from startup_stm32f446xx.o(.text) referenced from startup_stm32f446xx.o(RESET)
 <LI><a href="#[33]">RTC_Alarm_IRQHandler</a> from startup_stm32f446xx.o(.text) referenced from startup_stm32f446xx.o(RESET)
 <LI><a href="#[d]">RTC_WKUP_IRQHandler</a> from startup_stm32f446xx.o(.text) referenced from startup_stm32f446xx.o(RESET)
 <LI><a href="#[0]">Reset_Handler</a> from startup_stm32f446xx.o(.text) referenced from startup_stm32f446xx.o(RESET)
 <LI><a href="#[59]">SAI1_IRQHandler</a> from startup_stm32f446xx.o(.text) referenced from startup_stm32f446xx.o(RESET)
 <LI><a href="#[5a]">SAI2_IRQHandler</a> from startup_stm32f446xx.o(.text) referenced from startup_stm32f446xx.o(RESET)
 <LI><a href="#[3b]">SDIO_IRQHandler</a> from startup_stm32f446xx.o(.text) referenced from startup_stm32f446xx.o(RESET)
 <LI><a href="#[5d]">SPDIF_RX_IRQHandler</a> from startup_stm32f446xx.o(.text) referenced from startup_stm32f446xx.o(RESET)
 <LI><a href="#[2d]">SPI1_IRQHandler</a> from startup_stm32f446xx.o(.text) referenced from startup_stm32f446xx.o(RESET)
 <LI><a href="#[2e]">SPI2_IRQHandler</a> from startup_stm32f446xx.o(.text) referenced from startup_stm32f446xx.o(RESET)
 <LI><a href="#[3d]">SPI3_IRQHandler</a> from startup_stm32f446xx.o(.text) referenced from startup_stm32f446xx.o(RESET)
 <LI><a href="#[58]">SPI4_IRQHandler</a> from startup_stm32f446xx.o(.text) referenced from startup_stm32f446xx.o(RESET)
 <LI><a href="#[6]">SVC_Handler</a> from startup_stm32f446xx.o(.text) referenced from startup_stm32f446xx.o(RESET)
 <LI><a href="#[9]">SysTick_Handler</a> from main.o(.text.SysTick_Handler) referenced from startup_stm32f446xx.o(RESET)
 <LI><a href="#[60]">SystemInit</a> from system_stm32f4xx.o(.text.SystemInit) referenced from startup_stm32f446xx.o(.text)
 <LI><a href="#[c]">TAMP_STAMP_IRQHandler</a> from startup_stm32f446xx.o(.text) referenced from startup_stm32f446xx.o(RESET)
 <LI><a href="#[22]">TIM1_BRK_TIM9_IRQHandler</a> from startup_stm32f446xx.o(.text) referenced from startup_stm32f446xx.o(RESET)
 <LI><a href="#[25]">TIM1_CC_IRQHandler</a> from startup_stm32f446xx.o(.text) referenced from startup_stm32f446xx.o(RESET)
 <LI><a href="#[24]">TIM1_TRG_COM_TIM11_IRQHandler</a> from startup_stm32f446xx.o(.text) referenced from startup_stm32f446xx.o(RESET)
 <LI><a href="#[23]">TIM1_UP_TIM10_IRQHandler</a> from startup_stm32f446xx.o(.text) referenced from startup_stm32f446xx.o(RESET)
 <LI><a href="#[26]">TIM2_IRQHandler</a> from startup_stm32f446xx.o(.text) referenced from startup_stm32f446xx.o(RESET)
 <LI><a href="#[27]">TIM3_IRQHandler</a> from startup_stm32f446xx.o(.text) referenced from startup_stm32f446xx.o(RESET)
 <LI><a href="#[28]">TIM4_IRQHandler</a> from startup_stm32f446xx.o(.text) referenced from startup_stm32f446xx.o(RESET)
 <LI><a href="#[3c]">TIM5_IRQHandler</a> from startup_stm32f446xx.o(.text) referenced from startup_stm32f446xx.o(RESET)
 <LI><a href="#[40]">TIM6_DAC_IRQHandler</a> from startup_stm32f446xx.o(.text) referenced from startup_stm32f446xx.o(RESET)
 <LI><a href="#[41]">TIM7_IRQHandler</a> from startup_stm32f446xx.o(.text) referenced from startup_stm32f446xx.o(RESET)
 <LI><a href="#[35]">TIM8_BRK_TIM12_IRQHandler</a> from startup_stm32f446xx.o(.text) referenced from startup_stm32f446xx.o(RESET)
 <LI><a href="#[38]">TIM8_CC_IRQHandler</a> from startup_stm32f446xx.o(.text) referenced from startup_stm32f446xx.o(RESET)
 <LI><a href="#[37]">TIM8_TRG_COM_TIM14_IRQHandler</a> from startup_stm32f446xx.o(.text) referenced from startup_stm32f446xx.o(RESET)
 <LI><a href="#[36]">TIM8_UP_TIM13_IRQHandler</a> from startup_stm32f446xx.o(.text) referenced from startup_stm32f446xx.o(RESET)
 <LI><a href="#[3e]">UART4_IRQHandler</a> from startup_stm32f446xx.o(.text) referenced from startup_stm32f446xx.o(RESET)
 <LI><a href="#[3f]">UART5_IRQHandler</a> from startup_stm32f446xx.o(.text) referenced from startup_stm32f446xx.o(RESET)
 <LI><a href="#[2f]">USART1_IRQHandler</a> from startup_stm32f446xx.o(.text) referenced from startup_stm32f446xx.o(RESET)
 <LI><a href="#[30]">USART2_IRQHandler</a> from startup_stm32f446xx.o(.text) referenced from startup_stm32f446xx.o(RESET)
 <LI><a href="#[31]">USART3_IRQHandler</a> from startup_stm32f446xx.o(.text) referenced from startup_stm32f446xx.o(RESET)
 <LI><a href="#[4f]">USART6_IRQHandler</a> from startup_stm32f446xx.o(.text) referenced from startup_stm32f446xx.o(RESET)
 <LI><a href="#[5]">UsageFault_Handler</a> from startup_stm32f446xx.o(.text) referenced from startup_stm32f446xx.o(RESET)
 <LI><a href="#[a]">WWDG_IRQHandler</a> from startup_stm32f446xx.o(.text) referenced from startup_stm32f446xx.o(RESET)
 <LI><a href="#[61]">__main</a> from __main.o(!!!main) referenced from startup_stm32f446xx.o(.text)
 <LI><a href="#[64]">etharp_output</a> from etharp.o(.text.etharp_output) referenced 2 times from ethernetif.o(.text.ethernetif_init)
 <LI><a href="#[63]">ethernet_input</a> from etharp.o(.text.ethernet_input) referenced 2 times from lwip.o(.text.LwIP_Init)
 <LI><a href="#[62]">ethernetif_init</a> from ethernetif.o(.text.ethernetif_init) referenced 2 times from lwip.o(.text.LwIP_Init)
 <LI><a href="#[66]">ipfrag_free_pbuf_custom</a> from ip_frag.o(.text.ipfrag_free_pbuf_custom) referenced 2 times from ip_frag.o(.text.ip_frag)
 <LI><a href="#[65]">low_level_output</a> from ethernetif.o(.text.low_level_output) referenced 2 times from ethernetif.o(.text.ethernetif_init)
 <LI><a href="#[6b]">tcp_connected_callback</a> from tcp_client.o(.text.tcp_connected_callback) referenced 2 times from tcp_client.o(.text.tcp_request)
 <LI><a href="#[68]">tcp_error_callback</a> from tcp_client.o(.text.tcp_error_callback) referenced 2 times from tcp_client.o(.text.tcp_request)
 <LI><a href="#[69]">tcp_receive_callback</a> from tcp_client.o(.text.tcp_receive_callback) referenced 2 times from tcp_client.o(.text.tcp_request)
 <LI><a href="#[67]">tcp_recv_null</a> from tcp.o(.text.tcp_recv_null) referenced 2 times from tcp.o(.text.tcp_alloc)
 <LI><a href="#[6a]">tcp_sent_callback</a> from tcp_client.o(.text.tcp_sent_callback) referenced 2 times from tcp_client.o(.text.tcp_request)
</UL>
<P>
<H3>
Global Symbols
</H3>
<P><STRONG><a name="[61]"></a>__main</STRONG> (Thumb, 8 bytes, Stack size 0 bytes, __main.o(!!!main))
<BR><BR>[Calls]<UL><LI><a href="#[6d]">&gt;&gt;</a>&nbsp;&nbsp;&nbsp;__rt_entry
<LI><a href="#[6c]">&gt;&gt;</a>&nbsp;&nbsp;&nbsp;__scatterload
</UL>
<BR>[Address Reference Count : 1]<UL><LI> startup_stm32f446xx.o(.text)
</UL>
<P><STRONG><a name="[6c]"></a>__scatterload</STRONG> (Thumb, 0 bytes, Stack size unknown bytes, __scatter.o(!!!scatter))
<BR><BR>[Called By]<UL><LI><a href="#[61]">&gt;&gt;</a>&nbsp;&nbsp;&nbsp;__main
</UL>

<P><STRONG><a name="[6e]"></a>__scatterload_rt2</STRONG> (Thumb, 44 bytes, Stack size unknown bytes, __scatter.o(!!!scatter), UNUSED)
<BR><BR>[Calls]<UL><LI><a href="#[6d]">&gt;&gt;</a>&nbsp;&nbsp;&nbsp;__rt_entry
</UL>

<P><STRONG><a name="[138]"></a>__scatterload_rt2_thumb_only</STRONG> (Thumb, 0 bytes, Stack size unknown bytes, __scatter.o(!!!scatter), UNUSED)

<P><STRONG><a name="[139]"></a>__scatterload_null</STRONG> (Thumb, 0 bytes, Stack size unknown bytes, __scatter.o(!!!scatter), UNUSED)

<P><STRONG><a name="[6f]"></a>__scatterload_copy</STRONG> (Thumb, 26 bytes, Stack size unknown bytes, __scatter_copy.o(!!handler_copy), UNUSED)
<BR><BR>[Calls]<UL><LI><a href="#[6f]">&gt;&gt;</a>&nbsp;&nbsp;&nbsp;__scatterload_copy
</UL>
<BR>[Called By]<UL><LI><a href="#[6f]">&gt;&gt;</a>&nbsp;&nbsp;&nbsp;__scatterload_copy
</UL>

<P><STRONG><a name="[13a]"></a>__scatterload_zeroinit</STRONG> (Thumb, 28 bytes, Stack size unknown bytes, __scatter_zi.o(!!handler_zi), UNUSED)

<P><STRONG><a name="[75]"></a>__rt_lib_init</STRONG> (Thumb, 0 bytes, Stack size unknown bytes, libinit.o(.ARM.Collect$$libinit$$00000000))
<BR><BR>[Called By]<UL><LI><a href="#[74]">&gt;&gt;</a>&nbsp;&nbsp;&nbsp;__rt_entry_li
</UL>

<P><STRONG><a name="[70]"></a>__rt_lib_init_fp_1</STRONG> (Thumb, 0 bytes, Stack size unknown bytes, libinit2.o(.ARM.Collect$$libinit$$00000001))
<BR><BR>[Calls]<UL><LI><a href="#[71]">&gt;&gt;</a>&nbsp;&nbsp;&nbsp;_fp_init
</UL>

<P><STRONG><a name="[13b]"></a>__rt_lib_init_alloca_1</STRONG> (Thumb, 0 bytes, Stack size unknown bytes, libinit2.o(.ARM.Collect$$libinit$$0000002E))

<P><STRONG><a name="[13c]"></a>__rt_lib_init_argv_1</STRONG> (Thumb, 0 bytes, Stack size unknown bytes, libinit2.o(.ARM.Collect$$libinit$$0000002C))

<P><STRONG><a name="[13d]"></a>__rt_lib_init_atexit_1</STRONG> (Thumb, 0 bytes, Stack size unknown bytes, libinit2.o(.ARM.Collect$$libinit$$0000001B))

<P><STRONG><a name="[13e]"></a>__rt_lib_init_clock_1</STRONG> (Thumb, 0 bytes, Stack size unknown bytes, libinit2.o(.ARM.Collect$$libinit$$00000021))

<P><STRONG><a name="[13f]"></a>__rt_lib_init_cpp_1</STRONG> (Thumb, 0 bytes, Stack size unknown bytes, libinit2.o(.ARM.Collect$$libinit$$00000032))

<P><STRONG><a name="[140]"></a>__rt_lib_init_exceptions_1</STRONG> (Thumb, 0 bytes, Stack size unknown bytes, libinit2.o(.ARM.Collect$$libinit$$00000030))

<P><STRONG><a name="[141]"></a>__rt_lib_init_fp_trap_1</STRONG> (Thumb, 0 bytes, Stack size unknown bytes, libinit2.o(.ARM.Collect$$libinit$$0000001F))

<P><STRONG><a name="[142]"></a>__rt_lib_init_getenv_1</STRONG> (Thumb, 0 bytes, Stack size unknown bytes, libinit2.o(.ARM.Collect$$libinit$$00000023))

<P><STRONG><a name="[143]"></a>__rt_lib_init_heap_1</STRONG> (Thumb, 0 bytes, Stack size unknown bytes, libinit2.o(.ARM.Collect$$libinit$$0000000A))

<P><STRONG><a name="[144]"></a>__rt_lib_init_lc_collate_1</STRONG> (Thumb, 0 bytes, Stack size unknown bytes, libinit2.o(.ARM.Collect$$libinit$$00000011))

<P><STRONG><a name="[145]"></a>__rt_lib_init_lc_ctype_1</STRONG> (Thumb, 0 bytes, Stack size unknown bytes, libinit2.o(.ARM.Collect$$libinit$$00000013))

<P><STRONG><a name="[146]"></a>__rt_lib_init_lc_monetary_1</STRONG> (Thumb, 0 bytes, Stack size unknown bytes, libinit2.o(.ARM.Collect$$libinit$$00000015))

<P><STRONG><a name="[147]"></a>__rt_lib_init_lc_numeric_1</STRONG> (Thumb, 0 bytes, Stack size unknown bytes, libinit2.o(.ARM.Collect$$libinit$$00000017))

<P><STRONG><a name="[148]"></a>__rt_lib_init_lc_time_1</STRONG> (Thumb, 0 bytes, Stack size unknown bytes, libinit2.o(.ARM.Collect$$libinit$$00000019))

<P><STRONG><a name="[149]"></a>__rt_lib_init_preinit_1</STRONG> (Thumb, 0 bytes, Stack size unknown bytes, libinit2.o(.ARM.Collect$$libinit$$00000004))

<P><STRONG><a name="[14a]"></a>__rt_lib_init_rand_1</STRONG> (Thumb, 0 bytes, Stack size unknown bytes, libinit2.o(.ARM.Collect$$libinit$$0000000E))

<P><STRONG><a name="[14b]"></a>__rt_lib_init_return</STRONG> (Thumb, 0 bytes, Stack size unknown bytes, libinit2.o(.ARM.Collect$$libinit$$00000033))

<P><STRONG><a name="[14c]"></a>__rt_lib_init_signal_1</STRONG> (Thumb, 0 bytes, Stack size unknown bytes, libinit2.o(.ARM.Collect$$libinit$$0000001D))

<P><STRONG><a name="[14d]"></a>__rt_lib_init_stdio_1</STRONG> (Thumb, 0 bytes, Stack size unknown bytes, libinit2.o(.ARM.Collect$$libinit$$00000025))

<P><STRONG><a name="[14e]"></a>__rt_lib_init_user_alloc_1</STRONG> (Thumb, 0 bytes, Stack size unknown bytes, libinit2.o(.ARM.Collect$$libinit$$0000000C))

<P><STRONG><a name="[7a]"></a>__rt_lib_shutdown</STRONG> (Thumb, 0 bytes, Stack size unknown bytes, libshutdown.o(.ARM.Collect$$libshutdown$$00000000))
<BR><BR>[Called By]<UL><LI><a href="#[79]">&gt;&gt;</a>&nbsp;&nbsp;&nbsp;__rt_exit_ls
</UL>

<P><STRONG><a name="[14f]"></a>__rt_lib_shutdown_cpp_1</STRONG> (Thumb, 0 bytes, Stack size unknown bytes, libshutdown2.o(.ARM.Collect$$libshutdown$$00000002))

<P><STRONG><a name="[150]"></a>__rt_lib_shutdown_fp_trap_1</STRONG> (Thumb, 0 bytes, Stack size unknown bytes, libshutdown2.o(.ARM.Collect$$libshutdown$$00000007))

<P><STRONG><a name="[151]"></a>__rt_lib_shutdown_heap_1</STRONG> (Thumb, 0 bytes, Stack size unknown bytes, libshutdown2.o(.ARM.Collect$$libshutdown$$0000000F))

<P><STRONG><a name="[152]"></a>__rt_lib_shutdown_return</STRONG> (Thumb, 0 bytes, Stack size unknown bytes, libshutdown2.o(.ARM.Collect$$libshutdown$$00000010))

<P><STRONG><a name="[153]"></a>__rt_lib_shutdown_signal_1</STRONG> (Thumb, 0 bytes, Stack size unknown bytes, libshutdown2.o(.ARM.Collect$$libshutdown$$0000000A))

<P><STRONG><a name="[154]"></a>__rt_lib_shutdown_stdio_1</STRONG> (Thumb, 0 bytes, Stack size unknown bytes, libshutdown2.o(.ARM.Collect$$libshutdown$$00000004))

<P><STRONG><a name="[155]"></a>__rt_lib_shutdown_user_alloc_1</STRONG> (Thumb, 0 bytes, Stack size unknown bytes, libshutdown2.o(.ARM.Collect$$libshutdown$$0000000C))

<P><STRONG><a name="[6d]"></a>__rt_entry</STRONG> (Thumb, 0 bytes, Stack size unknown bytes, __rtentry.o(.ARM.Collect$$rtentry$$00000000))
<BR><BR>[Called By]<UL><LI><a href="#[61]">&gt;&gt;</a>&nbsp;&nbsp;&nbsp;__main
<LI><a href="#[6e]">&gt;&gt;</a>&nbsp;&nbsp;&nbsp;__scatterload_rt2
</UL>

<P><STRONG><a name="[156]"></a>__rt_entry_presh_1</STRONG> (Thumb, 0 bytes, Stack size unknown bytes, __rtentry2.o(.ARM.Collect$$rtentry$$00000002))

<P><STRONG><a name="[72]"></a>__rt_entry_sh</STRONG> (Thumb, 0 bytes, Stack size unknown bytes, __rtentry4.o(.ARM.Collect$$rtentry$$00000004))
<BR><BR>[Stack]<UL><LI>Max Depth = 8 + Unknown Stack Size
<LI>Call Chain = __rt_entry_sh &rArr; __user_setup_stackheap
</UL>
<BR>[Calls]<UL><LI><a href="#[73]">&gt;&gt;</a>&nbsp;&nbsp;&nbsp;__user_setup_stackheap
</UL>

<P><STRONG><a name="[74]"></a>__rt_entry_li</STRONG> (Thumb, 0 bytes, Stack size unknown bytes, __rtentry2.o(.ARM.Collect$$rtentry$$0000000A))
<BR><BR>[Calls]<UL><LI><a href="#[75]">&gt;&gt;</a>&nbsp;&nbsp;&nbsp;__rt_lib_init
</UL>

<P><STRONG><a name="[157]"></a>__rt_entry_postsh_1</STRONG> (Thumb, 0 bytes, Stack size unknown bytes, __rtentry2.o(.ARM.Collect$$rtentry$$00000009))

<P><STRONG><a name="[76]"></a>__rt_entry_main</STRONG> (Thumb, 0 bytes, Stack size unknown bytes, __rtentry2.o(.ARM.Collect$$rtentry$$0000000D))
<BR><BR>[Stack]<UL><LI>Max Depth = 448 + Unknown Stack Size
<LI>Call Chain = __rt_entry_main &rArr; main &rArr; LwIP_Init &rArr; netif_add &rArr; netif_set_addr &rArr; netif_set_ipaddr &rArr; tcp_abort &rArr; tcp_abandon &rArr; tcp_pcb_remove &rArr; tcp_output &rArr; tcp_output_segment &rArr; ip_output &rArr; ip_output_if &rArr; ip_frag &rArr; pbuf_alloc &rArr; pbuf_free &rArr; mem_free &rArr; plug_holes
</UL>
<BR>[Calls]<UL><LI><a href="#[77]">&gt;&gt;</a>&nbsp;&nbsp;&nbsp;main
<LI><a href="#[78]">&gt;&gt;</a>&nbsp;&nbsp;&nbsp;exit
</UL>

<P><STRONG><a name="[158]"></a>__rt_entry_postli_1</STRONG> (Thumb, 0 bytes, Stack size unknown bytes, __rtentry2.o(.ARM.Collect$$rtentry$$0000000C))

<P><STRONG><a name="[85]"></a>__rt_exit</STRONG> (Thumb, 0 bytes, Stack size unknown bytes, rtexit.o(.ARM.Collect$$rtexit$$00000000))
<BR><BR>[Called By]<UL><LI><a href="#[78]">&gt;&gt;</a>&nbsp;&nbsp;&nbsp;exit
</UL>

<P><STRONG><a name="[79]"></a>__rt_exit_ls</STRONG> (Thumb, 0 bytes, Stack size unknown bytes, rtexit2.o(.ARM.Collect$$rtexit$$00000003))
<BR><BR>[Calls]<UL><LI><a href="#[7a]">&gt;&gt;</a>&nbsp;&nbsp;&nbsp;__rt_lib_shutdown
</UL>

<P><STRONG><a name="[159]"></a>__rt_exit_prels_1</STRONG> (Thumb, 0 bytes, Stack size unknown bytes, rtexit2.o(.ARM.Collect$$rtexit$$00000002))

<P><STRONG><a name="[7b]"></a>__rt_exit_exit</STRONG> (Thumb, 0 bytes, Stack size unknown bytes, rtexit2.o(.ARM.Collect$$rtexit$$00000004))
<BR><BR>[Calls]<UL><LI><a href="#[7c]">&gt;&gt;</a>&nbsp;&nbsp;&nbsp;_sys_exit
</UL>

<P><STRONG><a name="[0]"></a>Reset_Handler</STRONG> (Thumb, 8 bytes, Stack size 0 bytes, startup_stm32f446xx.o(.text))
<BR>[Address Reference Count : 1]<UL><LI> startup_stm32f446xx.o(RESET)
</UL>
<P><STRONG><a name="[1]"></a>NMI_Handler</STRONG> (Thumb, 2 bytes, Stack size 0 bytes, startup_stm32f446xx.o(.text))
<BR><BR>[Calls]<UL><LI><a href="#[1]">&gt;&gt;</a>&nbsp;&nbsp;&nbsp;NMI_Handler
</UL>
<BR>[Called By]<UL><LI><a href="#[1]">&gt;&gt;</a>&nbsp;&nbsp;&nbsp;NMI_Handler
</UL>
<BR>[Address Reference Count : 1]<UL><LI> startup_stm32f446xx.o(RESET)
</UL>
<P><STRONG><a name="[2]"></a>HardFault_Handler</STRONG> (Thumb, 2 bytes, Stack size 0 bytes, startup_stm32f446xx.o(.text))
<BR><BR>[Calls]<UL><LI><a href="#[2]">&gt;&gt;</a>&nbsp;&nbsp;&nbsp;HardFault_Handler
</UL>
<BR>[Called By]<UL><LI><a href="#[2]">&gt;&gt;</a>&nbsp;&nbsp;&nbsp;HardFault_Handler
</UL>
<BR>[Address Reference Count : 1]<UL><LI> startup_stm32f446xx.o(RESET)
</UL>
<P><STRONG><a name="[3]"></a>MemManage_Handler</STRONG> (Thumb, 2 bytes, Stack size 0 bytes, startup_stm32f446xx.o(.text))
<BR><BR>[Calls]<UL><LI><a href="#[3]">&gt;&gt;</a>&nbsp;&nbsp;&nbsp;MemManage_Handler
</UL>
<BR>[Called By]<UL><LI><a href="#[3]">&gt;&gt;</a>&nbsp;&nbsp;&nbsp;MemManage_Handler
</UL>
<BR>[Address Reference Count : 1]<UL><LI> startup_stm32f446xx.o(RESET)
</UL>
<P><STRONG><a name="[4]"></a>BusFault_Handler</STRONG> (Thumb, 2 bytes, Stack size 0 bytes, startup_stm32f446xx.o(.text))
<BR><BR>[Calls]<UL><LI><a href="#[4]">&gt;&gt;</a>&nbsp;&nbsp;&nbsp;BusFault_Handler
</UL>
<BR>[Called By]<UL><LI><a href="#[4]">&gt;&gt;</a>&nbsp;&nbsp;&nbsp;BusFault_Handler
</UL>
<BR>[Address Reference Count : 1]<UL><LI> startup_stm32f446xx.o(RESET)
</UL>
<P><STRONG><a name="[5]"></a>UsageFault_Handler</STRONG> (Thumb, 2 bytes, Stack size 0 bytes, startup_stm32f446xx.o(.text))
<BR><BR>[Calls]<UL><LI><a href="#[5]">&gt;&gt;</a>&nbsp;&nbsp;&nbsp;UsageFault_Handler
</UL>
<BR>[Called By]<UL><LI><a href="#[5]">&gt;&gt;</a>&nbsp;&nbsp;&nbsp;UsageFault_Handler
</UL>
<BR>[Address Reference Count : 1]<UL><LI> startup_stm32f446xx.o(RESET)
</UL>
<P><STRONG><a name="[6]"></a>SVC_Handler</STRONG> (Thumb, 2 bytes, Stack size 0 bytes, startup_stm32f446xx.o(.text))
<BR><BR>[Calls]<UL><LI><a href="#[6]">&gt;&gt;</a>&nbsp;&nbsp;&nbsp;SVC_Handler
</UL>
<BR>[Called By]<UL><LI><a href="#[6]">&gt;&gt;</a>&nbsp;&nbsp;&nbsp;SVC_Handler
</UL>
<BR>[Address Reference Count : 1]<UL><LI> startup_stm32f446xx.o(RESET)
</UL>
<P><STRONG><a name="[7]"></a>DebugMon_Handler</STRONG> (Thumb, 2 bytes, Stack size 0 bytes, startup_stm32f446xx.o(.text))
<BR><BR>[Calls]<UL><LI><a href="#[7]">&gt;&gt;</a>&nbsp;&nbsp;&nbsp;DebugMon_Handler
</UL>
<BR>[Called By]<UL><LI><a href="#[7]">&gt;&gt;</a>&nbsp;&nbsp;&nbsp;DebugMon_Handler
</UL>
<BR>[Address Reference Count : 1]<UL><LI> startup_stm32f446xx.o(RESET)
</UL>
<P><STRONG><a name="[8]"></a>PendSV_Handler</STRONG> (Thumb, 2 bytes, Stack size 0 bytes, startup_stm32f446xx.o(.text))
<BR><BR>[Calls]<UL><LI><a href="#[8]">&gt;&gt;</a>&nbsp;&nbsp;&nbsp;PendSV_Handler
</UL>
<BR>[Called By]<UL><LI><a href="#[8]">&gt;&gt;</a>&nbsp;&nbsp;&nbsp;PendSV_Handler
</UL>
<BR>[Address Reference Count : 1]<UL><LI> startup_stm32f446xx.o(RESET)
</UL>
<P><STRONG><a name="[1c]"></a>ADC_IRQHandler</STRONG> (Thumb, 0 bytes, Stack size 0 bytes, startup_stm32f446xx.o(.text))
<BR><BR>[Calls]<UL><LI><a href="#[1c]">&gt;&gt;</a>&nbsp;&nbsp;&nbsp;ADC_IRQHandler
</UL>
<BR>[Called By]<UL><LI><a href="#[1c]">&gt;&gt;</a>&nbsp;&nbsp;&nbsp;ADC_IRQHandler
</UL>
<BR>[Address Reference Count : 1]<UL><LI> startup_stm32f446xx.o(RESET)
</UL>
<P><STRONG><a name="[1e]"></a>CAN1_RX0_IRQHandler</STRONG> (Thumb, 0 bytes, Stack size 0 bytes, startup_stm32f446xx.o(.text))
<BR>[Address Reference Count : 1]<UL><LI> startup_stm32f446xx.o(RESET)
</UL>
<P><STRONG><a name="[1f]"></a>CAN1_RX1_IRQHandler</STRONG> (Thumb, 0 bytes, Stack size 0 bytes, startup_stm32f446xx.o(.text))
<BR>[Address Reference Count : 1]<UL><LI> startup_stm32f446xx.o(RESET)
</UL>
<P><STRONG><a name="[20]"></a>CAN1_SCE_IRQHandler</STRONG> (Thumb, 0 bytes, Stack size 0 bytes, startup_stm32f446xx.o(.text))
<BR>[Address Reference Count : 1]<UL><LI> startup_stm32f446xx.o(RESET)
</UL>
<P><STRONG><a name="[1d]"></a>CAN1_TX_IRQHandler</STRONG> (Thumb, 0 bytes, Stack size 0 bytes, startup_stm32f446xx.o(.text))
<BR>[Address Reference Count : 1]<UL><LI> startup_stm32f446xx.o(RESET)
</UL>
<P><STRONG><a name="[48]"></a>CAN2_RX0_IRQHandler</STRONG> (Thumb, 0 bytes, Stack size 0 bytes, startup_stm32f446xx.o(.text))
<BR>[Address Reference Count : 1]<UL><LI> startup_stm32f446xx.o(RESET)
</UL>
<P><STRONG><a name="[49]"></a>CAN2_RX1_IRQHandler</STRONG> (Thumb, 0 bytes, Stack size 0 bytes, startup_stm32f446xx.o(.text))
<BR>[Address Reference Count : 1]<UL><LI> startup_stm32f446xx.o(RESET)
</UL>
<P><STRONG><a name="[4a]"></a>CAN2_SCE_IRQHandler</STRONG> (Thumb, 0 bytes, Stack size 0 bytes, startup_stm32f446xx.o(.text))
<BR>[Address Reference Count : 1]<UL><LI> startup_stm32f446xx.o(RESET)
</UL>
<P><STRONG><a name="[47]"></a>CAN2_TX_IRQHandler</STRONG> (Thumb, 0 bytes, Stack size 0 bytes, startup_stm32f446xx.o(.text))
<BR>[Address Reference Count : 1]<UL><LI> startup_stm32f446xx.o(RESET)
</UL>
<P><STRONG><a name="[5c]"></a>CEC_IRQHandler</STRONG> (Thumb, 0 bytes, Stack size 0 bytes, startup_stm32f446xx.o(.text))
<BR>[Address Reference Count : 1]<UL><LI> startup_stm32f446xx.o(RESET)
</UL>
<P><STRONG><a name="[56]"></a>DCMI_IRQHandler</STRONG> (Thumb, 0 bytes, Stack size 0 bytes, startup_stm32f446xx.o(.text))
<BR>[Address Reference Count : 1]<UL><LI> startup_stm32f446xx.o(RESET)
</UL>
<P><STRONG><a name="[15]"></a>DMA1_Stream0_IRQHandler</STRONG> (Thumb, 0 bytes, Stack size 0 bytes, startup_stm32f446xx.o(.text))
<BR>[Address Reference Count : 1]<UL><LI> startup_stm32f446xx.o(RESET)
</UL>
<P><STRONG><a name="[16]"></a>DMA1_Stream1_IRQHandler</STRONG> (Thumb, 0 bytes, Stack size 0 bytes, startup_stm32f446xx.o(.text))
<BR>[Address Reference Count : 1]<UL><LI> startup_stm32f446xx.o(RESET)
</UL>
<P><STRONG><a name="[17]"></a>DMA1_Stream2_IRQHandler</STRONG> (Thumb, 0 bytes, Stack size 0 bytes, startup_stm32f446xx.o(.text))
<BR>[Address Reference Count : 1]<UL><LI> startup_stm32f446xx.o(RESET)
</UL>
<P><STRONG><a name="[18]"></a>DMA1_Stream3_IRQHandler</STRONG> (Thumb, 0 bytes, Stack size 0 bytes, startup_stm32f446xx.o(.text))
<BR>[Address Reference Count : 1]<UL><LI> startup_stm32f446xx.o(RESET)
</UL>
<P><STRONG><a name="[19]"></a>DMA1_Stream4_IRQHandler</STRONG> (Thumb, 0 bytes, Stack size 0 bytes, startup_stm32f446xx.o(.text))
<BR>[Address Reference Count : 1]<UL><LI> startup_stm32f446xx.o(RESET)
</UL>
<P><STRONG><a name="[1a]"></a>DMA1_Stream5_IRQHandler</STRONG> (Thumb, 0 bytes, Stack size 0 bytes, startup_stm32f446xx.o(.text))
<BR>[Address Reference Count : 1]<UL><LI> startup_stm32f446xx.o(RESET)
</UL>
<P><STRONG><a name="[1b]"></a>DMA1_Stream6_IRQHandler</STRONG> (Thumb, 0 bytes, Stack size 0 bytes, startup_stm32f446xx.o(.text))
<BR>[Address Reference Count : 1]<UL><LI> startup_stm32f446xx.o(RESET)
</UL>
<P><STRONG><a name="[39]"></a>DMA1_Stream7_IRQHandler</STRONG> (Thumb, 0 bytes, Stack size 0 bytes, startup_stm32f446xx.o(.text))
<BR>[Address Reference Count : 1]<UL><LI> startup_stm32f446xx.o(RESET)
</UL>
<P><STRONG><a name="[42]"></a>DMA2_Stream0_IRQHandler</STRONG> (Thumb, 0 bytes, Stack size 0 bytes, startup_stm32f446xx.o(.text))
<BR>[Address Reference Count : 1]<UL><LI> startup_stm32f446xx.o(RESET)
</UL>
<P><STRONG><a name="[43]"></a>DMA2_Stream1_IRQHandler</STRONG> (Thumb, 0 bytes, Stack size 0 bytes, startup_stm32f446xx.o(.text))
<BR>[Address Reference Count : 1]<UL><LI> startup_stm32f446xx.o(RESET)
</UL>
<P><STRONG><a name="[44]"></a>DMA2_Stream2_IRQHandler</STRONG> (Thumb, 0 bytes, Stack size 0 bytes, startup_stm32f446xx.o(.text))
<BR>[Address Reference Count : 1]<UL><LI> startup_stm32f446xx.o(RESET)
</UL>
<P><STRONG><a name="[45]"></a>DMA2_Stream3_IRQHandler</STRONG> (Thumb, 0 bytes, Stack size 0 bytes, startup_stm32f446xx.o(.text))
<BR>[Address Reference Count : 1]<UL><LI> startup_stm32f446xx.o(RESET)
</UL>
<P><STRONG><a name="[46]"></a>DMA2_Stream4_IRQHandler</STRONG> (Thumb, 0 bytes, Stack size 0 bytes, startup_stm32f446xx.o(.text))
<BR>[Address Reference Count : 1]<UL><LI> startup_stm32f446xx.o(RESET)
</UL>
<P><STRONG><a name="[4c]"></a>DMA2_Stream5_IRQHandler</STRONG> (Thumb, 0 bytes, Stack size 0 bytes, startup_stm32f446xx.o(.text))
<BR>[Address Reference Count : 1]<UL><LI> startup_stm32f446xx.o(RESET)
</UL>
<P><STRONG><a name="[4d]"></a>DMA2_Stream6_IRQHandler</STRONG> (Thumb, 0 bytes, Stack size 0 bytes, startup_stm32f446xx.o(.text))
<BR>[Address Reference Count : 1]<UL><LI> startup_stm32f446xx.o(RESET)
</UL>
<P><STRONG><a name="[4e]"></a>DMA2_Stream7_IRQHandler</STRONG> (Thumb, 0 bytes, Stack size 0 bytes, startup_stm32f446xx.o(.text))
<BR>[Address Reference Count : 1]<UL><LI> startup_stm32f446xx.o(RESET)
</UL>
<P><STRONG><a name="[10]"></a>EXTI0_IRQHandler</STRONG> (Thumb, 0 bytes, Stack size 0 bytes, startup_stm32f446xx.o(.text))
<BR>[Address Reference Count : 1]<UL><LI> startup_stm32f446xx.o(RESET)
</UL>
<P><STRONG><a name="[32]"></a>EXTI15_10_IRQHandler</STRONG> (Thumb, 0 bytes, Stack size 0 bytes, startup_stm32f446xx.o(.text))
<BR>[Address Reference Count : 1]<UL><LI> startup_stm32f446xx.o(RESET)
</UL>
<P><STRONG><a name="[11]"></a>EXTI1_IRQHandler</STRONG> (Thumb, 0 bytes, Stack size 0 bytes, startup_stm32f446xx.o(.text))
<BR>[Address Reference Count : 1]<UL><LI> startup_stm32f446xx.o(RESET)
</UL>
<P><STRONG><a name="[12]"></a>EXTI2_IRQHandler</STRONG> (Thumb, 0 bytes, Stack size 0 bytes, startup_stm32f446xx.o(.text))
<BR>[Address Reference Count : 1]<UL><LI> startup_stm32f446xx.o(RESET)
</UL>
<P><STRONG><a name="[13]"></a>EXTI3_IRQHandler</STRONG> (Thumb, 0 bytes, Stack size 0 bytes, startup_stm32f446xx.o(.text))
<BR>[Address Reference Count : 1]<UL><LI> startup_stm32f446xx.o(RESET)
</UL>
<P><STRONG><a name="[14]"></a>EXTI4_IRQHandler</STRONG> (Thumb, 0 bytes, Stack size 0 bytes, startup_stm32f446xx.o(.text))
<BR>[Address Reference Count : 1]<UL><LI> startup_stm32f446xx.o(RESET)
</UL>
<P><STRONG><a name="[21]"></a>EXTI9_5_IRQHandler</STRONG> (Thumb, 0 bytes, Stack size 0 bytes, startup_stm32f446xx.o(.text))
<BR>[Address Reference Count : 1]<UL><LI> startup_stm32f446xx.o(RESET)
</UL>
<P><STRONG><a name="[e]"></a>FLASH_IRQHandler</STRONG> (Thumb, 0 bytes, Stack size 0 bytes, startup_stm32f446xx.o(.text))
<BR>[Address Reference Count : 1]<UL><LI> startup_stm32f446xx.o(RESET)
</UL>
<P><STRONG><a name="[3a]"></a>FMC_IRQHandler</STRONG> (Thumb, 0 bytes, Stack size 0 bytes, startup_stm32f446xx.o(.text))
<BR>[Address Reference Count : 1]<UL><LI> startup_stm32f446xx.o(RESET)
</UL>
<P><STRONG><a name="[5f]"></a>FMPI2C1_ER_IRQHandler</STRONG> (Thumb, 0 bytes, Stack size 0 bytes, startup_stm32f446xx.o(.text))
<BR>[Address Reference Count : 1]<UL><LI> startup_stm32f446xx.o(RESET)
</UL>
<P><STRONG><a name="[5e]"></a>FMPI2C1_EV_IRQHandler</STRONG> (Thumb, 0 bytes, Stack size 0 bytes, startup_stm32f446xx.o(.text))
<BR>[Address Reference Count : 1]<UL><LI> startup_stm32f446xx.o(RESET)
</UL>
<P><STRONG><a name="[57]"></a>FPU_IRQHandler</STRONG> (Thumb, 0 bytes, Stack size 0 bytes, startup_stm32f446xx.o(.text))
<BR>[Address Reference Count : 1]<UL><LI> startup_stm32f446xx.o(RESET)
</UL>
<P><STRONG><a name="[2a]"></a>I2C1_ER_IRQHandler</STRONG> (Thumb, 0 bytes, Stack size 0 bytes, startup_stm32f446xx.o(.text))
<BR>[Address Reference Count : 1]<UL><LI> startup_stm32f446xx.o(RESET)
</UL>
<P><STRONG><a name="[29]"></a>I2C1_EV_IRQHandler</STRONG> (Thumb, 0 bytes, Stack size 0 bytes, startup_stm32f446xx.o(.text))
<BR>[Address Reference Count : 1]<UL><LI> startup_stm32f446xx.o(RESET)
</UL>
<P><STRONG><a name="[2c]"></a>I2C2_ER_IRQHandler</STRONG> (Thumb, 0 bytes, Stack size 0 bytes, startup_stm32f446xx.o(.text))
<BR>[Address Reference Count : 1]<UL><LI> startup_stm32f446xx.o(RESET)
</UL>
<P><STRONG><a name="[2b]"></a>I2C2_EV_IRQHandler</STRONG> (Thumb, 0 bytes, Stack size 0 bytes, startup_stm32f446xx.o(.text))
<BR>[Address Reference Count : 1]<UL><LI> startup_stm32f446xx.o(RESET)
</UL>
<P><STRONG><a name="[51]"></a>I2C3_ER_IRQHandler</STRONG> (Thumb, 0 bytes, Stack size 0 bytes, startup_stm32f446xx.o(.text))
<BR>[Address Reference Count : 1]<UL><LI> startup_stm32f446xx.o(RESET)
</UL>
<P><STRONG><a name="[50]"></a>I2C3_EV_IRQHandler</STRONG> (Thumb, 0 bytes, Stack size 0 bytes, startup_stm32f446xx.o(.text))
<BR>[Address Reference Count : 1]<UL><LI> startup_stm32f446xx.o(RESET)
</UL>
<P><STRONG><a name="[4b]"></a>OTG_FS_IRQHandler</STRONG> (Thumb, 0 bytes, Stack size 0 bytes, startup_stm32f446xx.o(.text))
<BR>[Address Reference Count : 1]<UL><LI> startup_stm32f446xx.o(RESET)
</UL>
<P><STRONG><a name="[34]"></a>OTG_FS_WKUP_IRQHandler</STRONG> (Thumb, 0 bytes, Stack size 0 bytes, startup_stm32f446xx.o(.text))
<BR>[Address Reference Count : 1]<UL><LI> startup_stm32f446xx.o(RESET)
</UL>
<P><STRONG><a name="[53]"></a>OTG_HS_EP1_IN_IRQHandler</STRONG> (Thumb, 0 bytes, Stack size 0 bytes, startup_stm32f446xx.o(.text))
<BR>[Address Reference Count : 1]<UL><LI> startup_stm32f446xx.o(RESET)
</UL>
<P><STRONG><a name="[52]"></a>OTG_HS_EP1_OUT_IRQHandler</STRONG> (Thumb, 0 bytes, Stack size 0 bytes, startup_stm32f446xx.o(.text))
<BR>[Address Reference Count : 1]<UL><LI> startup_stm32f446xx.o(RESET)
</UL>
<P><STRONG><a name="[55]"></a>OTG_HS_IRQHandler</STRONG> (Thumb, 0 bytes, Stack size 0 bytes, startup_stm32f446xx.o(.text))
<BR>[Address Reference Count : 1]<UL><LI> startup_stm32f446xx.o(RESET)
</UL>
<P><STRONG><a name="[54]"></a>OTG_HS_WKUP_IRQHandler</STRONG> (Thumb, 0 bytes, Stack size 0 bytes, startup_stm32f446xx.o(.text))
<BR>[Address Reference Count : 1]<UL><LI> startup_stm32f446xx.o(RESET)
</UL>
<P><STRONG><a name="[b]"></a>PVD_IRQHandler</STRONG> (Thumb, 0 bytes, Stack size 0 bytes, startup_stm32f446xx.o(.text))
<BR>[Address Reference Count : 1]<UL><LI> startup_stm32f446xx.o(RESET)
</UL>
<P><STRONG><a name="[5b]"></a>QUADSPI_IRQHandler</STRONG> (Thumb, 0 bytes, Stack size 0 bytes, startup_stm32f446xx.o(.text))
<BR>[Address Reference Count : 1]<UL><LI> startup_stm32f446xx.o(RESET)
</UL>
<P><STRONG><a name="[f]"></a>RCC_IRQHandler</STRONG> (Thumb, 0 bytes, Stack size 0 bytes, startup_stm32f446xx.o(.text))
<BR>[Address Reference Count : 1]<UL><LI> startup_stm32f446xx.o(RESET)
</UL>
<P><STRONG><a name="[33]"></a>RTC_Alarm_IRQHandler</STRONG> (Thumb, 0 bytes, Stack size 0 bytes, startup_stm32f446xx.o(.text))
<BR>[Address Reference Count : 1]<UL><LI> startup_stm32f446xx.o(RESET)
</UL>
<P><STRONG><a name="[d]"></a>RTC_WKUP_IRQHandler</STRONG> (Thumb, 0 bytes, Stack size 0 bytes, startup_stm32f446xx.o(.text))
<BR>[Address Reference Count : 1]<UL><LI> startup_stm32f446xx.o(RESET)
</UL>
<P><STRONG><a name="[59]"></a>SAI1_IRQHandler</STRONG> (Thumb, 0 bytes, Stack size 0 bytes, startup_stm32f446xx.o(.text))
<BR>[Address Reference Count : 1]<UL><LI> startup_stm32f446xx.o(RESET)
</UL>
<P><STRONG><a name="[5a]"></a>SAI2_IRQHandler</STRONG> (Thumb, 0 bytes, Stack size 0 bytes, startup_stm32f446xx.o(.text))
<BR>[Address Reference Count : 1]<UL><LI> startup_stm32f446xx.o(RESET)
</UL>
<P><STRONG><a name="[3b]"></a>SDIO_IRQHandler</STRONG> (Thumb, 0 bytes, Stack size 0 bytes, startup_stm32f446xx.o(.text))
<BR>[Address Reference Count : 1]<UL><LI> startup_stm32f446xx.o(RESET)
</UL>
<P><STRONG><a name="[5d]"></a>SPDIF_RX_IRQHandler</STRONG> (Thumb, 0 bytes, Stack size 0 bytes, startup_stm32f446xx.o(.text))
<BR>[Address Reference Count : 1]<UL><LI> startup_stm32f446xx.o(RESET)
</UL>
<P><STRONG><a name="[2d]"></a>SPI1_IRQHandler</STRONG> (Thumb, 0 bytes, Stack size 0 bytes, startup_stm32f446xx.o(.text))
<BR>[Address Reference Count : 1]<UL><LI> startup_stm32f446xx.o(RESET)
</UL>
<P><STRONG><a name="[2e]"></a>SPI2_IRQHandler</STRONG> (Thumb, 0 bytes, Stack size 0 bytes, startup_stm32f446xx.o(.text))
<BR>[Address Reference Count : 1]<UL><LI> startup_stm32f446xx.o(RESET)
</UL>
<P><STRONG><a name="[3d]"></a>SPI3_IRQHandler</STRONG> (Thumb, 0 bytes, Stack size 0 bytes, startup_stm32f446xx.o(.text))
<BR>[Address Reference Count : 1]<UL><LI> startup_stm32f446xx.o(RESET)
</UL>
<P><STRONG><a name="[58]"></a>SPI4_IRQHandler</STRONG> (Thumb, 0 bytes, Stack size 0 bytes, startup_stm32f446xx.o(.text))
<BR>[Address Reference Count : 1]<UL><LI> startup_stm32f446xx.o(RESET)
</UL>
<P><STRONG><a name="[c]"></a>TAMP_STAMP_IRQHandler</STRONG> (Thumb, 0 bytes, Stack size 0 bytes, startup_stm32f446xx.o(.text))
<BR>[Address Reference Count : 1]<UL><LI> startup_stm32f446xx.o(RESET)
</UL>
<P><STRONG><a name="[22]"></a>TIM1_BRK_TIM9_IRQHandler</STRONG> (Thumb, 0 bytes, Stack size 0 bytes, startup_stm32f446xx.o(.text))
<BR>[Address Reference Count : 1]<UL><LI> startup_stm32f446xx.o(RESET)
</UL>
<P><STRONG><a name="[25]"></a>TIM1_CC_IRQHandler</STRONG> (Thumb, 0 bytes, Stack size 0 bytes, startup_stm32f446xx.o(.text))
<BR>[Address Reference Count : 1]<UL><LI> startup_stm32f446xx.o(RESET)
</UL>
<P><STRONG><a name="[24]"></a>TIM1_TRG_COM_TIM11_IRQHandler</STRONG> (Thumb, 0 bytes, Stack size 0 bytes, startup_stm32f446xx.o(.text))
<BR>[Address Reference Count : 1]<UL><LI> startup_stm32f446xx.o(RESET)
</UL>
<P><STRONG><a name="[23]"></a>TIM1_UP_TIM10_IRQHandler</STRONG> (Thumb, 0 bytes, Stack size 0 bytes, startup_stm32f446xx.o(.text))
<BR>[Address Reference Count : 1]<UL><LI> startup_stm32f446xx.o(RESET)
</UL>
<P><STRONG><a name="[26]"></a>TIM2_IRQHandler</STRONG> (Thumb, 0 bytes, Stack size 0 bytes, startup_stm32f446xx.o(.text))
<BR>[Address Reference Count : 1]<UL><LI> startup_stm32f446xx.o(RESET)
</UL>
<P><STRONG><a name="[27]"></a>TIM3_IRQHandler</STRONG> (Thumb, 0 bytes, Stack size 0 bytes, startup_stm32f446xx.o(.text))
<BR>[Address Reference Count : 1]<UL><LI> startup_stm32f446xx.o(RESET)
</UL>
<P><STRONG><a name="[28]"></a>TIM4_IRQHandler</STRONG> (Thumb, 0 bytes, Stack size 0 bytes, startup_stm32f446xx.o(.text))
<BR>[Address Reference Count : 1]<UL><LI> startup_stm32f446xx.o(RESET)
</UL>
<P><STRONG><a name="[3c]"></a>TIM5_IRQHandler</STRONG> (Thumb, 0 bytes, Stack size 0 bytes, startup_stm32f446xx.o(.text))
<BR>[Address Reference Count : 1]<UL><LI> startup_stm32f446xx.o(RESET)
</UL>
<P><STRONG><a name="[40]"></a>TIM6_DAC_IRQHandler</STRONG> (Thumb, 0 bytes, Stack size 0 bytes, startup_stm32f446xx.o(.text))
<BR>[Address Reference Count : 1]<UL><LI> startup_stm32f446xx.o(RESET)
</UL>
<P><STRONG><a name="[41]"></a>TIM7_IRQHandler</STRONG> (Thumb, 0 bytes, Stack size 0 bytes, startup_stm32f446xx.o(.text))
<BR>[Address Reference Count : 1]<UL><LI> startup_stm32f446xx.o(RESET)
</UL>
<P><STRONG><a name="[35]"></a>TIM8_BRK_TIM12_IRQHandler</STRONG> (Thumb, 0 bytes, Stack size 0 bytes, startup_stm32f446xx.o(.text))
<BR>[Address Reference Count : 1]<UL><LI> startup_stm32f446xx.o(RESET)
</UL>
<P><STRONG><a name="[38]"></a>TIM8_CC_IRQHandler</STRONG> (Thumb, 0 bytes, Stack size 0 bytes, startup_stm32f446xx.o(.text))
<BR>[Address Reference Count : 1]<UL><LI> startup_stm32f446xx.o(RESET)
</UL>
<P><STRONG><a name="[37]"></a>TIM8_TRG_COM_TIM14_IRQHandler</STRONG> (Thumb, 0 bytes, Stack size 0 bytes, startup_stm32f446xx.o(.text))
<BR>[Address Reference Count : 1]<UL><LI> startup_stm32f446xx.o(RESET)
</UL>
<P><STRONG><a name="[36]"></a>TIM8_UP_TIM13_IRQHandler</STRONG> (Thumb, 0 bytes, Stack size 0 bytes, startup_stm32f446xx.o(.text))
<BR>[Address Reference Count : 1]<UL><LI> startup_stm32f446xx.o(RESET)
</UL>
<P><STRONG><a name="[3e]"></a>UART4_IRQHandler</STRONG> (Thumb, 0 bytes, Stack size 0 bytes, startup_stm32f446xx.o(.text))
<BR>[Address Reference Count : 1]<UL><LI> startup_stm32f446xx.o(RESET)
</UL>
<P><STRONG><a name="[3f]"></a>UART5_IRQHandler</STRONG> (Thumb, 0 bytes, Stack size 0 bytes, startup_stm32f446xx.o(.text))
<BR>[Address Reference Count : 1]<UL><LI> startup_stm32f446xx.o(RESET)
</UL>
<P><STRONG><a name="[2f]"></a>USART1_IRQHandler</STRONG> (Thumb, 0 bytes, Stack size 0 bytes, startup_stm32f446xx.o(.text))
<BR>[Address Reference Count : 1]<UL><LI> startup_stm32f446xx.o(RESET)
</UL>
<P><STRONG><a name="[30]"></a>USART2_IRQHandler</STRONG> (Thumb, 0 bytes, Stack size 0 bytes, startup_stm32f446xx.o(.text))
<BR>[Address Reference Count : 1]<UL><LI> startup_stm32f446xx.o(RESET)
</UL>
<P><STRONG><a name="[31]"></a>USART3_IRQHandler</STRONG> (Thumb, 0 bytes, Stack size 0 bytes, startup_stm32f446xx.o(.text))
<BR>[Address Reference Count : 1]<UL><LI> startup_stm32f446xx.o(RESET)
</UL>
<P><STRONG><a name="[4f]"></a>USART6_IRQHandler</STRONG> (Thumb, 0 bytes, Stack size 0 bytes, startup_stm32f446xx.o(.text))
<BR>[Address Reference Count : 1]<UL><LI> startup_stm32f446xx.o(RESET)
</UL>
<P><STRONG><a name="[a]"></a>WWDG_IRQHandler</STRONG> (Thumb, 0 bytes, Stack size 0 bytes, startup_stm32f446xx.o(.text))
<BR>[Address Reference Count : 1]<UL><LI> startup_stm32f446xx.o(RESET)
</UL>
<P><STRONG><a name="[84]"></a>__user_initial_stackheap</STRONG> (Thumb, 0 bytes, Stack size unknown bytes, startup_stm32f446xx.o(.text))
<BR><BR>[Called By]<UL><LI><a href="#[73]">&gt;&gt;</a>&nbsp;&nbsp;&nbsp;__user_setup_stackheap
</UL>

<P><STRONG><a name="[d7]"></a>memcmp</STRONG> (Thumb, 88 bytes, Stack size 8 bytes, memcmp.o(.text))
<BR><BR>[Stack]<UL><LI>Max Depth = 8<LI>Call Chain = memcmp
</UL>
<BR>[Called By]<UL><LI><a href="#[63]">&gt;&gt;</a>&nbsp;&nbsp;&nbsp;ethernet_input
</UL>

<P><STRONG><a name="[e2]"></a>__aeabi_memcpy</STRONG> (Thumb, 0 bytes, Stack size 0 bytes, rt_memcpy_v6.o(.text))
<BR><BR>[Called By]<UL><LI><a href="#[f9]">&gt;&gt;</a>&nbsp;&nbsp;&nbsp;ip_reass_free_complete_datagram
<LI><a href="#[f6]">&gt;&gt;</a>&nbsp;&nbsp;&nbsp;ip_reass_enqueue_new_datagram
<LI><a href="#[ef]">&gt;&gt;</a>&nbsp;&nbsp;&nbsp;ip_reass
<LI><a href="#[e7]">&gt;&gt;</a>&nbsp;&nbsp;&nbsp;ip_frag
<LI><a href="#[d5]">&gt;&gt;</a>&nbsp;&nbsp;&nbsp;pbuf_copy
<LI><a href="#[dd]">&gt;&gt;</a>&nbsp;&nbsp;&nbsp;icmp_send_response
<LI><a href="#[104]">&gt;&gt;</a>&nbsp;&nbsp;&nbsp;pbuf_copy_partial
<LI><a href="#[132]">&gt;&gt;</a>&nbsp;&nbsp;&nbsp;tcp_write
<LI><a href="#[65]">&gt;&gt;</a>&nbsp;&nbsp;&nbsp;low_level_output
<LI><a href="#[db]">&gt;&gt;</a>&nbsp;&nbsp;&nbsp;low_level_input
</UL>

<P><STRONG><a name="[7d]"></a>__rt_memcpy</STRONG> (Thumb, 138 bytes, Stack size 0 bytes, rt_memcpy_v6.o(.text), UNUSED)
<BR><BR>[Calls]<UL><LI><a href="#[7e]">&gt;&gt;</a>&nbsp;&nbsp;&nbsp;__aeabi_memcpy4
</UL>

<P><STRONG><a name="[15a]"></a>_memcpy_lastbytes</STRONG> (Thumb, 0 bytes, Stack size unknown bytes, rt_memcpy_v6.o(.text), UNUSED)

<P><STRONG><a name="[82]"></a>__aeabi_memclr</STRONG> (Thumb, 0 bytes, Stack size 0 bytes, rt_memclr.o(.text))
<BR><BR>[Called By]<UL><LI><a href="#[81]">&gt;&gt;</a>&nbsp;&nbsp;&nbsp;strncpy
</UL>

<P><STRONG><a name="[7f]"></a>__rt_memclr</STRONG> (Thumb, 68 bytes, Stack size 0 bytes, rt_memclr.o(.text), UNUSED)
<BR><BR>[Calls]<UL><LI><a href="#[80]">&gt;&gt;</a>&nbsp;&nbsp;&nbsp;_memset_w
</UL>

<P><STRONG><a name="[15b]"></a>_memset</STRONG> (Thumb, 0 bytes, Stack size unknown bytes, rt_memclr.o(.text), UNUSED)

<P><STRONG><a name="[10d]"></a>__aeabi_memclr4</STRONG> (Thumb, 0 bytes, Stack size 4 bytes, rt_memclr_w.o(.text))
<BR><BR>[Stack]<UL><LI>Max Depth = 4<LI>Call Chain = __aeabi_memclr4
</UL>
<BR>[Called By]<UL><LI><a href="#[10a]">&gt;&gt;</a>&nbsp;&nbsp;&nbsp;tcp_alloc
</UL>

<P><STRONG><a name="[15c]"></a>__aeabi_memclr8</STRONG> (Thumb, 0 bytes, Stack size 4 bytes, rt_memclr_w.o(.text), UNUSED)

<P><STRONG><a name="[15d]"></a>__rt_memclr_w</STRONG> (Thumb, 78 bytes, Stack size 4 bytes, rt_memclr_w.o(.text), UNUSED)

<P><STRONG><a name="[80]"></a>_memset_w</STRONG> (Thumb, 0 bytes, Stack size unknown bytes, rt_memclr_w.o(.text), UNUSED)
<BR><BR>[Called By]<UL><LI><a href="#[7f]">&gt;&gt;</a>&nbsp;&nbsp;&nbsp;__rt_memclr
</UL>

<P><STRONG><a name="[81]"></a>strncpy</STRONG> (Thumb, 86 bytes, Stack size 8 bytes, strncpy.o(.text))
<BR><BR>[Stack]<UL><LI>Max Depth = 8<LI>Call Chain = strncpy
</UL>
<BR>[Calls]<UL><LI><a href="#[82]">&gt;&gt;</a>&nbsp;&nbsp;&nbsp;__aeabi_memclr
</UL>
<BR>[Called By]<UL><LI><a href="#[69]">&gt;&gt;</a>&nbsp;&nbsp;&nbsp;tcp_receive_callback
</UL>

<P><STRONG><a name="[15e]"></a>__use_two_region_memory</STRONG> (Thumb, 2 bytes, Stack size 0 bytes, heapauxi.o(.text), UNUSED)

<P><STRONG><a name="[15f]"></a>__rt_heap_escrow$2region</STRONG> (Thumb, 2 bytes, Stack size 0 bytes, heapauxi.o(.text), UNUSED)

<P><STRONG><a name="[160]"></a>__rt_heap_expand$2region</STRONG> (Thumb, 2 bytes, Stack size 0 bytes, heapauxi.o(.text), UNUSED)

<P><STRONG><a name="[7e]"></a>__aeabi_memcpy4</STRONG> (Thumb, 0 bytes, Stack size 8 bytes, rt_memcpy_w.o(.text), UNUSED)
<BR><BR>[Called By]<UL><LI><a href="#[7d]">&gt;&gt;</a>&nbsp;&nbsp;&nbsp;__rt_memcpy
</UL>

<P><STRONG><a name="[161]"></a>__aeabi_memcpy8</STRONG> (Thumb, 0 bytes, Stack size 8 bytes, rt_memcpy_w.o(.text), UNUSED)

<P><STRONG><a name="[162]"></a>__rt_memcpy_w</STRONG> (Thumb, 100 bytes, Stack size 8 bytes, rt_memcpy_w.o(.text), UNUSED)

<P><STRONG><a name="[163]"></a>_memcpy_lastbytes_aligned</STRONG> (Thumb, 0 bytes, Stack size unknown bytes, rt_memcpy_w.o(.text), UNUSED)

<P><STRONG><a name="[73]"></a>__user_setup_stackheap</STRONG> (Thumb, 74 bytes, Stack size 8 bytes, sys_stackheap_outer.o(.text))
<BR><BR>[Stack]<UL><LI>Max Depth = 8 + Unknown Stack Size
<LI>Call Chain = __user_setup_stackheap
</UL>
<BR>[Calls]<UL><LI><a href="#[83]">&gt;&gt;</a>&nbsp;&nbsp;&nbsp;__user_perproc_libspace
<LI><a href="#[84]">&gt;&gt;</a>&nbsp;&nbsp;&nbsp;__user_initial_stackheap
</UL>
<BR>[Called By]<UL><LI><a href="#[72]">&gt;&gt;</a>&nbsp;&nbsp;&nbsp;__rt_entry_sh
</UL>

<P><STRONG><a name="[78]"></a>exit</STRONG> (Thumb, 18 bytes, Stack size 8 bytes, exit.o(.text))
<BR><BR>[Stack]<UL><LI>Max Depth = 8 + Unknown Stack Size
<LI>Call Chain = exit
</UL>
<BR>[Calls]<UL><LI><a href="#[85]">&gt;&gt;</a>&nbsp;&nbsp;&nbsp;__rt_exit
</UL>
<BR>[Called By]<UL><LI><a href="#[76]">&gt;&gt;</a>&nbsp;&nbsp;&nbsp;__rt_entry_main
</UL>

<P><STRONG><a name="[164]"></a>__user_libspace</STRONG> (Thumb, 8 bytes, Stack size 0 bytes, libspace.o(.text), UNUSED)

<P><STRONG><a name="[83]"></a>__user_perproc_libspace</STRONG> (Thumb, 0 bytes, Stack size 0 bytes, libspace.o(.text))
<BR><BR>[Called By]<UL><LI><a href="#[73]">&gt;&gt;</a>&nbsp;&nbsp;&nbsp;__user_setup_stackheap
</UL>

<P><STRONG><a name="[165]"></a>__user_perthread_libspace</STRONG> (Thumb, 0 bytes, Stack size 0 bytes, libspace.o(.text), UNUSED)

<P><STRONG><a name="[7c]"></a>_sys_exit</STRONG> (Thumb, 8 bytes, Stack size 0 bytes, sys_exit.o(.text))
<BR><BR>[Called By]<UL><LI><a href="#[7b]">&gt;&gt;</a>&nbsp;&nbsp;&nbsp;__rt_exit_exit
</UL>

<P><STRONG><a name="[166]"></a>__I$use$semihosting</STRONG> (Thumb, 0 bytes, Stack size 0 bytes, use_no_semi.o(.text), UNUSED)

<P><STRONG><a name="[167]"></a>__use_no_semihosting_swi</STRONG> (Thumb, 2 bytes, Stack size 0 bytes, use_no_semi.o(.text), UNUSED)

<P><STRONG><a name="[168]"></a>__semihosting_library_function</STRONG> (Thumb, 0 bytes, Stack size unknown bytes, indicate_semi.o(.text), UNUSED)

<P><STRONG><a name="[86]"></a>ENC28J60_packetReceive</STRONG> (Thumb, 158 bytes, Stack size 32 bytes, enc28j60.o(.text.ENC28J60_packetReceive))
<BR><BR>[Stack]<UL><LI>Max Depth = 216<LI>Call Chain = ENC28J60_packetReceive &rArr; ENC28_readReg8 &rArr; ENC28_readOp &rArr; HAL_SPI_Receive &rArr; HAL_SPI_TransmitReceive &rArr; SPI_EndRxTxTransaction &rArr; SPI_WaitFlagStateUntilTimeout
</UL>
<BR>[Calls]<UL><LI><a href="#[89]">&gt;&gt;</a>&nbsp;&nbsp;&nbsp;readBuf
<LI><a href="#[87]">&gt;&gt;</a>&nbsp;&nbsp;&nbsp;ENC28_writeReg16
<LI><a href="#[8a]">&gt;&gt;</a>&nbsp;&nbsp;&nbsp;ENC28_writeOp
<LI><a href="#[88]">&gt;&gt;</a>&nbsp;&nbsp;&nbsp;ENC28_readReg8
</UL>
<BR>[Called By]<UL><LI><a href="#[db]">&gt;&gt;</a>&nbsp;&nbsp;&nbsp;low_level_input
</UL>

<P><STRONG><a name="[8b]"></a>ENC28_Init</STRONG> (Thumb, 274 bytes, Stack size 8 bytes, enc28j60.o(.text.ENC28_Init))
<BR><BR>[Stack]<UL><LI>Max Depth = 200<LI>Call Chain = ENC28_Init &rArr; ENC28_writePhy &rArr; ENC28_readReg8 &rArr; ENC28_readOp &rArr; HAL_SPI_Receive &rArr; HAL_SPI_TransmitReceive &rArr; SPI_EndRxTxTransaction &rArr; SPI_WaitFlagStateUntilTimeout
</UL>
<BR>[Calls]<UL><LI><a href="#[8c]">&gt;&gt;</a>&nbsp;&nbsp;&nbsp;disableChip
<LI><a href="#[8d]">&gt;&gt;</a>&nbsp;&nbsp;&nbsp;HAL_Delay
<LI><a href="#[90]">&gt;&gt;</a>&nbsp;&nbsp;&nbsp;ENC28_writeReg8
<LI><a href="#[87]">&gt;&gt;</a>&nbsp;&nbsp;&nbsp;ENC28_writeReg16
<LI><a href="#[8f]">&gt;&gt;</a>&nbsp;&nbsp;&nbsp;ENC28_writePhy
<LI><a href="#[8a]">&gt;&gt;</a>&nbsp;&nbsp;&nbsp;ENC28_writeOp
<LI><a href="#[91]">&gt;&gt;</a>&nbsp;&nbsp;&nbsp;ENC28_setBank
<LI><a href="#[88]">&gt;&gt;</a>&nbsp;&nbsp;&nbsp;ENC28_readReg8
<LI><a href="#[8e]">&gt;&gt;</a>&nbsp;&nbsp;&nbsp;ENC28_readOp
</UL>
<BR>[Called By]<UL><LI><a href="#[da]">&gt;&gt;</a>&nbsp;&nbsp;&nbsp;low_level_init
</UL>

<P><STRONG><a name="[92]"></a>ENC28_packetSend</STRONG> (Thumb, 146 bytes, Stack size 16 bytes, enc28j60.o(.text.ENC28_packetSend))
<BR><BR>[Stack]<UL><LI>Max Depth = 200<LI>Call Chain = ENC28_packetSend &rArr; ENC28_readReg8 &rArr; ENC28_readOp &rArr; HAL_SPI_Receive &rArr; HAL_SPI_TransmitReceive &rArr; SPI_EndRxTxTransaction &rArr; SPI_WaitFlagStateUntilTimeout
</UL>
<BR>[Calls]<UL><LI><a href="#[87]">&gt;&gt;</a>&nbsp;&nbsp;&nbsp;ENC28_writeReg16
<LI><a href="#[8a]">&gt;&gt;</a>&nbsp;&nbsp;&nbsp;ENC28_writeOp
<LI><a href="#[88]">&gt;&gt;</a>&nbsp;&nbsp;&nbsp;ENC28_readReg8
<LI><a href="#[93]">&gt;&gt;</a>&nbsp;&nbsp;&nbsp;ENC28_writeBuf
</UL>
<BR>[Called By]<UL><LI><a href="#[65]">&gt;&gt;</a>&nbsp;&nbsp;&nbsp;low_level_output
</UL>

<P><STRONG><a name="[8e]"></a>ENC28_readOp</STRONG> (Thumb, 100 bytes, Stack size 24 bytes, enc28j60.o(.text.ENC28_readOp))
<BR><BR>[Stack]<UL><LI>Max Depth = 176<LI>Call Chain = ENC28_readOp &rArr; HAL_SPI_Receive &rArr; HAL_SPI_TransmitReceive &rArr; SPI_EndRxTxTransaction &rArr; SPI_WaitFlagStateUntilTimeout
</UL>
<BR>[Calls]<UL><LI><a href="#[94]">&gt;&gt;</a>&nbsp;&nbsp;&nbsp;enableChip
<LI><a href="#[8c]">&gt;&gt;</a>&nbsp;&nbsp;&nbsp;disableChip
<LI><a href="#[95]">&gt;&gt;</a>&nbsp;&nbsp;&nbsp;HAL_SPI_Transmit
<LI><a href="#[96]">&gt;&gt;</a>&nbsp;&nbsp;&nbsp;HAL_SPI_Receive
</UL>
<BR>[Called By]<UL><LI><a href="#[88]">&gt;&gt;</a>&nbsp;&nbsp;&nbsp;ENC28_readReg8
<LI><a href="#[8b]">&gt;&gt;</a>&nbsp;&nbsp;&nbsp;ENC28_Init
</UL>

<P><STRONG><a name="[88]"></a>ENC28_readReg8</STRONG> (Thumb, 20 bytes, Stack size 8 bytes, enc28j60.o(.text.ENC28_readReg8))
<BR><BR>[Stack]<UL><LI>Max Depth = 184<LI>Call Chain = ENC28_readReg8 &rArr; ENC28_readOp &rArr; HAL_SPI_Receive &rArr; HAL_SPI_TransmitReceive &rArr; SPI_EndRxTxTransaction &rArr; SPI_WaitFlagStateUntilTimeout
</UL>
<BR>[Calls]<UL><LI><a href="#[91]">&gt;&gt;</a>&nbsp;&nbsp;&nbsp;ENC28_setBank
<LI><a href="#[8e]">&gt;&gt;</a>&nbsp;&nbsp;&nbsp;ENC28_readOp
</UL>
<BR>[Called By]<UL><LI><a href="#[8f]">&gt;&gt;</a>&nbsp;&nbsp;&nbsp;ENC28_writePhy
<LI><a href="#[92]">&gt;&gt;</a>&nbsp;&nbsp;&nbsp;ENC28_packetSend
<LI><a href="#[8b]">&gt;&gt;</a>&nbsp;&nbsp;&nbsp;ENC28_Init
<LI><a href="#[86]">&gt;&gt;</a>&nbsp;&nbsp;&nbsp;ENC28J60_packetReceive
</UL>

<P><STRONG><a name="[91]"></a>ENC28_setBank</STRONG> (Thumb, 48 bytes, Stack size 16 bytes, enc28j60.o(.text.ENC28_setBank))
<BR><BR>[Stack]<UL><LI>Max Depth = 136<LI>Call Chain = ENC28_setBank &rArr; ENC28_writeOp &rArr; HAL_SPI_Transmit &rArr; SPI_EndRxTxTransaction &rArr; SPI_WaitFlagStateUntilTimeout
</UL>
<BR>[Calls]<UL><LI><a href="#[8a]">&gt;&gt;</a>&nbsp;&nbsp;&nbsp;ENC28_writeOp
</UL>
<BR>[Called By]<UL><LI><a href="#[90]">&gt;&gt;</a>&nbsp;&nbsp;&nbsp;ENC28_writeReg8
<LI><a href="#[88]">&gt;&gt;</a>&nbsp;&nbsp;&nbsp;ENC28_readReg8
<LI><a href="#[8b]">&gt;&gt;</a>&nbsp;&nbsp;&nbsp;ENC28_Init
</UL>

<P><STRONG><a name="[8a]"></a>ENC28_writeOp</STRONG> (Thumb, 56 bytes, Stack size 24 bytes, enc28j60.o(.text.ENC28_writeOp))
<BR><BR>[Stack]<UL><LI>Max Depth = 120<LI>Call Chain = ENC28_writeOp &rArr; HAL_SPI_Transmit &rArr; SPI_EndRxTxTransaction &rArr; SPI_WaitFlagStateUntilTimeout
</UL>
<BR>[Calls]<UL><LI><a href="#[94]">&gt;&gt;</a>&nbsp;&nbsp;&nbsp;enableChip
<LI><a href="#[8c]">&gt;&gt;</a>&nbsp;&nbsp;&nbsp;disableChip
<LI><a href="#[95]">&gt;&gt;</a>&nbsp;&nbsp;&nbsp;HAL_SPI_Transmit
</UL>
<BR>[Called By]<UL><LI><a href="#[90]">&gt;&gt;</a>&nbsp;&nbsp;&nbsp;ENC28_writeReg8
<LI><a href="#[91]">&gt;&gt;</a>&nbsp;&nbsp;&nbsp;ENC28_setBank
<LI><a href="#[92]">&gt;&gt;</a>&nbsp;&nbsp;&nbsp;ENC28_packetSend
<LI><a href="#[8b]">&gt;&gt;</a>&nbsp;&nbsp;&nbsp;ENC28_Init
<LI><a href="#[86]">&gt;&gt;</a>&nbsp;&nbsp;&nbsp;ENC28J60_packetReceive
</UL>

<P><STRONG><a name="[8f]"></a>ENC28_writePhy</STRONG> (Thumb, 32 bytes, Stack size 8 bytes, enc28j60.o(.text.ENC28_writePhy))
<BR><BR>[Stack]<UL><LI>Max Depth = 192<LI>Call Chain = ENC28_writePhy &rArr; ENC28_readReg8 &rArr; ENC28_readOp &rArr; HAL_SPI_Receive &rArr; HAL_SPI_TransmitReceive &rArr; SPI_EndRxTxTransaction &rArr; SPI_WaitFlagStateUntilTimeout
</UL>
<BR>[Calls]<UL><LI><a href="#[90]">&gt;&gt;</a>&nbsp;&nbsp;&nbsp;ENC28_writeReg8
<LI><a href="#[87]">&gt;&gt;</a>&nbsp;&nbsp;&nbsp;ENC28_writeReg16
<LI><a href="#[88]">&gt;&gt;</a>&nbsp;&nbsp;&nbsp;ENC28_readReg8
</UL>
<BR>[Called By]<UL><LI><a href="#[8b]">&gt;&gt;</a>&nbsp;&nbsp;&nbsp;ENC28_Init
</UL>

<P><STRONG><a name="[87]"></a>ENC28_writeReg16</STRONG> (Thumb, 26 bytes, Stack size 16 bytes, enc28j60.o(.text.ENC28_writeReg16))
<BR><BR>[Stack]<UL><LI>Max Depth = 168<LI>Call Chain = ENC28_writeReg16 &rArr; ENC28_writeReg8 &rArr; ENC28_setBank &rArr; ENC28_writeOp &rArr; HAL_SPI_Transmit &rArr; SPI_EndRxTxTransaction &rArr; SPI_WaitFlagStateUntilTimeout
</UL>
<BR>[Calls]<UL><LI><a href="#[90]">&gt;&gt;</a>&nbsp;&nbsp;&nbsp;ENC28_writeReg8
</UL>
<BR>[Called By]<UL><LI><a href="#[8f]">&gt;&gt;</a>&nbsp;&nbsp;&nbsp;ENC28_writePhy
<LI><a href="#[92]">&gt;&gt;</a>&nbsp;&nbsp;&nbsp;ENC28_packetSend
<LI><a href="#[8b]">&gt;&gt;</a>&nbsp;&nbsp;&nbsp;ENC28_Init
<LI><a href="#[86]">&gt;&gt;</a>&nbsp;&nbsp;&nbsp;ENC28J60_packetReceive
</UL>

<P><STRONG><a name="[90]"></a>ENC28_writeReg8</STRONG> (Thumb, 24 bytes, Stack size 16 bytes, enc28j60.o(.text.ENC28_writeReg8))
<BR><BR>[Stack]<UL><LI>Max Depth = 152<LI>Call Chain = ENC28_writeReg8 &rArr; ENC28_setBank &rArr; ENC28_writeOp &rArr; HAL_SPI_Transmit &rArr; SPI_EndRxTxTransaction &rArr; SPI_WaitFlagStateUntilTimeout
</UL>
<BR>[Calls]<UL><LI><a href="#[8a]">&gt;&gt;</a>&nbsp;&nbsp;&nbsp;ENC28_writeOp
<LI><a href="#[91]">&gt;&gt;</a>&nbsp;&nbsp;&nbsp;ENC28_setBank
</UL>
<BR>[Called By]<UL><LI><a href="#[87]">&gt;&gt;</a>&nbsp;&nbsp;&nbsp;ENC28_writeReg16
<LI><a href="#[8f]">&gt;&gt;</a>&nbsp;&nbsp;&nbsp;ENC28_writePhy
<LI><a href="#[8b]">&gt;&gt;</a>&nbsp;&nbsp;&nbsp;ENC28_Init
</UL>

<P><STRONG><a name="[97]"></a>GPIO_Init</STRONG> (Thumb, 92 bytes, Stack size 40 bytes, main.o(.text.GPIO_Init))
<BR><BR>[Stack]<UL><LI>Max Depth = 88<LI>Call Chain = GPIO_Init &rArr; HAL_GPIO_Init
</UL>
<BR>[Calls]<UL><LI><a href="#[98]">&gt;&gt;</a>&nbsp;&nbsp;&nbsp;HAL_GPIO_Init
</UL>
<BR>[Called By]<UL><LI><a href="#[77]">&gt;&gt;</a>&nbsp;&nbsp;&nbsp;main
</UL>

<P><STRONG><a name="[8d]"></a>HAL_Delay</STRONG> (Thumb, 40 bytes, Stack size 16 bytes, stm32f4xx_hal.o(.text.HAL_Delay))
<BR><BR>[Stack]<UL><LI>Max Depth = 16<LI>Call Chain = HAL_Delay
</UL>
<BR>[Calls]<UL><LI><a href="#[99]">&gt;&gt;</a>&nbsp;&nbsp;&nbsp;HAL_GetTick
</UL>
<BR>[Called By]<UL><LI><a href="#[8b]">&gt;&gt;</a>&nbsp;&nbsp;&nbsp;ENC28_Init
</UL>

<P><STRONG><a name="[98]"></a>HAL_GPIO_Init</STRONG> (Thumb, 426 bytes, Stack size 48 bytes, stm32f4xx_hal_gpio.o(.text.HAL_GPIO_Init))
<BR><BR>[Stack]<UL><LI>Max Depth = 48<LI>Call Chain = HAL_GPIO_Init
</UL>
<BR>[Called By]<UL><LI><a href="#[97]">&gt;&gt;</a>&nbsp;&nbsp;&nbsp;GPIO_Init
</UL>

<P><STRONG><a name="[c8]"></a>HAL_GPIO_WritePin</STRONG> (Thumb, 10 bytes, Stack size 0 bytes, stm32f4xx_hal_gpio.o(.text.HAL_GPIO_WritePin))
<BR><BR>[Called By]<UL><LI><a href="#[77]">&gt;&gt;</a>&nbsp;&nbsp;&nbsp;main
<LI><a href="#[94]">&gt;&gt;</a>&nbsp;&nbsp;&nbsp;enableChip
<LI><a href="#[8c]">&gt;&gt;</a>&nbsp;&nbsp;&nbsp;disableChip
</UL>

<P><STRONG><a name="[99]"></a>HAL_GetTick</STRONG> (Thumb, 12 bytes, Stack size 0 bytes, stm32f4xx_hal.o(.text.HAL_GetTick))
<BR><BR>[Called By]<UL><LI><a href="#[95]">&gt;&gt;</a>&nbsp;&nbsp;&nbsp;HAL_SPI_Transmit
<LI><a href="#[96]">&gt;&gt;</a>&nbsp;&nbsp;&nbsp;HAL_SPI_Receive
<LI><a href="#[8d]">&gt;&gt;</a>&nbsp;&nbsp;&nbsp;HAL_Delay
<LI><a href="#[a6]">&gt;&gt;</a>&nbsp;&nbsp;&nbsp;HAL_SPI_TransmitReceive
<LI><a href="#[a7]">&gt;&gt;</a>&nbsp;&nbsp;&nbsp;SPI_WaitFlagStateUntilTimeout
</UL>

<P><STRONG><a name="[b7]"></a>HAL_IncTick</STRONG> (Thumb, 26 bytes, Stack size 0 bytes, stm32f4xx_hal.o(.text.HAL_IncTick))
<BR><BR>[Called By]<UL><LI><a href="#[9]">&gt;&gt;</a>&nbsp;&nbsp;&nbsp;SysTick_Handler
</UL>

<P><STRONG><a name="[9a]"></a>HAL_Init</STRONG> (Thumb, 46 bytes, Stack size 8 bytes, stm32f4xx_hal.o(.text.HAL_Init))
<BR><BR>[Stack]<UL><LI>Max Depth = 40<LI>Call Chain = HAL_Init &rArr; HAL_InitTick &rArr; HAL_SYSTICK_Config &rArr; SysTick_Config
</UL>
<BR>[Calls]<UL><LI><a href="#[9b]">&gt;&gt;</a>&nbsp;&nbsp;&nbsp;HAL_NVIC_SetPriorityGrouping
<LI><a href="#[9d]">&gt;&gt;</a>&nbsp;&nbsp;&nbsp;HAL_MspInit
<LI><a href="#[9c]">&gt;&gt;</a>&nbsp;&nbsp;&nbsp;HAL_InitTick
</UL>
<BR>[Called By]<UL><LI><a href="#[77]">&gt;&gt;</a>&nbsp;&nbsp;&nbsp;main
</UL>

<P><STRONG><a name="[9c]"></a>HAL_InitTick</STRONG> (Thumb, 80 bytes, Stack size 16 bytes, stm32f4xx_hal.o(.text.HAL_InitTick))
<BR><BR>[Stack]<UL><LI>Max Depth = 32<LI>Call Chain = HAL_InitTick &rArr; HAL_SYSTICK_Config &rArr; SysTick_Config
</UL>
<BR>[Calls]<UL><LI><a href="#[9e]">&gt;&gt;</a>&nbsp;&nbsp;&nbsp;HAL_SYSTICK_Config
<LI><a href="#[9f]">&gt;&gt;</a>&nbsp;&nbsp;&nbsp;HAL_NVIC_SetPriority
</UL>
<BR>[Called By]<UL><LI><a href="#[9a]">&gt;&gt;</a>&nbsp;&nbsp;&nbsp;HAL_Init
</UL>

<P><STRONG><a name="[9d]"></a>HAL_MspInit</STRONG> (Thumb, 2 bytes, Stack size 0 bytes, stm32f4xx_hal.o(.text.HAL_MspInit))
<BR><BR>[Called By]<UL><LI><a href="#[9a]">&gt;&gt;</a>&nbsp;&nbsp;&nbsp;HAL_Init
</UL>

<P><STRONG><a name="[9f]"></a>HAL_NVIC_SetPriority</STRONG> (Thumb, 32 bytes, Stack size 16 bytes, stm32f4xx_hal_cortex.o(.text.HAL_NVIC_SetPriority))
<BR><BR>[Stack]<UL><LI>Max Depth = 16<LI>Call Chain = HAL_NVIC_SetPriority
</UL>
<BR>[Calls]<UL><LI><a href="#[a2]">&gt;&gt;</a>&nbsp;&nbsp;&nbsp;__NVIC_SetPriority
<LI><a href="#[a0]">&gt;&gt;</a>&nbsp;&nbsp;&nbsp;__NVIC_GetPriorityGrouping
<LI><a href="#[a1]">&gt;&gt;</a>&nbsp;&nbsp;&nbsp;NVIC_EncodePriority
</UL>
<BR>[Called By]<UL><LI><a href="#[9c]">&gt;&gt;</a>&nbsp;&nbsp;&nbsp;HAL_InitTick
</UL>

<P><STRONG><a name="[9b]"></a>HAL_NVIC_SetPriorityGrouping</STRONG> (Thumb, 4 bytes, Stack size 0 bytes, stm32f4xx_hal_cortex.o(.text.HAL_NVIC_SetPriorityGrouping))
<BR><BR>[Calls]<UL><LI><a href="#[a3]">&gt;&gt;</a>&nbsp;&nbsp;&nbsp;__NVIC_SetPriorityGrouping
</UL>
<BR>[Called By]<UL><LI><a href="#[9a]">&gt;&gt;</a>&nbsp;&nbsp;&nbsp;HAL_Init
</UL>

<P><STRONG><a name="[a4]"></a>HAL_SPI_Init</STRONG> (Thumb, 196 bytes, Stack size 8 bytes, stm32f4xx_hal_spi.o(.text.HAL_SPI_Init))
<BR><BR>[Stack]<UL><LI>Max Depth = 8<LI>Call Chain = HAL_SPI_Init
</UL>
<BR>[Calls]<UL><LI><a href="#[a5]">&gt;&gt;</a>&nbsp;&nbsp;&nbsp;HAL_SPI_MspInit
</UL>
<BR>[Called By]<UL><LI><a href="#[b6]">&gt;&gt;</a>&nbsp;&nbsp;&nbsp;SPI1_Init
</UL>

<P><STRONG><a name="[a5]"></a>HAL_SPI_MspInit</STRONG> (Thumb, 2 bytes, Stack size 0 bytes, stm32f4xx_hal_spi.o(.text.HAL_SPI_MspInit))
<BR><BR>[Called By]<UL><LI><a href="#[a4]">&gt;&gt;</a>&nbsp;&nbsp;&nbsp;HAL_SPI_Init
</UL>

<P><STRONG><a name="[96]"></a>HAL_SPI_Receive</STRONG> (Thumb, 498 bytes, Stack size 40 bytes, stm32f4xx_hal_spi.o(.text.HAL_SPI_Receive))
<BR><BR>[Stack]<UL><LI>Max Depth = 152<LI>Call Chain = HAL_SPI_Receive &rArr; HAL_SPI_TransmitReceive &rArr; SPI_EndRxTxTransaction &rArr; SPI_WaitFlagStateUntilTimeout
</UL>
<BR>[Calls]<UL><LI><a href="#[99]">&gt;&gt;</a>&nbsp;&nbsp;&nbsp;HAL_GetTick
<LI><a href="#[a6]">&gt;&gt;</a>&nbsp;&nbsp;&nbsp;HAL_SPI_TransmitReceive
<LI><a href="#[a7]">&gt;&gt;</a>&nbsp;&nbsp;&nbsp;SPI_WaitFlagStateUntilTimeout
<LI><a href="#[a8]">&gt;&gt;</a>&nbsp;&nbsp;&nbsp;SPI_EndRxTransaction
</UL>
<BR>[Called By]<UL><LI><a href="#[89]">&gt;&gt;</a>&nbsp;&nbsp;&nbsp;readBuf
<LI><a href="#[8e]">&gt;&gt;</a>&nbsp;&nbsp;&nbsp;ENC28_readOp
</UL>

<P><STRONG><a name="[95]"></a>HAL_SPI_Transmit</STRONG> (Thumb, 422 bytes, Stack size 32 bytes, stm32f4xx_hal_spi.o(.text.HAL_SPI_Transmit))
<BR><BR>[Stack]<UL><LI>Max Depth = 96<LI>Call Chain = HAL_SPI_Transmit &rArr; SPI_EndRxTxTransaction &rArr; SPI_WaitFlagStateUntilTimeout
</UL>
<BR>[Calls]<UL><LI><a href="#[99]">&gt;&gt;</a>&nbsp;&nbsp;&nbsp;HAL_GetTick
<LI><a href="#[a9]">&gt;&gt;</a>&nbsp;&nbsp;&nbsp;SPI_EndRxTxTransaction
</UL>
<BR>[Called By]<UL><LI><a href="#[89]">&gt;&gt;</a>&nbsp;&nbsp;&nbsp;readBuf
<LI><a href="#[8a]">&gt;&gt;</a>&nbsp;&nbsp;&nbsp;ENC28_writeOp
<LI><a href="#[8e]">&gt;&gt;</a>&nbsp;&nbsp;&nbsp;ENC28_readOp
<LI><a href="#[93]">&gt;&gt;</a>&nbsp;&nbsp;&nbsp;ENC28_writeBuf
</UL>

<P><STRONG><a name="[a6]"></a>HAL_SPI_TransmitReceive</STRONG> (Thumb, 638 bytes, Stack size 48 bytes, stm32f4xx_hal_spi.o(.text.HAL_SPI_TransmitReceive))
<BR><BR>[Stack]<UL><LI>Max Depth = 112<LI>Call Chain = HAL_SPI_TransmitReceive &rArr; SPI_EndRxTxTransaction &rArr; SPI_WaitFlagStateUntilTimeout
</UL>
<BR>[Calls]<UL><LI><a href="#[99]">&gt;&gt;</a>&nbsp;&nbsp;&nbsp;HAL_GetTick
<LI><a href="#[a7]">&gt;&gt;</a>&nbsp;&nbsp;&nbsp;SPI_WaitFlagStateUntilTimeout
<LI><a href="#[a9]">&gt;&gt;</a>&nbsp;&nbsp;&nbsp;SPI_EndRxTxTransaction
</UL>
<BR>[Called By]<UL><LI><a href="#[96]">&gt;&gt;</a>&nbsp;&nbsp;&nbsp;HAL_SPI_Receive
</UL>

<P><STRONG><a name="[9e]"></a>HAL_SYSTICK_Config</STRONG> (Thumb, 4 bytes, Stack size 0 bytes, stm32f4xx_hal_cortex.o(.text.HAL_SYSTICK_Config))
<BR><BR>[Stack]<UL><LI>Max Depth = 16<LI>Call Chain = HAL_SYSTICK_Config &rArr; SysTick_Config
</UL>
<BR>[Calls]<UL><LI><a href="#[aa]">&gt;&gt;</a>&nbsp;&nbsp;&nbsp;SysTick_Config
</UL>
<BR>[Called By]<UL><LI><a href="#[9c]">&gt;&gt;</a>&nbsp;&nbsp;&nbsp;HAL_InitTick
</UL>

<P><STRONG><a name="[ab]"></a>LwIP_Init</STRONG> (Thumb, 108 bytes, Stack size 32 bytes, lwip.o(.text.LwIP_Init))
<BR><BR>[Stack]<UL><LI>Max Depth = 448<LI>Call Chain = LwIP_Init &rArr; netif_add &rArr; netif_set_addr &rArr; netif_set_ipaddr &rArr; tcp_abort &rArr; tcp_abandon &rArr; tcp_pcb_remove &rArr; tcp_output &rArr; tcp_output_segment &rArr; ip_output &rArr; ip_output_if &rArr; ip_frag &rArr; pbuf_alloc &rArr; pbuf_free &rArr; mem_free &rArr; plug_holes
</UL>
<BR>[Calls]<UL><LI><a href="#[af]">&gt;&gt;</a>&nbsp;&nbsp;&nbsp;netif_set_default
<LI><a href="#[ae]">&gt;&gt;</a>&nbsp;&nbsp;&nbsp;netif_add
<LI><a href="#[ad]">&gt;&gt;</a>&nbsp;&nbsp;&nbsp;memp_init
<LI><a href="#[ac]">&gt;&gt;</a>&nbsp;&nbsp;&nbsp;mem_init
<LI><a href="#[b0]">&gt;&gt;</a>&nbsp;&nbsp;&nbsp;netif_set_up
</UL>
<BR>[Called By]<UL><LI><a href="#[77]">&gt;&gt;</a>&nbsp;&nbsp;&nbsp;main
</UL>

<P><STRONG><a name="[b1]"></a>LwIP_Periodic_Handle</STRONG> (Thumb, 72 bytes, Stack size 16 bytes, lwip.o(.text.LwIP_Periodic_Handle))
<BR><BR>[Stack]<UL><LI>Max Depth = 400<LI>Call Chain = LwIP_Periodic_Handle &rArr; tcp_tmr &rArr; tcp_fasttmr &rArr; tcp_process_refused_data &rArr; tcp_recv_null &rArr; tcp_recved &rArr; tcp_output &rArr; tcp_output_segment &rArr; ip_output &rArr; ip_output_if &rArr; ip_frag &rArr; pbuf_alloc &rArr; pbuf_free &rArr; mem_free &rArr; plug_holes
</UL>
<BR>[Calls]<UL><LI><a href="#[b2]">&gt;&gt;</a>&nbsp;&nbsp;&nbsp;tcp_tmr
<LI><a href="#[b3]">&gt;&gt;</a>&nbsp;&nbsp;&nbsp;etharp_tmr
</UL>
<BR>[Called By]<UL><LI><a href="#[77]">&gt;&gt;</a>&nbsp;&nbsp;&nbsp;main
</UL>

<P><STRONG><a name="[b4]"></a>LwIP_Pkt_Handle</STRONG> (Thumb, 12 bytes, Stack size 0 bytes, lwip.o(.text.LwIP_Pkt_Handle))
<BR><BR>[Stack]<UL><LI>Max Depth = 256<LI>Call Chain = LwIP_Pkt_Handle &rArr; ethernetif_input &rArr; low_level_input &rArr; ENC28J60_packetReceive &rArr; ENC28_readReg8 &rArr; ENC28_readOp &rArr; HAL_SPI_Receive &rArr; HAL_SPI_TransmitReceive &rArr; SPI_EndRxTxTransaction &rArr; SPI_WaitFlagStateUntilTimeout
</UL>
<BR>[Calls]<UL><LI><a href="#[b5]">&gt;&gt;</a>&nbsp;&nbsp;&nbsp;ethernetif_input
</UL>
<BR>[Called By]<UL><LI><a href="#[77]">&gt;&gt;</a>&nbsp;&nbsp;&nbsp;main
</UL>

<P><STRONG><a name="[b6]"></a>SPI1_Init</STRONG> (Thumb, 98 bytes, Stack size 12 bytes, main.o(.text.SPI1_Init))
<BR><BR>[Stack]<UL><LI>Max Depth = 20<LI>Call Chain = SPI1_Init &rArr; HAL_SPI_Init
</UL>
<BR>[Calls]<UL><LI><a href="#[a4]">&gt;&gt;</a>&nbsp;&nbsp;&nbsp;HAL_SPI_Init
</UL>
<BR>[Called By]<UL><LI><a href="#[77]">&gt;&gt;</a>&nbsp;&nbsp;&nbsp;main
</UL>

<P><STRONG><a name="[9]"></a>SysTick_Handler</STRONG> (Thumb, 14 bytes, Stack size 8 bytes, main.o(.text.SysTick_Handler))
<BR><BR>[Stack]<UL><LI>Max Depth = 8<LI>Call Chain = SysTick_Handler
</UL>
<BR>[Calls]<UL><LI><a href="#[b8]">&gt;&gt;</a>&nbsp;&nbsp;&nbsp;Time_Update
<LI><a href="#[b7]">&gt;&gt;</a>&nbsp;&nbsp;&nbsp;HAL_IncTick
</UL>
<BR>[Address Reference Count : 1]<UL><LI> startup_stm32f446xx.o(RESET)
</UL>
<P><STRONG><a name="[60]"></a>SystemInit</STRONG> (Thumb, 18 bytes, Stack size 0 bytes, system_stm32f4xx.o(.text.SystemInit))
<BR>[Address Reference Count : 1]<UL><LI> startup_stm32f446xx.o(.text)
</UL>
<P><STRONG><a name="[b8]"></a>Time_Update</STRONG> (Thumb, 16 bytes, Stack size 0 bytes, lwip.o(.text.Time_Update))
<BR><BR>[Called By]<UL><LI><a href="#[9]">&gt;&gt;</a>&nbsp;&nbsp;&nbsp;SysTick_Handler
</UL>

<P><STRONG><a name="[b9]"></a>dhcp_arp_reply</STRONG> (Thumb, 30 bytes, Stack size 0 bytes, dhcp.o(.text.dhcp_arp_reply))
<BR><BR>[Stack]<UL><LI>Max Depth = 264<LI>Call Chain = dhcp_arp_reply &rArr; dhcp_decline &rArr; udp_sendto_if &rArr; ip_output_if &rArr; ip_frag &rArr; pbuf_alloc &rArr; pbuf_free &rArr; mem_free &rArr; plug_holes
</UL>
<BR>[Calls]<UL><LI><a href="#[ba]">&gt;&gt;</a>&nbsp;&nbsp;&nbsp;dhcp_decline
</UL>
<BR>[Called By]<UL><LI><a href="#[c9]">&gt;&gt;</a>&nbsp;&nbsp;&nbsp;etharp_arp_input
</UL>

<P><STRONG><a name="[8c]"></a>disableChip</STRONG> (Thumb, 14 bytes, Stack size 0 bytes, enc28j60.o(.text.disableChip))
<BR><BR>[Calls]<UL><LI><a href="#[c8]">&gt;&gt;</a>&nbsp;&nbsp;&nbsp;HAL_GPIO_WritePin
</UL>
<BR>[Called By]<UL><LI><a href="#[89]">&gt;&gt;</a>&nbsp;&nbsp;&nbsp;readBuf
<LI><a href="#[8a]">&gt;&gt;</a>&nbsp;&nbsp;&nbsp;ENC28_writeOp
<LI><a href="#[8e]">&gt;&gt;</a>&nbsp;&nbsp;&nbsp;ENC28_readOp
<LI><a href="#[8b]">&gt;&gt;</a>&nbsp;&nbsp;&nbsp;ENC28_Init
<LI><a href="#[93]">&gt;&gt;</a>&nbsp;&nbsp;&nbsp;ENC28_writeBuf
</UL>

<P><STRONG><a name="[94]"></a>enableChip</STRONG> (Thumb, 14 bytes, Stack size 0 bytes, enc28j60.o(.text.enableChip))
<BR><BR>[Calls]<UL><LI><a href="#[c8]">&gt;&gt;</a>&nbsp;&nbsp;&nbsp;HAL_GPIO_WritePin
</UL>
<BR>[Called By]<UL><LI><a href="#[89]">&gt;&gt;</a>&nbsp;&nbsp;&nbsp;readBuf
<LI><a href="#[8a]">&gt;&gt;</a>&nbsp;&nbsp;&nbsp;ENC28_writeOp
<LI><a href="#[8e]">&gt;&gt;</a>&nbsp;&nbsp;&nbsp;ENC28_readOp
<LI><a href="#[93]">&gt;&gt;</a>&nbsp;&nbsp;&nbsp;ENC28_writeBuf
</UL>

<P><STRONG><a name="[64]"></a>etharp_output</STRONG> (Thumb, 252 bytes, Stack size 24 bytes, etharp.o(.text.etharp_output))
<BR><BR>[Stack]<UL><LI>Max Depth = 168<LI>Call Chain = etharp_output &rArr; etharp_query &rArr; etharp_request &rArr; etharp_raw &rArr; pbuf_alloc &rArr; pbuf_free &rArr; mem_free &rArr; plug_holes
</UL>
<BR>[Calls]<UL><LI><a href="#[ce]">&gt;&gt;</a>&nbsp;&nbsp;&nbsp;pbuf_header
<LI><a href="#[cf]">&gt;&gt;</a>&nbsp;&nbsp;&nbsp;ip4_addr_isbroadcast
<LI><a href="#[d2]">&gt;&gt;</a>&nbsp;&nbsp;&nbsp;etharp_query
<LI><a href="#[d0]">&gt;&gt;</a>&nbsp;&nbsp;&nbsp;etharp_send_ip
<LI><a href="#[d1]">&gt;&gt;</a>&nbsp;&nbsp;&nbsp;etharp_output_to_arp_index
</UL>
<BR>[Address Reference Count : 1]<UL><LI> ethernetif.o(.text.ethernetif_init)
</UL>
<P><STRONG><a name="[d2]"></a>etharp_query</STRONG> (Thumb, 264 bytes, Stack size 32 bytes, etharp.o(.text.etharp_query))
<BR><BR>[Stack]<UL><LI>Max Depth = 144<LI>Call Chain = etharp_query &rArr; etharp_request &rArr; etharp_raw &rArr; pbuf_alloc &rArr; pbuf_free &rArr; mem_free &rArr; plug_holes
</UL>
<BR>[Calls]<UL><LI><a href="#[d4]">&gt;&gt;</a>&nbsp;&nbsp;&nbsp;pbuf_ref
<LI><a href="#[c7]">&gt;&gt;</a>&nbsp;&nbsp;&nbsp;pbuf_free
<LI><a href="#[d5]">&gt;&gt;</a>&nbsp;&nbsp;&nbsp;pbuf_copy
<LI><a href="#[bc]">&gt;&gt;</a>&nbsp;&nbsp;&nbsp;pbuf_alloc
<LI><a href="#[cf]">&gt;&gt;</a>&nbsp;&nbsp;&nbsp;ip4_addr_isbroadcast
<LI><a href="#[d3]">&gt;&gt;</a>&nbsp;&nbsp;&nbsp;etharp_request
<LI><a href="#[d0]">&gt;&gt;</a>&nbsp;&nbsp;&nbsp;etharp_send_ip
<LI><a href="#[cc]">&gt;&gt;</a>&nbsp;&nbsp;&nbsp;etharp_find_entry
</UL>
<BR>[Called By]<UL><LI><a href="#[64]">&gt;&gt;</a>&nbsp;&nbsp;&nbsp;etharp_output
</UL>

<P><STRONG><a name="[d3]"></a>etharp_request</STRONG> (Thumb, 26 bytes, Stack size 16 bytes, etharp.o(.text.etharp_request))
<BR><BR>[Stack]<UL><LI>Max Depth = 112<LI>Call Chain = etharp_request &rArr; etharp_raw &rArr; pbuf_alloc &rArr; pbuf_free &rArr; mem_free &rArr; plug_holes
</UL>
<BR>[Calls]<UL><LI><a href="#[d6]">&gt;&gt;</a>&nbsp;&nbsp;&nbsp;etharp_raw
</UL>
<BR>[Called By]<UL><LI><a href="#[b0]">&gt;&gt;</a>&nbsp;&nbsp;&nbsp;netif_set_up
<LI><a href="#[d2]">&gt;&gt;</a>&nbsp;&nbsp;&nbsp;etharp_query
<LI><a href="#[d1]">&gt;&gt;</a>&nbsp;&nbsp;&nbsp;etharp_output_to_arp_index
</UL>

<P><STRONG><a name="[b3]"></a>etharp_tmr</STRONG> (Thumb, 76 bytes, Stack size 16 bytes, etharp.o(.text.etharp_tmr))
<BR><BR>[Stack]<UL><LI>Max Depth = 48<LI>Call Chain = etharp_tmr &rArr; etharp_free_entry &rArr; pbuf_free &rArr; mem_free &rArr; plug_holes
</UL>
<BR>[Calls]<UL><LI><a href="#[cd]">&gt;&gt;</a>&nbsp;&nbsp;&nbsp;etharp_free_entry
</UL>
<BR>[Called By]<UL><LI><a href="#[b1]">&gt;&gt;</a>&nbsp;&nbsp;&nbsp;LwIP_Periodic_Handle
</UL>

<P><STRONG><a name="[63]"></a>ethernet_input</STRONG> (Thumb, 144 bytes, Stack size 16 bytes, etharp.o(.text.ethernet_input))
<BR><BR>[Stack]<UL><LI>Max Depth = 520<LI>Call Chain = ethernet_input &rArr; ip_input &rArr; tcp_input &rArr; tcp_listen_input &rArr; tcp_alloc &rArr; tcp_kill_prio &rArr; tcp_abort &rArr; tcp_abandon &rArr; tcp_pcb_remove &rArr; tcp_output &rArr; tcp_output_segment &rArr; ip_output &rArr; ip_output_if &rArr; ip_frag &rArr; pbuf_alloc &rArr; pbuf_free &rArr; mem_free &rArr; plug_holes
</UL>
<BR>[Calls]<UL><LI><a href="#[d8]">&gt;&gt;</a>&nbsp;&nbsp;&nbsp;ip_input
<LI><a href="#[ce]">&gt;&gt;</a>&nbsp;&nbsp;&nbsp;pbuf_header
<LI><a href="#[c7]">&gt;&gt;</a>&nbsp;&nbsp;&nbsp;pbuf_free
<LI><a href="#[c9]">&gt;&gt;</a>&nbsp;&nbsp;&nbsp;etharp_arp_input
<LI><a href="#[d7]">&gt;&gt;</a>&nbsp;&nbsp;&nbsp;memcmp
</UL>
<BR>[Address Reference Count : 1]<UL><LI> lwip.o(.text.LwIP_Init)
</UL>
<P><STRONG><a name="[62]"></a>ethernetif_init</STRONG> (Thumb, 64 bytes, Stack size 8 bytes, ethernetif.o(.text.ethernetif_init))
<BR><BR>[Stack]<UL><LI>Max Depth = 208<LI>Call Chain = ethernetif_init &rArr; low_level_init &rArr; ENC28_Init &rArr; ENC28_writePhy &rArr; ENC28_readReg8 &rArr; ENC28_readOp &rArr; HAL_SPI_Receive &rArr; HAL_SPI_TransmitReceive &rArr; SPI_EndRxTxTransaction &rArr; SPI_WaitFlagStateUntilTimeout
</UL>
<BR>[Calls]<UL><LI><a href="#[d9]">&gt;&gt;</a>&nbsp;&nbsp;&nbsp;mem_malloc
<LI><a href="#[da]">&gt;&gt;</a>&nbsp;&nbsp;&nbsp;low_level_init
</UL>
<BR>[Address Reference Count : 1]<UL><LI> lwip.o(.text.LwIP_Init)
</UL>
<P><STRONG><a name="[b5]"></a>ethernetif_input</STRONG> (Thumb, 60 bytes, Stack size 16 bytes, ethernetif.o(.text.ethernetif_input))
<BR><BR>[Stack]<UL><LI>Max Depth = 256<LI>Call Chain = ethernetif_input &rArr; low_level_input &rArr; ENC28J60_packetReceive &rArr; ENC28_readReg8 &rArr; ENC28_readOp &rArr; HAL_SPI_Receive &rArr; HAL_SPI_TransmitReceive &rArr; SPI_EndRxTxTransaction &rArr; SPI_WaitFlagStateUntilTimeout
</UL>
<BR>[Calls]<UL><LI><a href="#[cb]">&gt;&gt;</a>&nbsp;&nbsp;&nbsp;lwip_htons
<LI><a href="#[c7]">&gt;&gt;</a>&nbsp;&nbsp;&nbsp;pbuf_free
<LI><a href="#[db]">&gt;&gt;</a>&nbsp;&nbsp;&nbsp;low_level_input
</UL>
<BR>[Called By]<UL><LI><a href="#[b4]">&gt;&gt;</a>&nbsp;&nbsp;&nbsp;LwIP_Pkt_Handle
</UL>

<P><STRONG><a name="[dc]"></a>icmp_dest_unreach</STRONG> (Thumb, 8 bytes, Stack size 0 bytes, icmp.o(.text.icmp_dest_unreach))
<BR><BR>[Stack]<UL><LI>Max Depth = 280<LI>Call Chain = icmp_dest_unreach &rArr; icmp_send_response &rArr; ip_output &rArr; ip_output_if &rArr; ip_frag &rArr; pbuf_alloc &rArr; pbuf_free &rArr; mem_free &rArr; plug_holes
</UL>
<BR>[Calls]<UL><LI><a href="#[dd]">&gt;&gt;</a>&nbsp;&nbsp;&nbsp;icmp_send_response
</UL>
<BR>[Called By]<UL><LI><a href="#[f1]">&gt;&gt;</a>&nbsp;&nbsp;&nbsp;udp_input
<LI><a href="#[d8]">&gt;&gt;</a>&nbsp;&nbsp;&nbsp;ip_input
</UL>

<P><STRONG><a name="[de]"></a>icmp_input</STRONG> (Thumb, 290 bytes, Stack size 48 bytes, icmp.o(.text.icmp_input))
<BR><BR>[Stack]<UL><LI>Max Depth = 240<LI>Call Chain = icmp_input &rArr; ip_output_if &rArr; ip_frag &rArr; pbuf_alloc &rArr; pbuf_free &rArr; mem_free &rArr; plug_holes
</UL>
<BR>[Calls]<UL><LI><a href="#[ce]">&gt;&gt;</a>&nbsp;&nbsp;&nbsp;pbuf_header
<LI><a href="#[c7]">&gt;&gt;</a>&nbsp;&nbsp;&nbsp;pbuf_free
<LI><a href="#[d5]">&gt;&gt;</a>&nbsp;&nbsp;&nbsp;pbuf_copy
<LI><a href="#[bc]">&gt;&gt;</a>&nbsp;&nbsp;&nbsp;pbuf_alloc
<LI><a href="#[e1]">&gt;&gt;</a>&nbsp;&nbsp;&nbsp;ip_output_if
<LI><a href="#[cf]">&gt;&gt;</a>&nbsp;&nbsp;&nbsp;ip4_addr_isbroadcast
<LI><a href="#[df]">&gt;&gt;</a>&nbsp;&nbsp;&nbsp;inet_chksum_pbuf
<LI><a href="#[e0]">&gt;&gt;</a>&nbsp;&nbsp;&nbsp;inet_chksum
</UL>
<BR>[Called By]<UL><LI><a href="#[d8]">&gt;&gt;</a>&nbsp;&nbsp;&nbsp;ip_input
</UL>

<P><STRONG><a name="[e4]"></a>icmp_time_exceeded</STRONG> (Thumb, 8 bytes, Stack size 0 bytes, icmp.o(.text.icmp_time_exceeded))
<BR><BR>[Stack]<UL><LI>Max Depth = 280<LI>Call Chain = icmp_time_exceeded &rArr; icmp_send_response &rArr; ip_output &rArr; ip_output_if &rArr; ip_frag &rArr; pbuf_alloc &rArr; pbuf_free &rArr; mem_free &rArr; plug_holes
</UL>
<BR>[Calls]<UL><LI><a href="#[dd]">&gt;&gt;</a>&nbsp;&nbsp;&nbsp;icmp_send_response
</UL>
<BR>[Called By]<UL><LI><a href="#[f9]">&gt;&gt;</a>&nbsp;&nbsp;&nbsp;ip_reass_free_complete_datagram
</UL>

<P><STRONG><a name="[e0]"></a>inet_chksum</STRONG> (Thumb, 14 bytes, Stack size 8 bytes, inet_chksum.o(.text.inet_chksum))
<BR><BR>[Stack]<UL><LI>Max Depth = 24<LI>Call Chain = inet_chksum &rArr; lwip_standard_chksum
</UL>
<BR>[Calls]<UL><LI><a href="#[e5]">&gt;&gt;</a>&nbsp;&nbsp;&nbsp;lwip_standard_chksum
</UL>
<BR>[Called By]<UL><LI><a href="#[ef]">&gt;&gt;</a>&nbsp;&nbsp;&nbsp;ip_reass
<LI><a href="#[d8]">&gt;&gt;</a>&nbsp;&nbsp;&nbsp;ip_input
<LI><a href="#[e7]">&gt;&gt;</a>&nbsp;&nbsp;&nbsp;ip_frag
<LI><a href="#[de]">&gt;&gt;</a>&nbsp;&nbsp;&nbsp;icmp_input
<LI><a href="#[dd]">&gt;&gt;</a>&nbsp;&nbsp;&nbsp;icmp_send_response
</UL>

<P><STRONG><a name="[df]"></a>inet_chksum_pbuf</STRONG> (Thumb, 84 bytes, Stack size 24 bytes, inet_chksum.o(.text.inet_chksum_pbuf))
<BR><BR>[Stack]<UL><LI>Max Depth = 40<LI>Call Chain = inet_chksum_pbuf &rArr; lwip_standard_chksum
</UL>
[...]

<P><STRONG><a name="[fd]"></a>plug_holes</STRONG> (Thumb, 124 bytes, Stack size 8 bytes, mem.o(.text.plug_holes))
<BR><BR>[Stack]<UL><LI>Max Depth = 8<LI>Call Chain = plug_holes
</UL>
<BR>[Called By]<UL><LI><a href="#[fc]">&gt;&gt;</a>&nbsp;&nbsp;&nbsp;mem_free
</UL>

<P><STRONG><a name="[10f]"></a>tcp_close_shutdown</STRONG> (Thumb, 350 bytes, Stack size 16 bytes, tcp.o(.text.tcp_close_shutdown), UNUSED)
<BR><BR>[Calls]<UL><LI><a href="#[ee]">&gt;&gt;</a>&nbsp;&nbsp;&nbsp;memp_free
<LI><a href="#[112]">&gt;&gt;</a>&nbsp;&nbsp;&nbsp;tcp_timer_needed
<LI><a href="#[110]">&gt;&gt;</a>&nbsp;&nbsp;&nbsp;tcp_send_fin
<LI><a href="#[109]">&gt;&gt;</a>&nbsp;&nbsp;&nbsp;tcp_rst
<LI><a href="#[107]">&gt;&gt;</a>&nbsp;&nbsp;&nbsp;tcp_pcb_remove
<LI><a href="#[111]">&gt;&gt;</a>&nbsp;&nbsp;&nbsp;tcp_pcb_purge
<LI><a href="#[113]">&gt;&gt;</a>&nbsp;&nbsp;&nbsp;tcp_output
</UL>

<P><STRONG><a name="[10c]"></a>tcp_kill_prio</STRONG> (Thumb, 92 bytes, Stack size 16 bytes, tcp.o(.text.tcp_kill_prio))
<BR><BR>[Stack]<UL><LI>Max Depth = 376<LI>Call Chain = tcp_kill_prio &rArr; tcp_abort &rArr; tcp_abandon &rArr; tcp_pcb_remove &rArr; tcp_output &rArr; tcp_output_segment &rArr; ip_output &rArr; ip_output_if &rArr; ip_frag &rArr; pbuf_alloc &rArr; pbuf_free &rArr; mem_free &rArr; plug_holes
</UL>
<BR>[Calls]<UL><LI><a href="#[102]">&gt;&gt;</a>&nbsp;&nbsp;&nbsp;tcp_abort
</UL>
<BR>[Called By]<UL><LI><a href="#[10a]">&gt;&gt;</a>&nbsp;&nbsp;&nbsp;tcp_alloc
</UL>

<P><STRONG><a name="[10b]"></a>tcp_kill_timewait</STRONG> (Thumb, 64 bytes, Stack size 0 bytes, tcp.o(.text.tcp_kill_timewait))
<BR><BR>[Stack]<UL><LI>Max Depth = 360<LI>Call Chain = tcp_kill_timewait &rArr; tcp_abort &rArr; tcp_abandon &rArr; tcp_pcb_remove &rArr; tcp_output &rArr; tcp_output_segment &rArr; ip_output &rArr; ip_output_if &rArr; ip_frag &rArr; pbuf_alloc &rArr; pbuf_free &rArr; mem_free &rArr; plug_holes
</UL>
<BR>[Calls]<UL><LI><a href="#[102]">&gt;&gt;</a>&nbsp;&nbsp;&nbsp;tcp_abort
</UL>
<BR>[Called By]<UL><LI><a href="#[10a]">&gt;&gt;</a>&nbsp;&nbsp;&nbsp;tcp_alloc
</UL>

<P><STRONG><a name="[115]"></a>tcp_new_port</STRONG> (Thumb, 110 bytes, Stack size 20 bytes, tcp.o(.text.tcp_new_port))
<BR><BR>[Stack]<UL><LI>Max Depth = 20<LI>Call Chain = tcp_new_port
</UL>
<BR>[Called By]<UL><LI><a href="#[114]">&gt;&gt;</a>&nbsp;&nbsp;&nbsp;tcp_connect
</UL>

<P><STRONG><a name="[11f]"></a>tcp_listen_input</STRONG> (Thumb, 300 bytes, Stack size 24 bytes, tcp_in.o(.text.tcp_listen_input))
<BR><BR>[Stack]<UL><LI>Max Depth = 416<LI>Call Chain = tcp_listen_input &rArr; tcp_alloc &rArr; tcp_kill_prio &rArr; tcp_abort &rArr; tcp_abandon &rArr; tcp_pcb_remove &rArr; tcp_output &rArr; tcp_output_segment &rArr; ip_output &rArr; ip_output_if &rArr; ip_frag &rArr; pbuf_alloc &rArr; pbuf_free &rArr; mem_free &rArr; plug_holes
</UL>
<BR>[Calls]<UL><LI><a href="#[122]">&gt;&gt;</a>&nbsp;&nbsp;&nbsp;tcp_parseopt
<LI><a href="#[112]">&gt;&gt;</a>&nbsp;&nbsp;&nbsp;tcp_timer_needed
<LI><a href="#[109]">&gt;&gt;</a>&nbsp;&nbsp;&nbsp;tcp_rst
<LI><a href="#[113]">&gt;&gt;</a>&nbsp;&nbsp;&nbsp;tcp_output
<LI><a href="#[117]">&gt;&gt;</a>&nbsp;&nbsp;&nbsp;tcp_enqueue_flags
<LI><a href="#[116]">&gt;&gt;</a>&nbsp;&nbsp;&nbsp;tcp_eff_send_mss
<LI><a href="#[10a]">&gt;&gt;</a>&nbsp;&nbsp;&nbsp;tcp_alloc
<LI><a href="#[106]">&gt;&gt;</a>&nbsp;&nbsp;&nbsp;tcp_abandon
</UL>
<BR>[Called By]<UL><LI><a href="#[f2]">&gt;&gt;</a>&nbsp;&nbsp;&nbsp;tcp_input
</UL>

<P><STRONG><a name="[122]"></a>tcp_parseopt</STRONG> (Thumb, 138 bytes, Stack size 16 bytes, tcp_in.o(.text.tcp_parseopt))
<BR><BR>[Stack]<UL><LI>Max Depth = 16<LI>Call Chain = tcp_parseopt
</UL>
<BR>[Calls]<UL><LI><a href="#[e8]">&gt;&gt;</a>&nbsp;&nbsp;&nbsp;lwip_ntohs
</UL>
<BR>[Called By]<UL><LI><a href="#[11d]">&gt;&gt;</a>&nbsp;&nbsp;&nbsp;tcp_process
<LI><a href="#[11f]">&gt;&gt;</a>&nbsp;&nbsp;&nbsp;tcp_listen_input
</UL>

<P><STRONG><a name="[11d]"></a>tcp_process</STRONG> (Thumb, 1340 bytes, Stack size 32 bytes, tcp_in.o(.text.tcp_process))
<BR><BR>[Stack]<UL><LI>Max Depth = 392<LI>Call Chain = tcp_process &rArr; tcp_abort &rArr; tcp_abandon &rArr; tcp_pcb_remove &rArr; tcp_output &rArr; tcp_output_segment &rArr; ip_output &rArr; ip_output_if &rArr; ip_frag &rArr; pbuf_alloc &rArr; pbuf_free &rArr; mem_free &rArr; plug_holes
</UL>
<BR>[Calls]<UL><LI><a href="#[c1]">&gt;&gt;</a>&nbsp;&nbsp;&nbsp;lwip_ntohl
<LI><a href="#[102]">&gt;&gt;</a>&nbsp;&nbsp;&nbsp;tcp_abort
<LI><a href="#[128]">&gt;&gt;</a>&nbsp;&nbsp;&nbsp;tcp_rexmit
<LI><a href="#[127]">&gt;&gt;</a>&nbsp;&nbsp;&nbsp;tcp_receive
<LI><a href="#[122]">&gt;&gt;</a>&nbsp;&nbsp;&nbsp;tcp_parseopt
<LI><a href="#[112]">&gt;&gt;</a>&nbsp;&nbsp;&nbsp;tcp_timer_needed
<LI><a href="#[11a]">&gt;&gt;</a>&nbsp;&nbsp;&nbsp;tcp_seg_free
<LI><a href="#[109]">&gt;&gt;</a>&nbsp;&nbsp;&nbsp;tcp_rst
<LI><a href="#[111]">&gt;&gt;</a>&nbsp;&nbsp;&nbsp;tcp_pcb_purge
<LI><a href="#[116]">&gt;&gt;</a>&nbsp;&nbsp;&nbsp;tcp_eff_send_mss
</UL>
<BR>[Called By]<UL><LI><a href="#[f2]">&gt;&gt;</a>&nbsp;&nbsp;&nbsp;tcp_input
</UL>

<P><STRONG><a name="[127]"></a>tcp_receive</STRONG> (Thumb, 1212 bytes, Stack size 40 bytes, tcp_in.o(.text.tcp_receive))
<BR><BR>[Stack]<UL><LI>Max Depth = 304<LI>Call Chain = tcp_receive &rArr; tcp_send_empty_ack &rArr; ip_output &rArr; ip_output_if &rArr; ip_frag &rArr; pbuf_alloc &rArr; pbuf_free &rArr; mem_free &rArr; plug_holes
</UL>
<BR>[Calls]<UL><LI><a href="#[c1]">&gt;&gt;</a>&nbsp;&nbsp;&nbsp;lwip_ntohl
<LI><a href="#[f4]">&gt;&gt;</a>&nbsp;&nbsp;&nbsp;pbuf_clen
<LI><a href="#[c4]">&gt;&gt;</a>&nbsp;&nbsp;&nbsp;pbuf_realloc
<LI><a href="#[e8]">&gt;&gt;</a>&nbsp;&nbsp;&nbsp;lwip_ntohs
<LI><a href="#[cb]">&gt;&gt;</a>&nbsp;&nbsp;&nbsp;lwip_htons
<LI><a href="#[ce]">&gt;&gt;</a>&nbsp;&nbsp;&nbsp;pbuf_header
<LI><a href="#[124]">&gt;&gt;</a>&nbsp;&nbsp;&nbsp;tcp_send_empty_ack
<LI><a href="#[12a]">&gt;&gt;</a>&nbsp;&nbsp;&nbsp;tcp_rexmit_fast
<LI><a href="#[129]">&gt;&gt;</a>&nbsp;&nbsp;&nbsp;tcp_update_rcv_ann_wnd
<LI><a href="#[11a]">&gt;&gt;</a>&nbsp;&nbsp;&nbsp;tcp_seg_free
</UL>
<BR>[Called By]<UL><LI><a href="#[11d]">&gt;&gt;</a>&nbsp;&nbsp;&nbsp;tcp_process
</UL>

<P><STRONG><a name="[11e]"></a>tcp_timewait_input</STRONG> (Thumb, 170 bytes, Stack size 16 bytes, tcp_in.o(.text.tcp_timewait_input))
<BR><BR>[Stack]<UL><LI>Max Depth = 320<LI>Call Chain = tcp_timewait_input &rArr; tcp_output &rArr; tcp_output_segment &rArr; ip_output &rArr; ip_output_if &rArr; ip_frag &rArr; pbuf_alloc &rArr; pbuf_free &rArr; mem_free &rArr; plug_holes
</UL>
<BR>[Calls]<UL><LI><a href="#[109]">&gt;&gt;</a>&nbsp;&nbsp;&nbsp;tcp_rst
<LI><a href="#[113]">&gt;&gt;</a>&nbsp;&nbsp;&nbsp;tcp_output
</UL>
<BR>[Called By]<UL><LI><a href="#[f2]">&gt;&gt;</a>&nbsp;&nbsp;&nbsp;tcp_input
</UL>

<P><STRONG><a name="[119]"></a>tcp_create_segment</STRONG> (Thumb, 156 bytes, Stack size 32 bytes, tcp_out.o(.text.tcp_create_segment))
<BR><BR>[Stack]<UL><LI>Max Depth = 64<LI>Call Chain = tcp_create_segment &rArr; tcp_seg_free &rArr; pbuf_free &rArr; mem_free &rArr; plug_holes
</UL>
<BR>[Calls]<UL><LI><a href="#[ed]">&gt;&gt;</a>&nbsp;&nbsp;&nbsp;memp_malloc
<LI><a href="#[bd]">&gt;&gt;</a>&nbsp;&nbsp;&nbsp;lwip_htonl
<LI><a href="#[cb]">&gt;&gt;</a>&nbsp;&nbsp;&nbsp;lwip_htons
<LI><a href="#[ce]">&gt;&gt;</a>&nbsp;&nbsp;&nbsp;pbuf_header
<LI><a href="#[c7]">&gt;&gt;</a>&nbsp;&nbsp;&nbsp;pbuf_free
<LI><a href="#[11a]">&gt;&gt;</a>&nbsp;&nbsp;&nbsp;tcp_seg_free
</UL>
<BR>[Called By]<UL><LI><a href="#[132]">&gt;&gt;</a>&nbsp;&nbsp;&nbsp;tcp_write
<LI><a href="#[117]">&gt;&gt;</a>&nbsp;&nbsp;&nbsp;tcp_enqueue_flags
</UL>

<P><STRONG><a name="[121]"></a>tcp_output_alloc_header</STRONG> (Thumb, 98 bytes, Stack size 24 bytes, tcp_out.o(.text.tcp_output_alloc_header))
<BR><BR>[Stack]<UL><LI>Max Depth = 80<LI>Call Chain = tcp_output_alloc_header &rArr; pbuf_alloc &rArr; pbuf_free &rArr; mem_free &rArr; plug_holes
</UL>
<BR>[Calls]<UL><LI><a href="#[bd]">&gt;&gt;</a>&nbsp;&nbsp;&nbsp;lwip_htonl
<LI><a href="#[cb]">&gt;&gt;</a>&nbsp;&nbsp;&nbsp;lwip_htons
<LI><a href="#[bc]">&gt;&gt;</a>&nbsp;&nbsp;&nbsp;pbuf_alloc
</UL>
<BR>[Called By]<UL><LI><a href="#[124]">&gt;&gt;</a>&nbsp;&nbsp;&nbsp;tcp_send_empty_ack
<LI><a href="#[134]">&gt;&gt;</a>&nbsp;&nbsp;&nbsp;tcp_zero_window_probe
<LI><a href="#[120]">&gt;&gt;</a>&nbsp;&nbsp;&nbsp;tcp_keepalive
</UL>

<P><STRONG><a name="[125]"></a>tcp_output_segment</STRONG> (Thumb, 194 bytes, Stack size 32 bytes, tcp_out.o(.text.tcp_output_segment))
<BR><BR>[Stack]<UL><LI>Max Depth = 264<LI>Call Chain = tcp_output_segment &rArr; ip_output &rArr; ip_output_if &rArr; ip_frag &rArr; pbuf_alloc &rArr; pbuf_free &rArr; mem_free &rArr; plug_holes
</UL>
<BR>[Calls]<UL><LI><a href="#[c1]">&gt;&gt;</a>&nbsp;&nbsp;&nbsp;lwip_ntohl
<LI><a href="#[bd]">&gt;&gt;</a>&nbsp;&nbsp;&nbsp;lwip_htonl
<LI><a href="#[f3]">&gt;&gt;</a>&nbsp;&nbsp;&nbsp;ip_route
<LI><a href="#[cb]">&gt;&gt;</a>&nbsp;&nbsp;&nbsp;lwip_htons
<LI><a href="#[e6]">&gt;&gt;</a>&nbsp;&nbsp;&nbsp;inet_chksum_pseudo
<LI><a href="#[e3]">&gt;&gt;</a>&nbsp;&nbsp;&nbsp;ip_output
<LI><a href="#[116]">&gt;&gt;</a>&nbsp;&nbsp;&nbsp;tcp_eff_send_mss
</UL>
<BR>[Called By]<UL><LI><a href="#[113]">&gt;&gt;</a>&nbsp;&nbsp;&nbsp;tcp_output
</UL>

<P><STRONG><a name="[126]"></a>tcp_pbuf_prealloc</STRONG> (Thumb, 82 bytes, Stack size 16 bytes, tcp_out.o(.text.tcp_pbuf_prealloc))
<BR><BR>[Stack]<UL><LI>Max Depth = 72<LI>Call Chain = tcp_pbuf_prealloc &rArr; pbuf_alloc &rArr; pbuf_free &rArr; mem_free &rArr; plug_holes
</UL>
<BR>[Calls]<UL><LI><a href="#[bc]">&gt;&gt;</a>&nbsp;&nbsp;&nbsp;pbuf_alloc
</UL>
<BR>[Called By]<UL><LI><a href="#[132]">&gt;&gt;</a>&nbsp;&nbsp;&nbsp;tcp_write
</UL>

<P><STRONG><a name="[135]"></a>tcp_write_checks</STRONG> (Thumb, 84 bytes, Stack size 0 bytes, tcp_out.o(.text.tcp_write_checks))
<BR><BR>[Called By]<UL><LI><a href="#[132]">&gt;&gt;</a>&nbsp;&nbsp;&nbsp;tcp_write
</UL>

<P><STRONG><a name="[137]"></a>udp_new_port</STRONG> (Thumb, 98 bytes, Stack size 16 bytes, udp.o(.text.udp_new_port))
<BR><BR>[Stack]<UL><LI>Max Depth = 16<LI>Call Chain = udp_new_port
</UL>
<BR>[Called By]<UL><LI><a href="#[136]">&gt;&gt;</a>&nbsp;&nbsp;&nbsp;udp_bind
</UL>

<P><STRONG><a name="[c9]"></a>etharp_arp_input</STRONG> (Thumb, 218 bytes, Stack size 32 bytes, etharp.o(.text.etharp_arp_input))
<BR><BR>[Stack]<UL><LI>Max Depth = 296<LI>Call Chain = etharp_arp_input &rArr; dhcp_arp_reply &rArr; dhcp_decline &rArr; udp_sendto_if &rArr; ip_output_if &rArr; ip_frag &rArr; pbuf_alloc &rArr; pbuf_free &rArr; mem_free &rArr; plug_holes
</UL>
<BR>[Calls]<UL><LI><a href="#[cb]">&gt;&gt;</a>&nbsp;&nbsp;&nbsp;lwip_htons
<LI><a href="#[c7]">&gt;&gt;</a>&nbsp;&nbsp;&nbsp;pbuf_free
<LI><a href="#[b9]">&gt;&gt;</a>&nbsp;&nbsp;&nbsp;dhcp_arp_reply
<LI><a href="#[ca]">&gt;&gt;</a>&nbsp;&nbsp;&nbsp;etharp_update_arp_entry
</UL>
<BR>[Called By]<UL><LI><a href="#[63]">&gt;&gt;</a>&nbsp;&nbsp;&nbsp;ethernet_input
</UL>

<P><STRONG><a name="[cc]"></a>etharp_find_entry</STRONG> (Thumb, 264 bytes, Stack size 48 bytes, etharp.o(.text.etharp_find_entry))
<BR><BR>[Stack]<UL><LI>Max Depth = 80<LI>Call Chain = etharp_find_entry &rArr; etharp_free_entry &rArr; pbuf_free &rArr; mem_free &rArr; plug_holes
</UL>
<BR>[Calls]<UL><LI><a href="#[cd]">&gt;&gt;</a>&nbsp;&nbsp;&nbsp;etharp_free_entry
</UL>
<BR>[Called By]<UL><LI><a href="#[d2]">&gt;&gt;</a>&nbsp;&nbsp;&nbsp;etharp_query
<LI><a href="#[ca]">&gt;&gt;</a>&nbsp;&nbsp;&nbsp;etharp_update_arp_entry
</UL>

<P><STRONG><a name="[cd]"></a>etharp_free_entry</STRONG> (Thumb, 44 bytes, Stack size 8 bytes, etharp.o(.text.etharp_free_entry))
<BR><BR>[Stack]<UL><LI>Max Depth = 32<LI>Call Chain = etharp_free_entry &rArr; pbuf_free &rArr; mem_free &rArr; plug_holes
</UL>
<BR>[Calls]<UL><LI><a href="#[c7]">&gt;&gt;</a>&nbsp;&nbsp;&nbsp;pbuf_free
</UL>
<BR>[Called By]<UL><LI><a href="#[b3]">&gt;&gt;</a>&nbsp;&nbsp;&nbsp;etharp_tmr
<LI><a href="#[cc]">&gt;&gt;</a>&nbsp;&nbsp;&nbsp;etharp_find_entry
</UL>

<P><STRONG><a name="[d1]"></a>etharp_output_to_arp_index</STRONG> (Thumb, 78 bytes, Stack size 24 bytes, etharp.o(.text.etharp_output_to_arp_index))
<BR><BR>[Stack]<UL><LI>Max Depth = 136<LI>Call Chain = etharp_output_to_arp_index &rArr; etharp_request &rArr; etharp_raw &rArr; pbuf_alloc &rArr; pbuf_free &rArr; mem_free &rArr; plug_holes
</UL>
<BR>[Calls]<UL><LI><a href="#[d3]">&gt;&gt;</a>&nbsp;&nbsp;&nbsp;etharp_request
<LI><a href="#[d0]">&gt;&gt;</a>&nbsp;&nbsp;&nbsp;etharp_send_ip
</UL>
<BR>[Called By]<UL><LI><a href="#[64]">&gt;&gt;</a>&nbsp;&nbsp;&nbsp;etharp_output
</UL>

<P><STRONG><a name="[d6]"></a>etharp_raw</STRONG> (Thumb, 150 bytes, Stack size 40 bytes, etharp.o(.text.etharp_raw))
<BR><BR>[Stack]<UL><LI>Max Depth = 96<LI>Call Chain = etharp_raw &rArr; pbuf_alloc &rArr; pbuf_free &rArr; mem_free &rArr; plug_holes
</UL>
<BR>[Calls]<UL><LI><a href="#[cb]">&gt;&gt;</a>&nbsp;&nbsp;&nbsp;lwip_htons
<LI><a href="#[c7]">&gt;&gt;</a>&nbsp;&nbsp;&nbsp;pbuf_free
<LI><a href="#[bc]">&gt;&gt;</a>&nbsp;&nbsp;&nbsp;pbuf_alloc
</UL>
<BR>[Called By]<UL><LI><a href="#[d3]">&gt;&gt;</a>&nbsp;&nbsp;&nbsp;etharp_request
</UL>

<P><STRONG><a name="[d0]"></a>etharp_send_ip</STRONG> (Thumb, 46 bytes, Stack size 8 bytes, etharp.o(.text.etharp_send_ip))
<BR><BR>[Stack]<UL><LI>Max Depth = 8<LI>Call Chain = etharp_send_ip
</UL>
<BR>[Called By]<UL><LI><a href="#[d2]">&gt;&gt;</a>&nbsp;&nbsp;&nbsp;etharp_query
<LI><a href="#[64]">&gt;&gt;</a>&nbsp;&nbsp;&nbsp;etharp_output
<LI><a href="#[ca]">&gt;&gt;</a>&nbsp;&nbsp;&nbsp;etharp_update_arp_entry
<LI><a href="#[d1]">&gt;&gt;</a>&nbsp;&nbsp;&nbsp;etharp_output_to_arp_index
</UL>

<P><STRONG><a name="[ca]"></a>etharp_update_arp_entry</STRONG> (Thumb, 120 bytes, Stack size 24 bytes, etharp.o(.text.etharp_update_arp_entry))
<BR><BR>[Stack]<UL><LI>Max Depth = 104<LI>Call Chain = etharp_update_arp_entry &rArr; etharp_find_entry &rArr; etharp_free_entry &rArr; pbuf_free &rArr; mem_free &rArr; plug_holes
</UL>
<BR>[Calls]<UL><LI><a href="#[c7]">&gt;&gt;</a>&nbsp;&nbsp;&nbsp;pbuf_free
<LI><a href="#[cf]">&gt;&gt;</a>&nbsp;&nbsp;&nbsp;ip4_addr_isbroadcast
<LI><a href="#[d0]">&gt;&gt;</a>&nbsp;&nbsp;&nbsp;etharp_send_ip
<LI><a href="#[cc]">&gt;&gt;</a>&nbsp;&nbsp;&nbsp;etharp_find_entry
</UL>
<BR>[Called By]<UL><LI><a href="#[c9]">&gt;&gt;</a>&nbsp;&nbsp;&nbsp;etharp_arp_input
</UL>

<P><STRONG><a name="[93]"></a>ENC28_writeBuf</STRONG> (Thumb, 60 bytes, Stack size 24 bytes, enc28j60.o(.text.ENC28_writeBuf))
<BR><BR>[Stack]<UL><LI>Max Depth = 120<LI>Call Chain = ENC28_writeBuf &rArr; HAL_SPI_Transmit &rArr; SPI_EndRxTxTransaction &rArr; SPI_WaitFlagStateUntilTimeout
</UL>
<BR>[Calls]<UL><LI><a href="#[94]">&gt;&gt;</a>&nbsp;&nbsp;&nbsp;enableChip
<LI><a href="#[8c]">&gt;&gt;</a>&nbsp;&nbsp;&nbsp;disableChip
<LI><a href="#[95]">&gt;&gt;</a>&nbsp;&nbsp;&nbsp;HAL_SPI_Transmit
</UL>
<BR>[Called By]<UL><LI><a href="#[92]">&gt;&gt;</a>&nbsp;&nbsp;&nbsp;ENC28_packetSend
</UL>

<P><STRONG><a name="[da]"></a>low_level_init</STRONG> (Thumb, 44 bytes, Stack size 0 bytes, ethernetif.o(.text.low_level_init))
<BR><BR>[Stack]<UL><LI>Max Depth = 200<LI>Call Chain = low_level_init &rArr; ENC28_Init &rArr; ENC28_writePhy &rArr; ENC28_readReg8 &rArr; ENC28_readOp &rArr; HAL_SPI_Receive &rArr; HAL_SPI_TransmitReceive &rArr; SPI_EndRxTxTransaction &rArr; SPI_WaitFlagStateUntilTimeout
</UL>
<BR>[Calls]<UL><LI><a href="#[8b]">&gt;&gt;</a>&nbsp;&nbsp;&nbsp;ENC28_Init
</UL>
<BR>[Called By]<UL><LI><a href="#[62]">&gt;&gt;</a>&nbsp;&nbsp;&nbsp;ethernetif_init
</UL>

<P><STRONG><a name="[db]"></a>low_level_input</STRONG> (Thumb, 88 bytes, Stack size 24 bytes, ethernetif.o(.text.low_level_input))
<BR><BR>[Stack]<UL><LI>Max Depth = 240<LI>Call Chain = low_level_input &rArr; ENC28J60_packetReceive &rArr; ENC28_readReg8 &rArr; ENC28_readOp &rArr; HAL_SPI_Receive &rArr; HAL_SPI_TransmitReceive &rArr; SPI_EndRxTxTransaction &rArr; SPI_WaitFlagStateUntilTimeout
</UL>
<BR>[Calls]<UL><LI><a href="#[bc]">&gt;&gt;</a>&nbsp;&nbsp;&nbsp;pbuf_alloc
<LI><a href="#[86]">&gt;&gt;</a>&nbsp;&nbsp;&nbsp;ENC28J60_packetReceive
<LI><a href="#[e2]">&gt;&gt;</a>&nbsp;&nbsp;&nbsp;__aeabi_memcpy
</UL>
<BR>[Called By]<UL><LI><a href="#[b5]">&gt;&gt;</a>&nbsp;&nbsp;&nbsp;ethernetif_input
</UL>

<P><STRONG><a name="[65]"></a>low_level_output</STRONG> (Thumb, 58 bytes, Stack size 16 bytes, ethernetif.o(.text.low_level_output))
<BR><BR>[Stack]<UL><LI>Max Depth = 216<LI>Call Chain = low_level_output &rArr; ENC28_packetSend &rArr; ENC28_readReg8 &rArr; ENC28_readOp &rArr; HAL_SPI_Receive &rArr; HAL_SPI_TransmitReceive &rArr; SPI_EndRxTxTransaction &rArr; SPI_WaitFlagStateUntilTimeout
</UL>
<BR>[Calls]<UL><LI><a href="#[92]">&gt;&gt;</a>&nbsp;&nbsp;&nbsp;ENC28_packetSend
<LI><a href="#[e2]">&gt;&gt;</a>&nbsp;&nbsp;&nbsp;__aeabi_memcpy
</UL>
<BR>[Address Reference Count : 1]<UL><LI> ethernetif.o(.text.ethernetif_init)
</UL>
<P><STRONG><a name="[a1]"></a>NVIC_EncodePriority</STRONG> (Thumb, 44 bytes, Stack size 0 bytes, stm32f4xx_hal_cortex.o(.text.NVIC_EncodePriority))
<BR><BR>[Called By]<UL><LI><a href="#[9f]">&gt;&gt;</a>&nbsp;&nbsp;&nbsp;HAL_NVIC_SetPriority
</UL>

<P><STRONG><a name="[aa]"></a>SysTick_Config</STRONG> (Thumb, 48 bytes, Stack size 16 bytes, stm32f4xx_hal_cortex.o(.text.SysTick_Config))
<BR><BR>[Stack]<UL><LI>Max Depth = 16<LI>Call Chain = SysTick_Config
</UL>
<BR>[Calls]<UL><LI><a href="#[a2]">&gt;&gt;</a>&nbsp;&nbsp;&nbsp;__NVIC_SetPriority
</UL>
<BR>[Called By]<UL><LI><a href="#[9e]">&gt;&gt;</a>&nbsp;&nbsp;&nbsp;HAL_SYSTICK_Config
</UL>

<P><STRONG><a name="[a0]"></a>__NVIC_GetPriorityGrouping</STRONG> (Thumb, 16 bytes, Stack size 0 bytes, stm32f4xx_hal_cortex.o(.text.__NVIC_GetPriorityGrouping))
<BR><BR>[Called By]<UL><LI><a href="#[9f]">&gt;&gt;</a>&nbsp;&nbsp;&nbsp;HAL_NVIC_SetPriority
</UL>

<P><STRONG><a name="[a2]"></a>__NVIC_SetPriority</STRONG> (Thumb, 34 bytes, Stack size 0 bytes, stm32f4xx_hal_cortex.o(.text.__NVIC_SetPriority))
<BR><BR>[Called By]<UL><LI><a href="#[9f]">&gt;&gt;</a>&nbsp;&nbsp;&nbsp;HAL_NVIC_SetPriority
<LI><a href="#[aa]">&gt;&gt;</a>&nbsp;&nbsp;&nbsp;SysTick_Config
</UL>

<P><STRONG><a name="[a3]"></a>__NVIC_SetPriorityGrouping</STRONG> (Thumb, 32 bytes, Stack size 0 bytes, stm32f4xx_hal_cortex.o(.text.__NVIC_SetPriorityGrouping))
<BR><BR>[Called By]<UL><LI><a href="#[9b]">&gt;&gt;</a>&nbsp;&nbsp;&nbsp;HAL_NVIC_SetPriorityGrouping
</UL>

<P><STRONG><a name="[a8]"></a>SPI_EndRxTransaction</STRONG> (Thumb, 136 bytes, Stack size 24 bytes, stm32f4xx_hal_spi.o(.text.SPI_EndRxTransaction))
<BR><BR>[Stack]<UL><LI>Max Depth = 64<LI>Call Chain = SPI_EndRxTransaction &rArr; SPI_WaitFlagStateUntilTimeout
</UL>
<BR>[Calls]<UL><LI><a href="#[a7]">&gt;&gt;</a>&nbsp;&nbsp;&nbsp;SPI_WaitFlagStateUntilTimeout
</UL>
<BR>[Called By]<UL><LI><a href="#[96]">&gt;&gt;</a>&nbsp;&nbsp;&nbsp;HAL_SPI_Receive
</UL>

<P><STRONG><a name="[a9]"></a>SPI_EndRxTxTransaction</STRONG> (Thumb, 106 bytes, Stack size 24 bytes, stm32f4xx_hal_spi.o(.text.SPI_EndRxTxTransaction))
<BR><BR>[Stack]<UL><LI>Max Depth = 64<LI>Call Chain = SPI_EndRxTxTransaction &rArr; SPI_WaitFlagStateUntilTimeout
</UL>
<BR>[Calls]<UL><LI><a href="#[a7]">&gt;&gt;</a>&nbsp;&nbsp;&nbsp;SPI_WaitFlagStateUntilTimeout
</UL>
<BR>[Called By]<UL><LI><a href="#[95]">&gt;&gt;</a>&nbsp;&nbsp;&nbsp;HAL_SPI_Transmit
<LI><a href="#[a6]">&gt;&gt;</a>&nbsp;&nbsp;&nbsp;HAL_SPI_TransmitReceive
</UL>

<P><STRONG><a name="[a7]"></a>SPI_WaitFlagStateUntilTimeout</STRONG> (Thumb, 224 bytes, Stack size 40 bytes, stm32f4xx_hal_spi.o(.text.SPI_WaitFlagStateUntilTimeout))
<BR><BR>[Stack]<UL><LI>Max Depth = 40<LI>Call Chain = SPI_WaitFlagStateUntilTimeout
</UL>
<BR>[Calls]<UL><LI><a href="#[99]">&gt;&gt;</a>&nbsp;&nbsp;&nbsp;HAL_GetTick
</UL>
<BR>[Called By]<UL><LI><a href="#[96]">&gt;&gt;</a>&nbsp;&nbsp;&nbsp;HAL_SPI_Receive
<LI><a href="#[a6]">&gt;&gt;</a>&nbsp;&nbsp;&nbsp;HAL_SPI_TransmitReceive
<LI><a href="#[a9]">&gt;&gt;</a>&nbsp;&nbsp;&nbsp;SPI_EndRxTxTransaction
<LI><a href="#[a8]">&gt;&gt;</a>&nbsp;&nbsp;&nbsp;SPI_EndRxTransaction
</UL>
<P>
<H3>
Undefined Global Symbols
</H3><HR></body></html>
