Component: ARM Compiler 6.14 Tool: armlink [5db06800]

==============================================================================

Section Cross References

    main.o(.ARM.exidx.text.main) refers to main.o(.text.main) for [Anonymous Symbol]
    err.o(.text.lwip_strerr) refers to err.o(.rodata.str1.1) for .L.str
    err.o(.ARM.exidx.text.lwip_strerr) refers to err.o(.text.lwip_strerr) for [Anonymous Symbol]
    icmp.o(.text.icmp_input) refers to pbuf.o(.text.pbuf_header) for pbuf_header
    icmp.o(.text.icmp_input) refers to ip.o(.bss.current_iphdr_dest) for current_iphdr_dest
    icmp.o(.text.icmp_input) refers to ip_addr.o(.text.ip4_addr_isbroadcast) for ip4_addr_isbroadcast
    icmp.o(.text.icmp_input) refers to inet_chksum.o(.text.inet_chksum_pbuf) for inet_chksum_pbuf
    icmp.o(.text.icmp_input) refers to pbuf.o(.text.pbuf_free) for pbuf_free
    icmp.o(.text.icmp_input) refers to ip.o(.bss.current_iphdr_src) for current_iphdr_src
    icmp.o(.text.icmp_input) refers to inet_chksum.o(.text.inet_chksum) for inet_chksum
    icmp.o(.text.icmp_input) refers to ip.o(.text.ip_output_if) for ip_output_if
    icmp.o(.text.icmp_input) refers to pbuf.o(.text.pbuf_alloc) for pbuf_alloc
    icmp.o(.text.icmp_input) refers to pbuf.o(.text.pbuf_copy) for pbuf_copy
    icmp.o(.ARM.exidx.text.icmp_input) refers to icmp.o(.text.icmp_input) for [Anonymous Symbol]
    icmp.o(.text.icmp_dest_unreach) refers to icmp.o(.text.icmp_send_response) for icmp_send_response
    icmp.o(.ARM.exidx.text.icmp_dest_unreach) refers to icmp.o(.text.icmp_dest_unreach) for [Anonymous Symbol]
    icmp.o(.text.icmp_send_response) refers to pbuf.o(.text.pbuf_alloc) for pbuf_alloc
    icmp.o(.text.icmp_send_response) refers to rt_memcpy_v6.o(.text) for __aeabi_memcpy
    icmp.o(.text.icmp_send_response) refers to inet_chksum.o(.text.inet_chksum) for inet_chksum
    icmp.o(.text.icmp_send_response) refers to ip.o(.text.ip_output) for ip_output
    icmp.o(.text.icmp_send_response) refers to pbuf.o(.text.pbuf_free) for pbuf_free
    icmp.o(.ARM.exidx.text.icmp_send_response) refers to icmp.o(.text.icmp_send_response) for [Anonymous Symbol]
    icmp.o(.text.icmp_time_exceeded) refers to icmp.o(.text.icmp_send_response) for icmp_send_response
    icmp.o(.ARM.exidx.text.icmp_time_exceeded) refers to icmp.o(.text.icmp_time_exceeded) for [Anonymous Symbol]
    inet_chksum.o(.text.inet_chksum_pseudo) refers to inet_chksum.o(.text.lwip_standard_chksum) for lwip_standard_chksum
    inet_chksum.o(.text.inet_chksum_pseudo) refers to def.o(.text.lwip_htons) for lwip_htons
    inet_chksum.o(.ARM.exidx.text.inet_chksum_pseudo) refers to inet_chksum.o(.text.inet_chksum_pseudo) for [Anonymous Symbol]
    inet_chksum.o(.ARM.exidx.text.lwip_standard_chksum) refers to inet_chksum.o(.text.lwip_standard_chksum) for [Anonymous Symbol]
    inet_chksum.o(.text.inet_chksum_pseudo_partial) refers to inet_chksum.o(.text.lwip_standard_chksum) for lwip_standard_chksum
    inet_chksum.o(.text.inet_chksum_pseudo_partial) refers to def.o(.text.lwip_htons) for lwip_htons
    inet_chksum.o(.ARM.exidx.text.inet_chksum_pseudo_partial) refers to inet_chksum.o(.text.inet_chksum_pseudo_partial) for [Anonymous Symbol]
    inet_chksum.o(.text.inet_chksum) refers to inet_chksum.o(.text.lwip_standard_chksum) for lwip_standard_chksum
    inet_chksum.o(.ARM.exidx.text.inet_chksum) refers to inet_chksum.o(.text.inet_chksum) for [Anonymous Symbol]
    inet_chksum.o(.text.inet_chksum_pbuf) refers to inet_chksum.o(.text.lwip_standard_chksum) for lwip_standard_chksum
    inet_chksum.o(.ARM.exidx.text.inet_chksum_pbuf) refers to inet_chksum.o(.text.inet_chksum_pbuf) for [Anonymous Symbol]
    ip.o(.text.ip_route) refers to netif.o(.bss.netif_list) for netif_list
    ip.o(.text.ip_route) refers to netif.o(.bss.netif_default) for netif_default
    ip.o(.ARM.exidx.text.ip_route) refers to ip.o(.text.ip_route) for [Anonymous Symbol]
    ip.o(.text.ip_input) refers to def.o(.text.lwip_ntohs) for lwip_ntohs
    ip.o(.text.ip_input) refers to pbuf.o(.text.pbuf_free) for pbuf_free
    ip.o(.text.ip_input) refers to inet_chksum.o(.text.inet_chksum) for inet_chksum
    ip.o(.text.ip_input) refers to pbuf.o(.text.pbuf_realloc) for pbuf_realloc
    ip.o(.text.ip_input) refers to ip.o(.bss.current_iphdr_dest) for current_iphdr_dest
    ip.o(.text.ip_input) refers to ip.o(.bss.current_iphdr_src) for current_iphdr_src
    ip.o(.text.ip_input) refers to netif.o(.bss.netif_list) for netif_list
    ip.o(.text.ip_input) refers to ip_addr.o(.text.ip4_addr_isbroadcast) for ip4_addr_isbroadcast
    ip.o(.text.ip_input) refers to ip_frag.o(.text.ip_reass) for ip_reass
    ip.o(.text.ip_input) refers to ip.o(.bss.current_netif) for current_netif
    ip.o(.text.ip_input) refers to ip.o(.bss.current_header) for current_header
    ip.o(.text.ip_input) refers to raw.o(.text.raw_input) for raw_input
    ip.o(.text.ip_input) refers to udp.o(.text.udp_input) for udp_input
[...]
    stm32f4xx_hal_spi.o(.text.SPI_2linesTxISR_16BIT) refers to stm32f4xx_hal_spi.o(.text.SPI_CloseRxTx_ISR) for SPI_CloseRxTx_ISR
    stm32f4xx_hal_spi.o(.ARM.exidx.text.SPI_2linesTxISR_16BIT) refers to stm32f4xx_hal_spi.o(.text.SPI_2linesTxISR_16BIT) for [Anonymous Symbol]
    stm32f4xx_hal_spi.o(.text.SPI_2linesRxISR_8BIT) refers to stm32f4xx_hal_spi.o(.text.SPI_2linesRxISR_8BITCRC) for SPI_2linesRxISR_8BITCRC
    stm32f4xx_hal_spi.o(.text.SPI_2linesRxISR_8BIT) refers to stm32f4xx_hal_spi.o(.text.SPI_CloseRxTx_ISR) for SPI_CloseRxTx_ISR
    stm32f4xx_hal_spi.o(.ARM.exidx.text.SPI_2linesRxISR_8BIT) refers to stm32f4xx_hal_spi.o(.text.SPI_2linesRxISR_8BIT) for [Anonymous Symbol]
    stm32f4xx_hal_spi.o(.text.SPI_2linesTxISR_8BIT) refers to stm32f4xx_hal_spi.o(.text.SPI_CloseRxTx_ISR) for SPI_CloseRxTx_ISR
    stm32f4xx_hal_spi.o(.ARM.exidx.text.SPI_2linesTxISR_8BIT) refers to stm32f4xx_hal_spi.o(.text.SPI_2linesTxISR_8BIT) for [Anonymous Symbol]
    stm32f4xx_hal_spi.o(.text.HAL_SPI_Transmit_DMA) refers to stm32f4xx_hal_spi.o(.text.SPI_DMAHalfTransmitCplt) for SPI_DMAHalfTransmitCplt
    stm32f4xx_hal_spi.o(.text.HAL_SPI_Transmit_DMA) refers to stm32f4xx_hal_spi.o(.text.SPI_DMATransmitCplt) for SPI_DMATransmitCplt
    stm32f4xx_hal_spi.o(.text.HAL_SPI_Transmit_DMA) refers to stm32f4xx_hal_spi.o(.text.SPI_DMAError) for SPI_DMAError
    stm32f4xx_hal_spi.o(.text.HAL_SPI_Transmit_DMA) refers to stm32f4xx_hal_dma.o(.text.HAL_DMA_Start_IT) for HAL_DMA_Start_IT
    stm32f4xx_hal_spi.o(.ARM.exidx.text.HAL_SPI_Transmit_DMA) refers to stm32f4xx_hal_spi.o(.text.HAL_SPI_Transmit_DMA) for [Anonymous Symbol]
    stm32f4xx_hal_spi.o(.text.SPI_DMAHalfTransmitCplt) refers to stm32f4xx_hal_spi.o(.text.HAL_SPI_TxHalfCpltCallback) for HAL_SPI_TxHalfCpltCallback
    stm32f4xx_hal_spi.o(.ARM.exidx.text.SPI_DMAHalfTransmitCplt) refers to stm32f4xx_hal_spi.o(.text.SPI_DMAHalfTransmitCplt) for [Anonymous Symbol]
    stm32f4xx_hal_spi.o(.text.SPI_DMATransmitCplt) refers to stm32f4xx_hal.o(.text.HAL_GetTick) for HAL_GetTick
    stm32f4xx_hal_spi.o(.text.SPI_DMATransmitCplt) refers to stm32f4xx_hal_spi.o(.text.SPI_EndRxTxTransaction) for SPI_EndRxTxTransaction
    stm32f4xx_hal_spi.o(.text.SPI_DMATransmitCplt) refers to stm32f4xx_hal_spi.o(.text.HAL_SPI_ErrorCallback) for HAL_SPI_ErrorCallback
    stm32f4xx_hal_spi.o(.text.SPI_DMATransmitCplt) refers to stm32f4xx_hal_spi.o(.text.HAL_SPI_TxCpltCallback) for HAL_SPI_TxCpltCallback
    stm32f4xx_hal_spi.o(.ARM.exidx.text.SPI_DMATransmitCplt) refers to stm32f4xx_hal_spi.o(.text.SPI_DMATransmitCplt) for [Anonymous Symbol]
    stm32f4xx_hal_spi.o(.text.SPI_DMAError) refers to stm32f4xx_hal_spi.o(.text.HAL_SPI_ErrorCallback) for HAL_SPI_ErrorCallback
    stm32f4xx_hal_spi.o(.ARM.exidx.text.SPI_DMAError) refers to stm32f4xx_hal_spi.o(.text.SPI_DMAError) for [Anonymous Symbol]
    stm32f4xx_hal_spi.o(.text.HAL_SPI_Receive_DMA) refers to stm32f4xx_hal_spi.o(.text.HAL_SPI_TransmitReceive_DMA) for HAL_SPI_TransmitReceive_DMA
    stm32f4xx_hal_spi.o(.text.HAL_SPI_Receive_DMA) refers to stm32f4xx_hal_spi.o(.text.SPI_DMAHalfReceiveCplt) for SPI_DMAHalfReceiveCplt
    stm32f4xx_hal_spi.o(.text.HAL_SPI_Receive_DMA) refers to stm32f4xx_hal_spi.o(.text.SPI_DMAReceiveCplt) for SPI_DMAReceiveCplt
    stm32f4xx_hal_spi.o(.text.HAL_SPI_Receive_DMA) refers to stm32f4xx_hal_spi.o(.text.SPI_DMAError) for SPI_DMAError
    stm32f4xx_hal_spi.o(.text.HAL_SPI_Receive_DMA) refers to stm32f4xx_hal_dma.o(.text.HAL_DMA_Start_IT) for HAL_DMA_Start_IT
    stm32f4xx_hal_spi.o(.ARM.exidx.text.HAL_SPI_Receive_DMA) refers to stm32f4xx_hal_spi.o(.text.HAL_SPI_Receive_DMA) for [Anonymous Symbol]
    stm32f4xx_hal_spi.o(.text.HAL_SPI_TransmitReceive_DMA) refers to stm32f4xx_hal_spi.o(.text.SPI_DMAHalfReceiveCplt) for SPI_DMAHalfReceiveCplt
    stm32f4xx_hal_spi.o(.text.HAL_SPI_TransmitReceive_DMA) refers to stm32f4xx_hal_spi.o(.text.SPI_DMAHalfTransmitReceiveCplt) for SPI_DMAHalfTransmitReceiveCplt
    stm32f4xx_hal_spi.o(.text.HAL_SPI_TransmitReceive_DMA) refers to stm32f4xx_hal_spi.o(.text.SPI_DMATransmitReceiveCplt) for SPI_DMATransmitReceiveCplt
    stm32f4xx_hal_spi.o(.text.HAL_SPI_TransmitReceive_DMA) refers to stm32f4xx_hal_spi.o(.text.SPI_DMAReceiveCplt) for SPI_DMAReceiveCplt
    stm32f4xx_hal_spi.o(.text.HAL_SPI_TransmitReceive_DMA) refers to stm32f4xx_hal_spi.o(.text.SPI_DMAError) for SPI_DMAError
    stm32f4xx_hal_spi.o(.text.HAL_SPI_TransmitReceive_DMA) refers to stm32f4xx_hal_dma.o(.text.HAL_DMA_Start_IT) for HAL_DMA_Start_IT
    stm32f4xx_hal_spi.o(.ARM.exidx.text.HAL_SPI_TransmitReceive_DMA) refers to stm32f4xx_hal_spi.o(.text.HAL_SPI_TransmitReceive_DMA) for [Anonymous Symbol]
    stm32f4xx_hal_spi.o(.text.SPI_DMAHalfReceiveCplt) refers to stm32f4xx_hal_spi.o(.text.HAL_SPI_RxHalfCpltCallback) for HAL_SPI_RxHalfCpltCallback
    stm32f4xx_hal_spi.o(.ARM.exidx.text.SPI_DMAHalfReceiveCplt) refers to stm32f4xx_hal_spi.o(.text.SPI_DMAHalfReceiveCplt) for [Anonymous Symbol]
    stm32f4xx_hal_spi.o(.text.SPI_DMAReceiveCplt) refers to stm32f4xx_hal.o(.text.HAL_GetTick) for HAL_GetTick
    stm32f4xx_hal_spi.o(.text.SPI_DMAReceiveCplt) refers to stm32f4xx_hal_spi.o(.text.SPI_WaitFlagStateUntilTimeout) for SPI_WaitFlagStateUntilTimeout
    stm32f4xx_hal_spi.o(.text.SPI_DMAReceiveCplt) refers to stm32f4xx_hal_spi.o(.text.SPI_EndRxTransaction) for SPI_EndRxTransaction
    stm32f4xx_hal_spi.o(.text.SPI_DMAReceiveCplt) refers to stm32f4xx_hal_spi.o(.text.HAL_SPI_ErrorCallback) for HAL_SPI_ErrorCallback
    stm32f4xx_hal_spi.o(.text.SPI_DMAReceiveCplt) refers to stm32f4xx_hal_spi.o(.text.HAL_SPI_RxCpltCallback) for HAL_SPI_RxCpltCallback
    stm32f4xx_hal_spi.o(.ARM.exidx.text.SPI_DMAReceiveCplt) refers to stm32f4xx_hal_spi.o(.text.SPI_DMAReceiveCplt) for [Anonymous Symbol]
    stm32f4xx_hal_spi.o(.text.SPI_DMAHalfTransmitReceiveCplt) refers to stm32f4xx_hal_spi.o(.text.HAL_SPI_TxRxHalfCpltCallback) for HAL_SPI_TxRxHalfCpltCallback
    stm32f4xx_hal_spi.o(.ARM.exidx.text.SPI_DMAHalfTransmitReceiveCplt) refers to stm32f4xx_hal_spi.o(.text.SPI_DMAHalfTransmitReceiveCplt) for [Anonymous Symbol]
    stm32f4xx_hal_spi.o(.text.SPI_DMATransmitReceiveCplt) refers to stm32f4xx_hal.o(.text.HAL_GetTick) for HAL_GetTick
    stm32f4xx_hal_spi.o(.text.SPI_DMATransmitReceiveCplt) refers to stm32f4xx_hal_spi.o(.text.SPI_WaitFlagStateUntilTimeout) for SPI_WaitFlagStateUntilTimeout
    stm32f4xx_hal_spi.o(.text.SPI_DMATransmitReceiveCplt) refers to stm32f4xx_hal_spi.o(.text.SPI_EndRxTxTransaction) for SPI_EndRxTxTransaction
    stm32f4xx_hal_spi.o(.text.SPI_DMATransmitReceiveCplt) refers to stm32f4xx_hal_spi.o(.text.HAL_SPI_ErrorCallback) for HAL_SPI_ErrorCallback
    stm32f4xx_hal_spi.o(.text.SPI_DMATransmitReceiveCplt) refers to stm32f4xx_hal_spi.o(.text.HAL_SPI_TxRxCpltCallback) for HAL_SPI_TxRxCpltCallback
    stm32f4xx_hal_spi.o(.ARM.exidx.text.SPI_DMATransmitReceiveCplt) refers to stm32f4xx_hal_spi.o(.text.SPI_DMATransmitReceiveCplt) for [Anonymous Symbol]
    stm32f4xx_hal_spi.o(.text.HAL_SPI_Abort) refers to system_stm32f4xx.o(.data.SystemCoreClock) for SystemCoreClock
    stm32f4xx_hal_spi.o(.text.HAL_SPI_Abort) refers to stm32f4xx_hal_spi.o(.text.SPI_AbortTx_ISR) for SPI_AbortTx_ISR
    stm32f4xx_hal_spi.o(.text.HAL_SPI_Abort) refers to stm32f4xx_hal_spi.o(.text.SPI_AbortRx_ISR) for SPI_AbortRx_ISR
    stm32f4xx_hal_spi.o(.text.HAL_SPI_Abort) refers to stm32f4xx_hal_dma.o(.text.HAL_DMA_Abort) for HAL_DMA_Abort
    stm32f4xx_hal_spi.o(.ARM.exidx.text.HAL_SPI_Abort) refers to stm32f4xx_hal_spi.o(.text.HAL_SPI_Abort) for [Anonymous Symbol]
    stm32f4xx_hal_spi.o(.ARM.exidx.text.SPI_AbortTx_ISR) refers to stm32f4xx_hal_spi.o(.text.SPI_AbortTx_ISR) for [Anonymous Symbol]
    stm32f4xx_hal_spi.o(.text.SPI_AbortRx_ISR) refers to system_stm32f4xx.o(.data.SystemCoreClock) for SystemCoreClock
    stm32f4xx_hal_spi.o(.ARM.exidx.text.SPI_AbortRx_ISR) refers to stm32f4xx_hal_spi.o(.text.SPI_AbortRx_ISR) for [Anonymous Symbol]
    stm32f4xx_hal_spi.o(.text.HAL_SPI_Abort_IT) refers to system_stm32f4xx.o(.data.SystemCoreClock) for SystemCoreClock
    stm32f4xx_hal_spi.o(.text.HAL_SPI_Abort_IT) refers to stm32f4xx_hal_spi.o(.text.SPI_AbortTx_ISR) for SPI_AbortTx_ISR
    stm32f4xx_hal_spi.o(.text.HAL_SPI_Abort_IT) refers to stm32f4xx_hal_spi.o(.text.SPI_AbortRx_ISR) for SPI_AbortRx_ISR
    stm32f4xx_hal_spi.o(.text.HAL_SPI_Abort_IT) refers to stm32f4xx_hal_spi.o(.text.SPI_DMATxAbortCallback) for SPI_DMATxAbortCallback
    stm32f4xx_hal_spi.o(.text.HAL_SPI_Abort_IT) refers to stm32f4xx_hal_spi.o(.text.SPI_DMARxAbortCallback) for SPI_DMARxAbortCallback
    stm32f4xx_hal_spi.o(.text.HAL_SPI_Abort_IT) refers to stm32f4xx_hal_dma.o(.text.HAL_DMA_Abort_IT) for HAL_DMA_Abort_IT
    stm32f4xx_hal_spi.o(.text.HAL_SPI_Abort_IT) refers to stm32f4xx_hal_spi.o(.text.HAL_SPI_AbortCpltCallback) for HAL_SPI_AbortCpltCallback
    stm32f4xx_hal_spi.o(.ARM.exidx.text.HAL_SPI_Abort_IT) refers to stm32f4xx_hal_spi.o(.text.HAL_SPI_Abort_IT) for [Anonymous Symbol]
    stm32f4xx_hal_spi.o(.text.SPI_DMATxAbortCallback) refers to system_stm32f4xx.o(.data.SystemCoreClock) for SystemCoreClock
    stm32f4xx_hal_spi.o(.text.SPI_DMATxAbortCallback) refers to stm32f4xx_hal_spi.o(.text.HAL_SPI_AbortCpltCallback) for HAL_SPI_AbortCpltCallback
    stm32f4xx_hal_spi.o(.ARM.exidx.text.SPI_DMATxAbortCallback) refers to stm32f4xx_hal_spi.o(.text.SPI_DMATxAbortCallback) for [Anonymous Symbol]
    stm32f4xx_hal_spi.o(.text.SPI_DMARxAbortCallback) refers to stm32f4xx_hal.o(.text.HAL_GetTick) for HAL_GetTick
    stm32f4xx_hal_spi.o(.text.SPI_DMARxAbortCallback) refers to stm32f4xx_hal_spi.o(.text.SPI_EndRxTxTransaction) for SPI_EndRxTxTransaction
    stm32f4xx_hal_spi.o(.text.SPI_DMARxAbortCallback) refers to stm32f4xx_hal_spi.o(.text.HAL_SPI_AbortCpltCallback) for HAL_SPI_AbortCpltCallback
    stm32f4xx_hal_spi.o(.ARM.exidx.text.SPI_DMARxAbortCallback) refers to stm32f4xx_hal_spi.o(.text.SPI_DMARxAbortCallback) for [Anonymous Symbol]
    stm32f4xx_hal_spi.o(.ARM.exidx.text.HAL_SPI_AbortCpltCallback) refers to stm32f4xx_hal_spi.o(.text.HAL_SPI_AbortCpltCallback) for [Anonymous Symbol]
    stm32f4xx_hal_spi.o(.ARM.exidx.text.HAL_SPI_DMAPause) refers to stm32f4xx_hal_spi.o(.text.HAL_SPI_DMAPause) for [Anonymous Symbol]
    stm32f4xx_hal_spi.o(.ARM.exidx.text.HAL_SPI_DMAResume) refers to stm32f4xx_hal_spi.o(.text.HAL_SPI_DMAResume) for [Anonymous Symbol]
    stm32f4xx_hal_spi.o(.text.HAL_SPI_DMAStop) refers to stm32f4xx_hal_dma.o(.text.HAL_DMA_Abort) for HAL_DMA_Abort
    stm32f4xx_hal_spi.o(.ARM.exidx.text.HAL_SPI_DMAStop) refers to stm32f4xx_hal_spi.o(.text.HAL_SPI_DMAStop) for [Anonymous Symbol]
    stm32f4xx_hal_spi.o(.text.HAL_SPI_IRQHandler) refers to stm32f4xx_hal_spi.o(.text.SPI_DMAAbortOnError) for SPI_DMAAbortOnError
    stm32f4xx_hal_spi.o(.text.HAL_SPI_IRQHandler) refers to stm32f4xx_hal_dma.o(.text.HAL_DMA_Abort_IT) for HAL_DMA_Abort_IT
    stm32f4xx_hal_spi.o(.text.HAL_SPI_IRQHandler) refers to stm32f4xx_hal_spi.o(.text.HAL_SPI_ErrorCallback) for HAL_SPI_ErrorCallback
    stm32f4xx_hal_spi.o(.ARM.exidx.text.HAL_SPI_IRQHandler) refers to stm32f4xx_hal_spi.o(.text.HAL_SPI_IRQHandler) for [Anonymous Symbol]
    stm32f4xx_hal_spi.o(.text.SPI_DMAAbortOnError) refers to stm32f4xx_hal_spi.o(.text.HAL_SPI_ErrorCallback) for HAL_SPI_ErrorCallback
    stm32f4xx_hal_spi.o(.ARM.exidx.text.SPI_DMAAbortOnError) refers to stm32f4xx_hal_spi.o(.text.SPI_DMAAbortOnError) for [Anonymous Symbol]
    stm32f4xx_hal_spi.o(.ARM.exidx.text.HAL_SPI_ErrorCallback) refers to stm32f4xx_hal_spi.o(.text.HAL_SPI_ErrorCallback) for [Anonymous Symbol]
    stm32f4xx_hal_spi.o(.ARM.exidx.text.HAL_SPI_TxCpltCallback) refers to stm32f4xx_hal_spi.o(.text.HAL_SPI_TxCpltCallback) for [Anonymous Symbol]
    stm32f4xx_hal_spi.o(.ARM.exidx.text.HAL_SPI_RxCpltCallback) refers to stm32f4xx_hal_spi.o(.text.HAL_SPI_RxCpltCallback) for [Anonymous Symbol]
    stm32f4xx_hal_spi.o(.ARM.exidx.text.HAL_SPI_TxRxCpltCallback) refers to stm32f4xx_hal_spi.o(.text.HAL_SPI_TxRxCpltCallback) for [Anonymous Symbol]
    stm32f4xx_hal_spi.o(.ARM.exidx.text.HAL_SPI_TxHalfCpltCallback) refers to stm32f4xx_hal_spi.o(.text.HAL_SPI_TxHalfCpltCallback) for [Anonymous Symbol]
    stm32f4xx_hal_spi.o(.ARM.exidx.text.HAL_SPI_RxHalfCpltCallback) refers to stm32f4xx_hal_spi.o(.text.HAL_SPI_RxHalfCpltCallback) for [Anonymous Symbol]
    stm32f4xx_hal_spi.o(.ARM.exidx.text.HAL_SPI_TxRxHalfCpltCallback) refers to stm32f4xx_hal_spi.o(.text.HAL_SPI_TxRxHalfCpltCallback) for [Anonymous Symbol]
    stm32f4xx_hal_spi.o(.ARM.exidx.text.HAL_SPI_GetState) refers to stm32f4xx_hal_spi.o(.text.HAL_SPI_GetState) for [Anonymous Symbol]
    stm32f4xx_hal_spi.o(.ARM.exidx.text.HAL_SPI_GetError) refers to stm32f4xx_hal_spi.o(.text.HAL_SPI_GetError) for [Anonymous Symbol]
    stm32f4xx_hal_spi.o(.text.SPI_2linesRxISR_8BITCRC) refers to stm32f4xx_hal_spi.o(.text.SPI_CloseRxTx_ISR) for SPI_CloseRxTx_ISR
    stm32f4xx_hal_spi.o(.ARM.exidx.text.SPI_2linesRxISR_8BITCRC) refers to stm32f4xx_hal_spi.o(.text.SPI_2linesRxISR_8BITCRC) for [Anonymous Symbol]
    stm32f4xx_hal_spi.o(.text.SPI_CloseRxTx_ISR) refers to system_stm32f4xx.o(.data.SystemCoreClock) for SystemCoreClock
    stm32f4xx_hal_spi.o(.text.SPI_CloseRxTx_ISR) refers to stm32f4xx_hal.o(.text.HAL_GetTick) for HAL_GetTick
    stm32f4xx_hal_spi.o(.text.SPI_CloseRxTx_ISR) refers to stm32f4xx_hal_spi.o(.text.SPI_EndRxTxTransaction) for SPI_EndRxTxTransaction
    stm32f4xx_hal_spi.o(.text.SPI_CloseRxTx_ISR) refers to stm32f4xx_hal_spi.o(.text.HAL_SPI_ErrorCallback) for HAL_SPI_ErrorCallback
    stm32f4xx_hal_spi.o(.text.SPI_CloseRxTx_ISR) refers to stm32f4xx_hal_spi.o(.text.HAL_SPI_RxCpltCallback) for HAL_SPI_RxCpltCallback
    stm32f4xx_hal_spi.o(.text.SPI_CloseRxTx_ISR) refers to stm32f4xx_hal_spi.o(.text.HAL_SPI_TxRxCpltCallback) for HAL_SPI_TxRxCpltCallback
    stm32f4xx_hal_spi.o(.ARM.exidx.text.SPI_CloseRxTx_ISR) refers to stm32f4xx_hal_spi.o(.text.SPI_CloseRxTx_ISR) for [Anonymous Symbol]
    stm32f4xx_hal_spi.o(.text.SPI_2linesRxISR_16BITCRC) refers to stm32f4xx_hal_spi.o(.text.SPI_CloseRxTx_ISR) for SPI_CloseRxTx_ISR
    stm32f4xx_hal_spi.o(.ARM.exidx.text.SPI_2linesRxISR_16BITCRC) refers to stm32f4xx_hal_spi.o(.text.SPI_2linesRxISR_16BITCRC) for [Anonymous Symbol]
    stm32f4xx_hal_spi.o(.text.SPI_RxISR_8BITCRC) refers to stm32f4xx_hal_spi.o(.text.SPI_CloseRx_ISR) for SPI_CloseRx_ISR
    stm32f4xx_hal_spi.o(.ARM.exidx.text.SPI_RxISR_8BITCRC) refers to stm32f4xx_hal_spi.o(.text.SPI_RxISR_8BITCRC) for [Anonymous Symbol]
    stm32f4xx_hal_spi.o(.text.SPI_CloseRx_ISR) refers to stm32f4xx_hal.o(.text.HAL_GetTick) for HAL_GetTick
    stm32f4xx_hal_spi.o(.text.SPI_CloseRx_ISR) refers to stm32f4xx_hal_spi.o(.text.SPI_EndRxTransaction) for SPI_EndRxTransaction
    stm32f4xx_hal_spi.o(.text.SPI_CloseRx_ISR) refers to stm32f4xx_hal_spi.o(.text.HAL_SPI_RxCpltCallback) for HAL_SPI_RxCpltCallback
    stm32f4xx_hal_spi.o(.text.SPI_CloseRx_ISR) refers to stm32f4xx_hal_spi.o(.text.HAL_SPI_ErrorCallback) for HAL_SPI_ErrorCallback
    stm32f4xx_hal_spi.o(.ARM.exidx.text.SPI_CloseRx_ISR) refers to stm32f4xx_hal_spi.o(.text.SPI_CloseRx_ISR) for [Anonymous Symbol]
    stm32f4xx_hal_spi.o(.text.SPI_RxISR_16BITCRC) refers to stm32f4xx_hal_spi.o(.text.SPI_CloseRx_ISR) for SPI_CloseRx_ISR
    stm32f4xx_hal_spi.o(.ARM.exidx.text.SPI_RxISR_16BITCRC) refers to stm32f4xx_hal_spi.o(.text.SPI_RxISR_16BITCRC) for [Anonymous Symbol]
    stm32f4xx_hal_spi.o(.text.SPI_CloseTx_ISR) refers to system_stm32f4xx.o(.data.SystemCoreClock) for SystemCoreClock
    stm32f4xx_hal_spi.o(.text.SPI_CloseTx_ISR) refers to stm32f4xx_hal.o(.text.HAL_GetTick) for HAL_GetTick
    stm32f4xx_hal_spi.o(.text.SPI_CloseTx_ISR) refers to stm32f4xx_hal_spi.o(.text.SPI_EndRxTxTransaction) for SPI_EndRxTxTransaction
    stm32f4xx_hal_spi.o(.text.SPI_CloseTx_ISR) refers to stm32f4xx_hal_spi.o(.text.HAL_SPI_ErrorCallback) for HAL_SPI_ErrorCallback
    stm32f4xx_hal_spi.o(.text.SPI_CloseTx_ISR) refers to stm32f4xx_hal_spi.o(.text.HAL_SPI_TxCpltCallback) for HAL_SPI_TxCpltCallback
    stm32f4xx_hal_spi.o(.ARM.exidx.text.SPI_CloseTx_ISR) refers to stm32f4xx_hal_spi.o(.text.SPI_CloseTx_ISR) for [Anonymous Symbol]
    rt_memcpy_v6.o(.text) refers to rt_memcpy_w.o(.text) for __aeabi_memcpy4
    rt_memclr.o(.text) refers to rt_memclr_w.o(.text) for _memset_w
    __main.o(!!!main) refers to __rtentry.o(.ARM.Collect$$rtentry$$00000000) for __rt_entry
    __rtentry.o(.ARM.Collect$$rtentry$$00000000) refers (Special) to __rtentry2.o(.ARM.Collect$$rtentry$$0000000A) for __rt_entry_li
    __rtentry.o(.ARM.Collect$$rtentry$$00000000) refers (Special) to __rtentry2.o(.ARM.Collect$$rtentry$$0000000D) for __rt_entry_main
    __rtentry.o(.ARM.Collect$$rtentry$$00000000) refers (Special) to __rtentry2.o(.ARM.Collect$$rtentry$$0000000C) for __rt_entry_postli_1
    __rtentry.o(.ARM.Collect$$rtentry$$00000000) refers (Special) to __rtentry2.o(.ARM.Collect$$rtentry$$00000009) for __rt_entry_postsh_1
    __rtentry.o(.ARM.Collect$$rtentry$$00000000) refers (Special) to __rtentry2.o(.ARM.Collect$$rtentry$$00000002) for __rt_entry_presh_1
    __rtentry.o(.ARM.Collect$$rtentry$$00000000) refers (Special) to __rtentry4.o(.ARM.Collect$$rtentry$$00000004) for __rt_entry_sh
    aeabi_ldiv0_sigfpe.o(.text) refers to rt_div0.o(.text) for __rt_div0
    __rtentry2.o(.ARM.Collect$$rtentry$$00000008) refers to boardinit2.o(.text) for _platform_post_stackheap_init
    __rtentry2.o(.ARM.Collect$$rtentry$$0000000A) refers to libinit.o(.ARM.Collect$$libinit$$00000000) for __rt_lib_init
    __rtentry2.o(.ARM.Collect$$rtentry$$0000000B) refers to boardinit3.o(.text) for _platform_post_lib_init
    __rtentry2.o(.ARM.Collect$$rtentry$$0000000D) refers to main.o(.text.main) for main
    __rtentry2.o(.ARM.Collect$$rtentry$$0000000D) refers to exit.o(.text) for exit
    __rtentry2.o(.ARM.exidx) refers to __rtentry2.o(.ARM.Collect$$rtentry$$00000001) for .ARM.Collect$$rtentry$$00000001
    __rtentry2.o(.ARM.exidx) refers to __rtentry2.o(.ARM.Collect$$rtentry$$00000008) for .ARM.Collect$$rtentry$$00000008
    __rtentry2.o(.ARM.exidx) refers to __rtentry2.o(.ARM.Collect$$rtentry$$0000000A) for .ARM.Collect$$rtentry$$0000000A
    __rtentry2.o(.ARM.exidx) refers to __rtentry2.o(.ARM.Collect$$rtentry$$0000000B) for .ARM.Collect$$rtentry$$0000000B
    __rtentry2.o(.ARM.exidx) refers to __rtentry2.o(.ARM.Collect$$rtentry$$0000000D) for .ARM.Collect$$rtentry$$0000000D
    __rtentry4.o(.ARM.Collect$$rtentry$$00000004) refers to sys_stackheap_outer.o(.text) for __user_setup_stackheap
    __rtentry4.o(.ARM.exidx) refers to __rtentry4.o(.ARM.Collect$$rtentry$$00000004) for .ARM.Collect$$rtentry$$00000004
    rt_div0.o(.text) refers to defsig_fpe_outer.o(.text) for __rt_SIGFPE
    sys_stackheap_outer.o(.text) refers to libspace.o(.text) for __user_perproc_libspace
    sys_stackheap_outer.o(.text) refers to startup_stm32f446xx.o(.text) for __user_initial_stackheap
    exit.o(.text) refers to rtexit.o(.ARM.Collect$$rtexit$$00000000) for __rt_exit
    defsig_fpe_outer.o(.text) refers to defsig_fpe_inner.o(.text) for __rt_SIGFPE_inner
    defsig_fpe_outer.o(.text) refers to defsig_exit.o(.text) for __sig_exit
    defsig_fpe_formal.o(.text) refers to rt_raise.o(.text) for __rt_raise
    libinit.o(.ARM.Collect$$libinit$$00000000) refers (Special) to libinit2.o(.ARM.Collect$$libinit$$0000002E) for __rt_lib_init_alloca_1
    libinit.o(.ARM.Collect$$libinit$$00000000) refers (Special) to libinit2.o(.ARM.Collect$$libinit$$0000002C) for __rt_lib_init_argv_1
    libinit.o(.ARM.Collect$$libinit$$00000000) refers (Special) to libinit2.o(.ARM.Collect$$libinit$$0000001B) for __rt_lib_init_atexit_1
    libinit.o(.ARM.Collect$$libinit$$00000000) refers (Special) to libinit2.o(.ARM.Collect$$libinit$$00000021) for __rt_lib_init_clock_1
    libinit.o(.ARM.Collect$$libinit$$00000000) refers (Special) to libinit2.o(.ARM.Collect$$libinit$$00000032) for __rt_lib_init_cpp_1
    libinit.o(.ARM.Collect$$libinit$$00000000) refers (Special) to libinit2.o(.ARM.Collect$$libinit$$00000030) for __rt_lib_init_exceptions_1
    libinit.o(.ARM.Collect$$libinit$$00000000) refers (Special) to libinit2.o(.ARM.Collect$$libinit$$00000001) for __rt_lib_init_fp_1
    libinit.o(.ARM.Collect$$libinit$$00000000) refers (Special) to libinit2.o(.ARM.Collect$$libinit$$0000001F) for __rt_lib_init_fp_trap_1
    libinit.o(.ARM.Collect$$libinit$$00000000) refers (Special) to libinit2.o(.ARM.Collect$$libinit$$00000023) for __rt_lib_init_getenv_1
    libinit.o(.ARM.Collect$$libinit$$00000000) refers (Special) to libinit2.o(.ARM.Collect$$libinit$$0000000A) for __rt_lib_init_heap_1
    libinit.o(.ARM.Collect$$libinit$$00000000) refers (Special) to libinit2.o(.ARM.Collect$$libinit$$00000011) for __rt_lib_init_lc_collate_1
    libinit.o(.ARM.Collect$$libinit$$00000000) refers (Special) to libinit2.o(.ARM.Collect$$libinit$$00000013) for __rt_lib_init_lc_ctype_1
    libinit.o(.ARM.Collect$$libinit$$00000000) refers (Special) to libinit2.o(.ARM.Collect$$libinit$$00000015) for __rt_lib_init_lc_monetary_1
    libinit.o(.ARM.Collect$$libinit$$00000000) refers (Special) to libinit2.o(.ARM.Collect$$libinit$$00000017) for __rt_lib_init_lc_numeric_1
    libinit.o(.ARM.Collect$$libinit$$00000000) refers (Special) to libinit2.o(.ARM.Collect$$libinit$$00000019) for __rt_lib_init_lc_time_1
    libinit.o(.ARM.Collect$$libinit$$00000000) refers (Special) to libinit2.o(.ARM.Collect$$libinit$$00000004) for __rt_lib_init_preinit_1
    libinit.o(.ARM.Collect$$libinit$$00000000) refers (Special) to libinit2.o(.ARM.Collect$$libinit$$0000000E) for __rt_lib_init_rand_1
    libinit.o(.ARM.Collect$$libinit$$00000000) refers (Special) to libinit2.o(.ARM.Collect$$libinit$$00000033) for __rt_lib_init_return
    libinit.o(.ARM.Collect$$libinit$$00000000) refers (Special) to libinit2.o(.ARM.Collect$$libinit$$0000001D) for __rt_lib_init_signal_1
    libinit.o(.ARM.Collect$$libinit$$00000000) refers (Special) to libinit2.o(.ARM.Collect$$libinit$$00000025) for __rt_lib_init_stdio_1
    libinit.o(.ARM.Collect$$libinit$$00000000) refers (Special) to libinit2.o(.ARM.Collect$$libinit$$0000000C) for __rt_lib_init_user_alloc_1
    libspace.o(.text) refers to libspace.o(.bss) for __libspace_start
    rtexit.o(.ARM.Collect$$rtexit$$00000000) refers (Special) to rtexit2.o(.ARM.Collect$$rtexit$$00000004) for __rt_exit_exit
    rtexit.o(.ARM.Collect$$rtexit$$00000000) refers (Special) to rtexit2.o(.ARM.Collect$$rtexit$$00000003) for __rt_exit_ls
    rtexit.o(.ARM.Collect$$rtexit$$00000000) refers (Special) to rtexit2.o(.ARM.Collect$$rtexit$$00000002) for __rt_exit_prels_1
    rtexit.o(.ARM.exidx) refers (Special) to rtexit2.o(.ARM.Collect$$rtexit$$00000004) for __rt_exit_exit
    rtexit.o(.ARM.exidx) refers (Special) to rtexit2.o(.ARM.Collect$$rtexit$$00000003) for __rt_exit_ls
    rtexit.o(.ARM.exidx) refers (Special) to rtexit2.o(.ARM.Collect$$rtexit$$00000002) for __rt_exit_prels_1
    rtexit.o(.ARM.exidx) refers to rtexit.o(.ARM.Collect$$rtexit$$00000000) for .ARM.Collect$$rtexit$$00000000
    rt_raise.o(.text) refers to __raise.o(.text) for __raise
    rt_raise.o(.text) refers to sys_exit.o(.text) for _sys_exit
    defsig_exit.o(.text) refers to sys_exit.o(.text) for _sys_exit
    defsig_fpe_inner.o(.text) refers to defsig_general.o(.text) for __default_signal_display
    libinit2.o(.ARM.Collect$$libinit$$00000001) refers to fpinit.o(x$fpl$fpinit) for _fp_init
    libinit2.o(.ARM.Collect$$libinit$$00000010) refers to libinit2.o(.ARM.Collect$$libinit$$0000000F) for .ARM.Collect$$libinit$$0000000F
    libinit2.o(.ARM.Collect$$libinit$$00000012) refers to libinit2.o(.ARM.Collect$$libinit$$0000000F) for .ARM.Collect$$libinit$$0000000F
    libinit2.o(.ARM.Collect$$libinit$$00000014) refers to libinit2.o(.ARM.Collect$$libinit$$0000000F) for .ARM.Collect$$libinit$$0000000F
    libinit2.o(.ARM.Collect$$libinit$$00000016) refers to libinit2.o(.ARM.Collect$$libinit$$0000000F) for .ARM.Collect$$libinit$$0000000F
    libinit2.o(.ARM.Collect$$libinit$$00000018) refers to libinit2.o(.ARM.Collect$$libinit$$0000000F) for .ARM.Collect$$libinit$$0000000F
    libinit2.o(.ARM.Collect$$libinit$$00000026) refers to argv_veneer.o(.emb_text) for __ARM_argv_veneer
    libinit2.o(.ARM.Collect$$libinit$$00000027) refers to argv_veneer.o(.emb_text) for __ARM_argv_veneer
    sys_exit.o(.text) refers (Special) to use_no_semi.o(.text) for __I$use$semihosting
    sys_exit.o(.text) refers (Special) to indicate_semi.o(.text) for __semihosting_library_function
    sys_exit_hlt.o(.text) refers (Special) to use_no_semi.o(.text) for __I$use$semihosting
    sys_exit_hlt.o(.text) refers (Special) to indicate_semi.o(.text) for __semihosting_library_function
    rtexit2.o(.ARM.Collect$$rtexit$$00000003) refers to libshutdown.o(.ARM.Collect$$libshutdown$$00000000) for __rt_lib_shutdown
    rtexit2.o(.ARM.Collect$$rtexit$$00000004) refers to sys_exit.o(.text) for _sys_exit
    rtexit2.o(.ARM.exidx) refers to rtexit2.o(.ARM.Collect$$rtexit$$00000001) for .ARM.Collect$$rtexit$$00000001
    rtexit2.o(.ARM.exidx) refers to rtexit2.o(.ARM.Collect$$rtexit$$00000003) for .ARM.Collect$$rtexit$$00000003
    rtexit2.o(.ARM.exidx) refers to rtexit2.o(.ARM.Collect$$rtexit$$00000004) for .ARM.Collect$$rtexit$$00000004
    __raise.o(.text) refers to defsig.o(CL$$defsig) for __default_signal_handler
    defsig_general.o(.text) refers to sys_wrch.o(.text) for _ttywrch
    argv_veneer.o(.emb_text) refers to no_argv.o(.text) for __ARM_get_argv
    sys_wrch.o(.text) refers (Special) to use_no_semi.o(.text) for __I$use$semihosting
    sys_wrch.o(.text) refers (Special) to indicate_semi.o(.text) for __semihosting_library_function
    sys_wrch_hlt.o(.text) refers (Special) to use_no_semi.o(.text) for __I$use$semihosting
    sys_wrch_hlt.o(.text) refers (Special) to indicate_semi.o(.text) for __semihosting_library_function
    defsig.o(CL$$defsig) refers to defsig_fpe_inner.o(.text) for __rt_SIGFPE_inner
    defsig.o(CL$$defsig) refers to defsig_rtmem_inner.o(.text) for __rt_SIGRTMEM_inner
    _get_argv_nomalloc.o(.text) refers (Special) to hrguard.o(.text) for __heap_region$guard
    _get_argv_nomalloc.o(.text) refers to defsig_rtmem_outer.o(.text) for __rt_SIGRTMEM
    _get_argv_nomalloc.o(.text) refers to sys_command.o(.text) for _sys_command_string
    libshutdown.o(.ARM.Collect$$libshutdown$$00000000) refers (Special) to libshutdown2.o(.ARM.Collect$$libshutdown$$00000002) for __rt_lib_shutdown_cpp_1
    libshutdown.o(.ARM.Collect$$libshutdown$$00000000) refers (Special) to libshutdown2.o(.ARM.Collect$$libshutdown$$00000007) for __rt_lib_shutdown_fp_trap_1
    libshutdown.o(.ARM.Collect$$libshutdown$$00000000) refers (Special) to libshutdown2.o(.ARM.Collect$$libshutdown$$0000000F) for __rt_lib_shutdown_heap_1
    libshutdown.o(.ARM.Collect$$libshutdown$$00000000) refers (Special) to libshutdown2.o(.ARM.Collect$$libshutdown$$00000010) for __rt_lib_shutdown_return
    libshutdown.o(.ARM.Collect$$libshutdown$$00000000) refers (Special) to libshutdown2.o(.ARM.Collect$$libshutdown$$0000000A) for __rt_lib_shutdown_signal_1
    libshutdown.o(.ARM.Collect$$libshutdown$$00000000) refers (Special) to libshutdown2.o(.ARM.Collect$$libshutdown$$00000004) for __rt_lib_shutdown_stdio_1
    libshutdown.o(.ARM.Collect$$libshutdown$$00000000) refers (Special) to libshutdown2.o(.ARM.Collect$$libshutdown$$0000000C) for __rt_lib_shutdown_user_alloc_1
    sys_command.o(.text) refers (Special) to use_no_semi.o(.text) for __I$use$semihosting
    sys_command.o(.text) refers (Special) to indicate_semi.o(.text) for __semihosting_library_function
    sys_command_hlt.o(.text) refers (Special) to use_no_semi.o(.text) for __I$use$semihosting
    sys_command_hlt.o(.text) refers (Special) to indicate_semi.o(.text) for __semihosting_library_function
    defsig_abrt_inner.o(.text) refers to defsig_general.o(.text) for __default_signal_display
    defsig_rtred_inner.o(.text) refers to defsig_general.o(.text) for __default_signal_display
    defsig_rtmem_inner.o(.text) refers to defsig_general.o(.text) for __default_signal_display
    defsig_rtmem_outer.o(.text) refers to defsig_rtmem_inner.o(.text) for __rt_SIGRTMEM_inner
    defsig_rtmem_outer.o(.text) refers to defsig_exit.o(.text) for __sig_exit
    defsig_rtmem_formal.o(.text) refers to rt_raise.o(.text) for __rt_raise
    defsig_stak_inner.o(.text) refers to defsig_general.o(.text) for __default_signal_display
    defsig_pvfn_inner.o(.text) refers to defsig_general.o(.text) for __default_signal_display
    defsig_cppl_inner.o(.text) refers to defsig_general.o(.text) for __default_signal_display
    defsig_segv_inner.o(.text) refers to defsig_general.o(.text) for __default_signal_display
    defsig_other.o(.text) refers to defsig_general.o(.text) for __default_signal_display


==============================================================================

Removing Unused input sections from the image.

    Removing main.o(.text), (0 bytes).
    Removing main.o(.ARM.exidx.text.main), (8 bytes).
    Removing main.o(.ARM.use_no_argv), (4 bytes).
    Removing api_lib.o(.text), (0 bytes).
    Removing api_msg.o(.text), (0 bytes).
    Removing err.o(.text), (0 bytes).
    Removing err.o(.text.lwip_strerr), (76 bytes).
    Removing err.o(.ARM.exidx.text.lwip_strerr), (8 bytes).
    Removing err.o(.rodata.str1.1), (274 bytes).
    Removing netbuf.o(.text), (0 bytes).
    Removing netdb.o(.text), (0 bytes).
    Removing netifapi.o(.text), (0 bytes).
    Removing sockets.o(.text), (0 bytes).
    Removing tcpip.o(.text), (0 bytes).
    Removing autoip.o(.text), (0 bytes).
    Removing icmp.o(.text), (0 bytes).
    Removing icmp.o(.text.icmp_input), (310 bytes).
    Removing icmp.o(.ARM.exidx.text.icmp_input), (8 bytes).
    Removing icmp.o(.text.icmp_dest_unreach), (12 bytes).
    Removing icmp.o(.ARM.exidx.text.icmp_dest_unreach), (8 bytes).
    Removing icmp.o(.text.icmp_send_response), (110 bytes).
    Removing icmp.o(.ARM.exidx.text.icmp_send_response), (8 bytes).
    Removing icmp.o(.text.icmp_time_exceeded), (12 bytes).
    Removing icmp.o(.ARM.exidx.text.icmp_time_exceeded), (8 bytes).
    Removing igmp.o(.text), (0 bytes).
    Removing inet.o(.text), (0 bytes).
    Removing inet_chksum.o(.text), (0 bytes).
    Removing inet_chksum.o(.text.inet_chksum_pseudo), (140 bytes).
    Removing inet_chksum.o(.ARM.exidx.text.inet_chksum_pseudo), (8 bytes).
    Removing inet_chksum.o(.text.lwip_standard_chksum), (116 bytes).
    Removing inet_chksum.o(.ARM.exidx.text.lwip_standard_chksum), (8 bytes).
    Removing inet_chksum.o(.text.inet_chksum_pseudo_partial), (182 bytes).
    Removing inet_chksum.o(.ARM.exidx.text.inet_chksum_pseudo_partial), (8 bytes).
    Removing inet_chksum.o(.text.inet_chksum), (14 bytes).
    Removing inet_chksum.o(.ARM.exidx.text.inet_chksum), (8 bytes).
    Removing inet_chksum.o(.text.inet_chksum_pbuf), (84 bytes).
    Removing inet_chksum.o(.ARM.exidx.text.inet_chksum_pbuf), (8 bytes).
    Removing ip.o(.text), (0 bytes).
    Removing ip.o(.text.ip_route), (72 bytes).
    Removing ip.o(.ARM.exidx.text.ip_route), (8 bytes).
    Removing ip.o(.text.ip_input), (446 bytes).
    Removing ip.o(.ARM.exidx.text.ip_input), (8 bytes).
    Removing ip.o(.text.ip_output_if), (236 bytes).
    Removing ip.o(.ARM.exidx.text.ip_output_if), (8 bytes).
    Removing ip.o(.text.ip_output), (58 bytes).
    Removing ip.o(.ARM.exidx.text.ip_output), (8 bytes).
    Removing ip.o(.bss.current_iphdr_dest), (4 bytes).
    Removing ip.o(.bss.current_iphdr_src), (4 bytes).
    Removing ip.o(.bss.current_netif), (4 bytes).
    Removing ip.o(.bss.current_header), (4 bytes).
    Removing ip.o(.bss.ip_id), (2 bytes).
    Removing ip_addr.o(.text), (0 bytes).
    Removing ip_addr.o(.text.ip4_addr_isbroadcast), (56 bytes).
    Removing ip_addr.o(.ARM.exidx.text.ip4_addr_isbroadcast), (8 bytes).
    Removing ip_addr.o(.text.ip4_addr_netmask_valid), (40 bytes).
    Removing ip_addr.o(.ARM.exidx.text.ip4_addr_netmask_valid), (8 bytes).
    Removing ip_addr.o(.text.ipaddr_addr), (26 bytes).
    Removing ip_addr.o(.ARM.exidx.text.ipaddr_addr), (8 bytes).
    Removing ip_addr.o(.text.ipaddr_aton), (436 bytes).
    Removing ip_addr.o(.ARM.exidx.text.ipaddr_aton), (8 bytes).
    Removing ip_addr.o(.text.ipaddr_ntoa), (18 bytes).
    Removing ip_addr.o(.ARM.exidx.text.ipaddr_ntoa), (8 bytes).
    Removing ip_addr.o(.text.ipaddr_ntoa_r), (196 bytes).
    Removing ip_addr.o(.ARM.exidx.text.ipaddr_ntoa_r), (8 bytes).
    Removing ip_addr.o(.rodata.ip_addr_any), (4 bytes).
    Removing ip_addr.o(.rodata.ip_addr_broadcast), (4 bytes).
    Removing ip_addr.o(.bss.ipaddr_ntoa.str), (16 bytes).
    Removing ip_frag.o(.text), (0 bytes).
    Removing ip_frag.o(.text.ip_reass_tmr), (54 bytes).
    Removing ip_frag.o(.ARM.exidx.text.ip_reass_tmr), (8 bytes).
    Removing ip_frag.o(.text.ip_reass_free_complete_datagram), (116 bytes).
    Removing ip_frag.o(.ARM.exidx.text.ip_reass_free_complete_datagram), (8 bytes).
    Removing ip_frag.o(.text.ip_reass), (384 bytes).
    Removing ip_frag.o(.ARM.exidx.text.ip_reass), (8 bytes).
    Removing ip_frag.o(.text.ip_reass_remove_oldest_datagram), (134 bytes).
    Removing ip_frag.o(.ARM.exidx.text.ip_reass_remove_oldest_datagram), (8 bytes).
    Removing ip_frag.o(.text.ip_reass_enqueue_new_datagram), (100 bytes).
    Removing ip_frag.o(.ARM.exidx.text.ip_reass_enqueue_new_datagram), (8 bytes).
    Removing ip_frag.o(.text.ip_reass_chain_frag_into_datagram_and_validate), (248 bytes).
    Removing ip_frag.o(.ARM.exidx.text.ip_reass_chain_frag_into_datagram_and_validate), (8 bytes).
    Removing ip_frag.o(.text.ip_reass_dequeue_datagram), (36 bytes).
    Removing ip_frag.o(.ARM.exidx.text.ip_reass_dequeue_datagram), (8 bytes).
    Removing ip_frag.o(.text.ip_frag), (406 bytes).
    Removing ip_frag.o(.ARM.exidx.text.ip_frag), (8 bytes).
    Removing ip_frag.o(.text.ip_frag_alloc_pbuf_custom_ref), (10 bytes).
    Removing ip_frag.o(.ARM.exidx.text.ip_frag_alloc_pbuf_custom_ref), (8 bytes).
    Removing ip_frag.o(.text.ip_frag_free_pbuf_custom_ref), (12 bytes).
    Removing ip_frag.o(.ARM.exidx.text.ip_frag_free_pbuf_custom_ref), (8 bytes).
    Removing ip_frag.o(.text.ipfrag_free_pbuf_custom), (22 bytes).
    Removing ip_frag.o(.ARM.exidx.text.ipfrag_free_pbuf_custom), (8 bytes).
    Removing ip_frag.o(.bss.reassdatagrams), (4 bytes).
    Removing ip_frag.o(.bss.ip_reass_pbufcount), (2 bytes).
    Removing def.o(.text), (0 bytes).
    Removing def.o(.text.lwip_htons), (4 bytes).
    Removing def.o(.ARM.exidx.text.lwip_htons), (8 bytes).
    Removing def.o(.text.lwip_ntohs), (8 bytes).
    Removing def.o(.ARM.exidx.text.lwip_ntohs), (8 bytes).
    Removing def.o(.text.lwip_htonl), (4 bytes).
    Removing def.o(.ARM.exidx.text.lwip_htonl), (8 bytes).
    Removing def.o(.text.lwip_ntohl), (8 bytes).
    Removing def.o(.ARM.exidx.text.lwip_ntohl), (8 bytes).
    Removing dhcp.o(.text), (0 bytes).
    Removing dhcp.o(.text.dhcp_coarse_tmr), (64 bytes).
    Removing dhcp.o(.ARM.exidx.text.dhcp_coarse_tmr), (8 bytes).
    Removing dhcp.o(.text.dhcp_t2_timeout), (32 bytes).
    Removing dhcp.o(.ARM.exidx.text.dhcp_t2_timeout), (8 bytes).
    Removing dhcp.o(.text.dhcp_t1_timeout), (32 bytes).
    Removing dhcp.o(.ARM.exidx.text.dhcp_t1_timeout), (8 bytes).
    Removing dhcp.o(.text.dhcp_fine_tmr), (60 bytes).
    Removing dhcp.o(.ARM.exidx.text.dhcp_fine_tmr), (8 bytes).
    Removing dhcp.o(.text.dhcp_timeout), (126 bytes).
    Removing dhcp.o(.ARM.exidx.text.dhcp_timeout), (8 bytes).
    Removing dhcp.o(.text.dhcp_set_struct), (18 bytes).
    Removing dhcp.o(.ARM.exidx.text.dhcp_set_struct), (8 bytes).
    Removing dhcp.o(.text.dhcp_cleanup), (22 bytes).
    Removing dhcp.o(.ARM.exidx.text.dhcp_cleanup), (8 bytes).
    Removing dhcp.o(.text.dhcp_start), (166 bytes).
    Removing dhcp.o(.ARM.exidx.text.dhcp_start), (8 bytes).
    Removing dhcp.o(.text.dhcp_recv), (230 bytes).
    Removing dhcp.o(.ARM.exidx.text.dhcp_recv), (8 bytes).
    Removing dhcp.o(.text.dhcp_discover), (192 bytes).
    Removing dhcp.o(.ARM.exidx.text.dhcp_discover), (8 bytes).
    Removing dhcp.o(.text.dhcp_stop), (46 bytes).
    Removing dhcp.o(.ARM.exidx.text.dhcp_stop), (8 bytes).
    Removing dhcp.o(.text.dhcp_inform), (162 bytes).
    Removing dhcp.o(.ARM.exidx.text.dhcp_inform), (8 bytes).
    Removing dhcp.o(.text.dhcp_set_state), (18 bytes).
    Removing dhcp.o(.ARM.exidx.text.dhcp_set_state), (8 bytes).
    Removing dhcp.o(.text.dhcp_create_msg), (282 bytes).
    Removing dhcp.o(.ARM.exidx.text.dhcp_create_msg), (8 bytes).
    Removing dhcp.o(.text.dhcp_option), (44 bytes).
    Removing dhcp.o(.ARM.exidx.text.dhcp_option), (8 bytes).
    Removing dhcp.o(.text.dhcp_option_short), (42 bytes).
    Removing dhcp.o(.ARM.exidx.text.dhcp_option_short), (8 bytes).
    Removing dhcp.o(.text.dhcp_option_trailer), (92 bytes).
    Removing dhcp.o(.ARM.exidx.text.dhcp_option_trailer), (8 bytes).
    Removing dhcp.o(.text.dhcp_delete_msg), (32 bytes).
    Removing dhcp.o(.ARM.exidx.text.dhcp_delete_msg), (8 bytes).
    Removing dhcp.o(.text.dhcp_network_changed), (56 bytes).
    Removing dhcp.o(.ARM.exidx.text.dhcp_network_changed), (8 bytes).
    Removing dhcp.o(.text.dhcp_reboot), (166 bytes).
    Removing dhcp.o(.ARM.exidx.text.dhcp_reboot), (8 bytes).
    Removing dhcp.o(.text.dhcp_arp_reply), (32 bytes).
    Removing dhcp.o(.ARM.exidx.text.dhcp_arp_reply), (8 bytes).
    Removing dhcp.o(.text.dhcp_decline), (110 bytes).
    Removing dhcp.o(.ARM.exidx.text.dhcp_decline), (8 bytes).
    Removing dhcp.o(.text.dhcp_renew), (140 bytes).
    Removing dhcp.o(.ARM.exidx.text.dhcp_renew), (8 bytes).
    Removing dhcp.o(.text.dhcp_release), (178 bytes).
    Removing dhcp.o(.ARM.exidx.text.dhcp_release), (8 bytes).
    Removing dhcp.o(.text.dhcp_select), (234 bytes).
    Removing dhcp.o(.ARM.exidx.text.dhcp_select), (8 bytes).
    Removing dhcp.o(.text.dhcp_check), (38 bytes).
    Removing dhcp.o(.ARM.exidx.text.dhcp_check), (8 bytes).
    Removing dhcp.o(.text.dhcp_bind), (202 bytes).
    Removing dhcp.o(.ARM.exidx.text.dhcp_bind), (8 bytes).
    Removing dhcp.o(.text.dhcp_rebind), (140 bytes).
    Removing dhcp.o(.ARM.exidx.text.dhcp_rebind), (8 bytes).
    Removing dhcp.o(.text.dhcp_option_long), (86 bytes).
    Removing dhcp.o(.ARM.exidx.text.dhcp_option_long), (8 bytes).
    Removing dhcp.o(.text.dhcp_option_byte), (20 bytes).
    Removing dhcp.o(.ARM.exidx.text.dhcp_option_byte), (8 bytes).
    Removing dhcp.o(.text.dhcp_parse_reply), (740 bytes).
    Removing dhcp.o(.ARM.exidx.text.dhcp_parse_reply), (8 bytes).
    Removing dhcp.o(.text.dhcp_handle_ack), (112 bytes).
    Removing dhcp.o(.ARM.exidx.text.dhcp_handle_ack), (8 bytes).
    Removing dhcp.o(.text.dhcp_handle_nak), (58 bytes).
    Removing dhcp.o(.ARM.exidx.text.dhcp_handle_nak), (8 bytes).
    Removing dhcp.o(.text.dhcp_handle_offer), (52 bytes).
    Removing dhcp.o(.ARM.exidx.text.dhcp_handle_offer), (8 bytes).
    Removing dhcp.o(.bss.dhcp_rx_options_val), (40 bytes).
    Removing dhcp.o(.bss.dhcp_rx_options_given), (10 bytes).
    Removing dhcp.o(.data.dhcp_create_msg.xid), (4 bytes).
    Removing dns.o(.text), (0 bytes).
    Removing init.o(.text), (0 bytes).
    Removing init.o(.text.lwip_init), (24 bytes).
    Removing init.o(.ARM.exidx.text.lwip_init), (8 bytes).
    Removing mem.o(.text), (0 bytes).
    Removing mem.o(.text.mem_init), (74 bytes).
    Removing mem.o(.ARM.exidx.text.mem_init), (8 bytes).
    Removing mem.o(.text.mem_free), (70 bytes).
    Removing mem.o(.ARM.exidx.text.mem_free), (8 bytes).
    Removing mem.o(.text.plug_holes), (124 bytes).
    Removing mem.o(.ARM.exidx.text.plug_holes), (8 bytes).
    Removing mem.o(.text.mem_trim), (214 bytes).
    Removing mem.o(.ARM.exidx.text.mem_trim), (8 bytes).
    Removing mem.o(.text.mem_malloc), (200 bytes).
    Removing mem.o(.ARM.exidx.text.mem_malloc), (8 bytes).
    Removing mem.o(.text.mem_calloc), (28 bytes).
    Removing mem.o(.ARM.exidx.text.mem_calloc), (8 bytes).
    Removing mem.o(.bss.ram_heap), (4116 bytes).
    Removing mem.o(.bss.ram), (4 bytes).
    Removing mem.o(.bss.ram_end), (4 bytes).
    Removing mem.o(.bss.lfree), (4 bytes).
    Removing memp.o(.text), (0 bytes).
    Removing memp.o(.text.memp_init), (92 bytes).
    Removing memp.o(.ARM.exidx.text.memp_init), (8 bytes).
    Removing memp.o(.text.memp_malloc), (34 bytes).
    Removing memp.o(.ARM.exidx.text.memp_malloc), (8 bytes).
    Removing memp.o(.text.memp_free), (26 bytes).
    Removing memp.o(.ARM.exidx.text.memp_free), (8 bytes).
    Removing memp.o(.bss.memp_memory), (9211 bytes).
    Removing memp.o(.bss.memp_tab), (36 bytes).
    Removing memp.o(.rodata.memp_num), (18 bytes).
    Removing memp.o(.rodata.memp_sizes), (18 bytes).
    Removing netif.o(.text), (0 bytes).
    Removing netif.o(.text.netif_init), (2 bytes).
    Removing netif.o(.ARM.exidx.text.netif_init), (8 bytes).
    Removing netif.o(.text.netif_add), (92 bytes).
    Removing netif.o(.ARM.exidx.text.netif_add), (8 bytes).
    Removing netif.o(.text.netif_set_addr), (30 bytes).
    Removing netif.o(.ARM.exidx.text.netif_set_addr), (8 bytes).
    Removing netif.o(.text.netif_set_ipaddr), (96 bytes).
    Removing netif.o(.ARM.exidx.text.netif_set_ipaddr), (8 bytes).
    Removing netif.o(.text.netif_set_netmask), (12 bytes).
    Removing netif.o(.ARM.exidx.text.netif_set_netmask), (8 bytes).
    Removing netif.o(.text.netif_set_gw), (12 bytes).
    Removing netif.o(.ARM.exidx.text.netif_set_gw), (8 bytes).
    Removing netif.o(.text.netif_remove), (68 bytes).
    Removing netif.o(.ARM.exidx.text.netif_remove), (8 bytes).
    Removing netif.o(.text.netif_set_down), (30 bytes).
    Removing netif.o(.ARM.exidx.text.netif_set_down), (8 bytes).
    Removing netif.o(.text.netif_set_default), (12 bytes).
    Removing netif.o(.ARM.exidx.text.netif_set_default), (8 bytes).
    Removing netif.o(.text.netif_find), (72 bytes).
    Removing netif.o(.ARM.exidx.text.netif_find), (8 bytes).
    Removing netif.o(.text.netif_set_up), (36 bytes).
    Removing netif.o(.ARM.exidx.text.netif_set_up), (8 bytes).
    Removing netif.o(.text.netif_set_link_up), (64 bytes).
    Removing netif.o(.ARM.exidx.text.netif_set_link_up), (8 bytes).
    Removing netif.o(.text.netif_set_link_down), (30 bytes).
    Removing netif.o(.ARM.exidx.text.netif_set_link_down), (8 bytes).
    Removing netif.o(.text.netif_set_link_callback), (8 bytes).
    Removing netif.o(.ARM.exidx.text.netif_set_link_callback), (8 bytes).
    Removing netif.o(.bss.netif_num), (1 bytes).
    Removing netif.o(.bss.netif_list), (4 bytes).
    Removing netif.o(.bss.netif_default), (4 bytes).
    Removing pbuf.o(.text), (0 bytes).
    Removing pbuf.o(.text.pbuf_alloc), (296 bytes).
    Removing pbuf.o(.ARM.exidx.text.pbuf_alloc), (8 bytes).
    Removing pbuf.o(.text.pbuf_free), (92 bytes).
    Removing pbuf.o(.ARM.exidx.text.pbuf_free), (8 bytes).
    Removing pbuf.o(.text.pbuf_alloced_custom), (88 bytes).
    Removing pbuf.o(.ARM.exidx.text.pbuf_alloced_custom), (8 bytes).
    Removing pbuf.o(.text.pbuf_realloc), (88 bytes).
    Removing pbuf.o(.ARM.exidx.text.pbuf_realloc), (8 bytes).
    Removing pbuf.o(.text.pbuf_header), (126 bytes).
    Removing pbuf.o(.ARM.exidx.text.pbuf_header), (8 bytes).
    Removing pbuf.o(.text.pbuf_clen), (16 bytes).
    Removing pbuf.o(.ARM.exidx.text.pbuf_clen), (8 bytes).
    Removing pbuf.o(.text.pbuf_ref), (14 bytes).
    Removing pbuf.o(.ARM.exidx.text.pbuf_ref), (8 bytes).
    Removing pbuf.o(.text.pbuf_cat), (56 bytes).
    Removing pbuf.o(.ARM.exidx.text.pbuf_cat), (8 bytes).
    Removing pbuf.o(.text.pbuf_chain), (16 bytes).
    Removing pbuf.o(.ARM.exidx.text.pbuf_chain), (8 bytes).
    Removing pbuf.o(.text.pbuf_dechain), (36 bytes).
    Removing pbuf.o(.ARM.exidx.text.pbuf_dechain), (8 bytes).
    Removing pbuf.o(.text.pbuf_copy), (194 bytes).
    Removing pbuf.o(.ARM.exidx.text.pbuf_copy), (8 bytes).
    Removing pbuf.o(.text.pbuf_copy_partial), (102 bytes).
    Removing pbuf.o(.ARM.exidx.text.pbuf_copy_partial), (8 bytes).
    Removing pbuf.o(.text.pbuf_take), (92 bytes).
    Removing pbuf.o(.ARM.exidx.text.pbuf_take), (8 bytes).
    Removing pbuf.o(.text.pbuf_coalesce), (42 bytes).
    Removing pbuf.o(.ARM.exidx.text.pbuf_coalesce), (8 bytes).
    Removing pbuf.o(.text.pbuf_get_at), (38 bytes).
    Removing pbuf.o(.ARM.exidx.text.pbuf_get_at), (8 bytes).
    Removing pbuf.o(.text.pbuf_memcmp), (90 bytes).
    Removing pbuf.o(.ARM.exidx.text.pbuf_memcmp), (8 bytes).
    Removing pbuf.o(.text.pbuf_memfind), (72 bytes).
    Removing pbuf.o(.ARM.exidx.text.pbuf_memfind), (8 bytes).
    Removing pbuf.o(.text.pbuf_strstr), (54 bytes).
    Removing pbuf.o(.ARM.exidx.text.pbuf_strstr), (8 bytes).
    Removing raw.o(.text), (0 bytes).
    Removing raw.o(.text.raw_input), (126 bytes).
    Removing raw.o(.ARM.exidx.text.raw_input), (8 bytes).
    Removing raw.o(.text.raw_bind), (16 bytes).
    Removing raw.o(.ARM.exidx.text.raw_bind), (8 bytes).
    Removing raw.o(.text.raw_connect), (16 bytes).
    Removing raw.o(.ARM.exidx.text.raw_connect), (8 bytes).
    Removing raw.o(.text.raw_recv), (6 bytes).
    Removing raw.o(.ARM.exidx.text.raw_recv), (8 bytes).
    Removing raw.o(.text.raw_sendto), (152 bytes).
    Removing raw.o(.ARM.exidx.text.raw_sendto), (8 bytes).
    Removing raw.o(.text.raw_send), (10 bytes).
    Removing raw.o(.ARM.exidx.text.raw_send), (8 bytes).
    Removing raw.o(.text.raw_remove), (54 bytes).
    Removing raw.o(.ARM.exidx.text.raw_remove), (8 bytes).
    Removing raw.o(.text.raw_new), (52 bytes).
    Removing raw.o(.ARM.exidx.text.raw_new), (8 bytes).
    Removing raw.o(.bss.raw_pcbs), (4 bytes).
    Removing stats.o(.text), (0 bytes).
    Removing sys.o(.text), (0 bytes).
    Removing tcp.o(.text), (0 bytes).
    Removing tcp.o(.text.tcp_init), (2 bytes).
    Removing tcp.o(.ARM.exidx.text.tcp_init), (8 bytes).
    Removing tcp.o(.text.tcp_tmr), (30 bytes).
    Removing tcp.o(.ARM.exidx.text.tcp_tmr), (8 bytes).
    Removing tcp.o(.text.tcp_fasttmr), (134 bytes).
    Removing tcp.o(.ARM.exidx.text.tcp_fasttmr), (8 bytes).
    Removing tcp.o(.text.tcp_slowtmr), (770 bytes).
    Removing tcp.o(.ARM.exidx.text.tcp_slowtmr), (8 bytes).
    Removing tcp.o(.text.tcp_close), (24 bytes).
    Removing tcp.o(.ARM.exidx.text.tcp_close), (8 bytes).
    Removing tcp.o(.text.tcp_close_shutdown), (378 bytes).
    Removing tcp.o(.ARM.exidx.text.tcp_close_shutdown), (8 bytes).
    Removing tcp.o(.text.tcp_shutdown), (96 bytes).
    Removing tcp.o(.ARM.exidx.text.tcp_shutdown), (8 bytes).
    Removing tcp.o(.text.tcp_abandon), (150 bytes).
    Removing tcp.o(.ARM.exidx.text.tcp_abandon), (8 bytes).
    Removing tcp.o(.text.tcp_pcb_remove), (100 bytes).
    Removing tcp.o(.ARM.exidx.text.tcp_pcb_remove), (8 bytes).
    Removing tcp.o(.text.tcp_segs_free), (22 bytes).
    Removing tcp.o(.ARM.exidx.text.tcp_segs_free), (8 bytes).
    Removing tcp.o(.text.tcp_abort), (10 bytes).
    Removing tcp.o(.ARM.exidx.text.tcp_abort), (8 bytes).
    Removing tcp.o(.text.tcp_bind), (130 bytes).
    Removing tcp.o(.ARM.exidx.text.tcp_bind), (8 bytes).
    Removing tcp.o(.text.tcp_new_port), (110 bytes).
    Removing tcp.o(.ARM.exidx.text.tcp_new_port), (8 bytes).
    Removing tcp.o(.text.tcp_listen_with_backlog), (162 bytes).
    Removing tcp.o(.ARM.exidx.text.tcp_listen_with_backlog), (8 bytes).
    Removing tcp.o(.text.tcp_accept_null), (6 bytes).
    Removing tcp.o(.ARM.exidx.text.tcp_accept_null), (8 bytes).
    Removing tcp.o(.text.tcp_update_rcv_ann_wnd), (68 bytes).
    Removing tcp.o(.ARM.exidx.text.tcp_update_rcv_ann_wnd), (8 bytes).
    Removing tcp.o(.text.tcp_recved), (54 bytes).
    Removing tcp.o(.ARM.exidx.text.tcp_recved), (8 bytes).
    Removing tcp.o(.text.tcp_connect), (272 bytes).
    Removing tcp.o(.ARM.exidx.text.tcp_connect), (8 bytes).
    Removing tcp.o(.text.tcp_next_iss), (26 bytes).
    Removing tcp.o(.ARM.exidx.text.tcp_next_iss), (8 bytes).
    Removing tcp.o(.text.tcp_eff_send_mss), (30 bytes).
    Removing tcp.o(.ARM.exidx.text.tcp_eff_send_mss), (8 bytes).
    Removing tcp.o(.text.tcp_pcb_purge), (68 bytes).
    Removing tcp.o(.ARM.exidx.text.tcp_pcb_purge), (8 bytes).
    Removing tcp.o(.text.tcp_process_refused_data), (106 bytes).
    Removing tcp.o(.ARM.exidx.text.tcp_process_refused_data), (8 bytes).
    Removing tcp.o(.text.tcp_recv_null), (38 bytes).
    Removing tcp.o(.ARM.exidx.text.tcp_recv_null), (8 bytes).
    Removing tcp.o(.text.tcp_seg_free), (34 bytes).
    Removing tcp.o(.ARM.exidx.text.tcp_seg_free), (8 bytes).
    Removing tcp.o(.text.tcp_setprio), (4 bytes).
    Removing tcp.o(.ARM.exidx.text.tcp_setprio), (8 bytes).
    Removing tcp.o(.text.tcp_alloc), (182 bytes).
    Removing tcp.o(.ARM.exidx.text.tcp_alloc), (8 bytes).
    Removing tcp.o(.text.tcp_kill_timewait), (68 bytes).
    Removing tcp.o(.ARM.exidx.text.tcp_kill_timewait), (8 bytes).
    Removing tcp.o(.text.tcp_kill_prio), (90 bytes).
    Removing tcp.o(.ARM.exidx.text.tcp_kill_prio), (8 bytes).
    Removing tcp.o(.text.tcp_new), (10 bytes).
    Removing tcp.o(.ARM.exidx.text.tcp_new), (8 bytes).
    Removing tcp.o(.text.tcp_arg), (4 bytes).
    Removing tcp.o(.ARM.exidx.text.tcp_arg), (8 bytes).
    Removing tcp.o(.text.tcp_recv), (4 bytes).
    Removing tcp.o(.ARM.exidx.text.tcp_recv), (8 bytes).
    Removing tcp.o(.text.tcp_sent), (4 bytes).
    Removing tcp.o(.ARM.exidx.text.tcp_sent), (8 bytes).
    Removing tcp.o(.text.tcp_err), (6 bytes).
    Removing tcp.o(.ARM.exidx.text.tcp_err), (8 bytes).
    Removing tcp.o(.text.tcp_accept), (4 bytes).
    Removing tcp.o(.ARM.exidx.text.tcp_accept), (8 bytes).
    Removing tcp.o(.text.tcp_poll), (10 bytes).
    Removing tcp.o(.ARM.exidx.text.tcp_poll), (8 bytes).
    Removing tcp.o(.text.tcp_debug_state_str), (14 bytes).
    Removing tcp.o(.ARM.exidx.text.tcp_debug_state_str), (8 bytes).
    Removing tcp.o(.rodata.str1.1), (104 bytes).
    Removing tcp.o(.rodata.tcp_state_str), (44 bytes).
    Removing tcp.o(.rodata.tcp_backoff), (13 bytes).
    Removing tcp.o(.rodata.tcp_persist_backoff), (7 bytes).
    Removing tcp.o(.bss.tcp_listen_pcbs), (4 bytes).
    Removing tcp.o(.bss.tcp_bound_pcbs), (4 bytes).
    Removing tcp.o(.bss.tcp_active_pcbs), (4 bytes).
    Removing tcp.o(.bss.tcp_tw_pcbs), (4 bytes).
    Removing tcp.o(.rodata.tcp_pcb_lists), (16 bytes).
    Removing tcp.o(.bss.tcp_timer), (1 bytes).
    Removing tcp.o(.bss.tcp_active_pcbs_changed), (1 bytes).
    Removing tcp.o(.bss.tcp_tmp_pcb), (4 bytes).
    Removing tcp.o(.bss.tcp_ticks), (4 bytes).
    Removing tcp.o(.bss.tcp_timer_ctr), (1 bytes).
    Removing tcp.o(.data.tcp_next_iss.iss), (4 bytes).
    Removing tcp.o(.data.tcp_port), (2 bytes).
    Removing tcp_in.o(.text), (0 bytes).
    Removing tcp_in.o(.text.tcp_input), (1066 bytes).
    Removing tcp_in.o(.ARM.exidx.text.tcp_input), (8 bytes).
    Removing tcp_in.o(.text.tcp_timewait_input), (164 bytes).
    Removing tcp_in.o(.ARM.exidx.text.tcp_timewait_input), (8 bytes).
    Removing tcp_in.o(.text.tcp_listen_input), (296 bytes).
    Removing tcp_in.o(.ARM.exidx.text.tcp_listen_input), (8 bytes).
    Removing tcp_in.o(.text.tcp_process), (1350 bytes).
    Removing tcp_in.o(.ARM.exidx.text.tcp_process), (8 bytes).
    Removing tcp_in.o(.text.tcp_parseopt), (136 bytes).
    Removing tcp_in.o(.ARM.exidx.text.tcp_parseopt), (8 bytes).
    Removing tcp_in.o(.text.tcp_receive), (1216 bytes).
    Removing tcp_in.o(.ARM.exidx.text.tcp_receive), (8 bytes).
    Removing tcp_in.o(.bss.iphdr), (4 bytes).
    Removing tcp_in.o(.bss.tcphdr), (4 bytes).
    Removing tcp_in.o(.bss.seqno), (4 bytes).
    Removing tcp_in.o(.bss.ackno), (4 bytes).
    Removing tcp_in.o(.bss.flags), (1 bytes).
    Removing tcp_in.o(.bss.tcplen), (2 bytes).
    Removing tcp_in.o(.bss.recv_data), (4 bytes).
    Removing tcp_in.o(.bss.recv_flags), (1 bytes).
    Removing tcp_in.o(.bss.tcp_input_pcb), (4 bytes).
    Removing tcp_in.o(.bss.inseg.1), (4 bytes).
    Removing tcp_in.o(.bss.inseg.2), (2 bytes).
    Removing tcp_in.o(.bss.inseg.5), (4 bytes).
    Removing tcp_out.o(.text), (0 bytes).
    Removing tcp_out.o(.text.tcp_send_fin), (66 bytes).
    Removing tcp_out.o(.ARM.exidx.text.tcp_send_fin), (8 bytes).
    Removing tcp_out.o(.text.tcp_enqueue_flags), (178 bytes).
    Removing tcp_out.o(.ARM.exidx.text.tcp_enqueue_flags), (8 bytes).
    Removing tcp_out.o(.text.tcp_write), (926 bytes).
    Removing tcp_out.o(.ARM.exidx.text.tcp_write), (8 bytes).
    Removing tcp_out.o(.text.tcp_write_checks), (84 bytes).
    Removing tcp_out.o(.ARM.exidx.text.tcp_write_checks), (8 bytes).
    Removing tcp_out.o(.text.tcp_pbuf_prealloc), (84 bytes).
    Removing tcp_out.o(.ARM.exidx.text.tcp_pbuf_prealloc), (8 bytes).
    Removing tcp_out.o(.text.tcp_create_segment), (158 bytes).
    Removing tcp_out.o(.ARM.exidx.text.tcp_create_segment), (8 bytes).
    Removing tcp_out.o(.text.tcp_send_empty_ack), (102 bytes).
    Removing tcp_out.o(.ARM.exidx.text.tcp_send_empty_ack), (8 bytes).
    Removing tcp_out.o(.text.tcp_output_alloc_header), (98 bytes).
    Removing tcp_out.o(.ARM.exidx.text.tcp_output_alloc_header), (8 bytes).
    Removing tcp_out.o(.text.tcp_output), (496 bytes).
    Removing tcp_out.o(.ARM.exidx.text.tcp_output), (8 bytes).
    Removing tcp_out.o(.text.tcp_output_segment), (196 bytes).
    Removing tcp_out.o(.ARM.exidx.text.tcp_output_segment), (8 bytes).
    Removing tcp_out.o(.text.tcp_rst), (140 bytes).
    Removing tcp_out.o(.ARM.exidx.text.tcp_rst), (8 bytes).
    Removing tcp_out.o(.text.tcp_rexmit_rto), (50 bytes).
    Removing tcp_out.o(.ARM.exidx.text.tcp_rexmit_rto), (8 bytes).
    Removing tcp_out.o(.text.tcp_rexmit), (94 bytes).
    Removing tcp_out.o(.ARM.exidx.text.tcp_rexmit), (8 bytes).
    Removing tcp_out.o(.text.tcp_rexmit_fast), (84 bytes).
    Removing tcp_out.o(.ARM.exidx.text.tcp_rexmit_fast), (8 bytes).
    Removing tcp_out.o(.text.tcp_keepalive), (92 bytes).
    Removing tcp_out.o(.ARM.exidx.text.tcp_keepalive), (8 bytes).
    Removing tcp_out.o(.text.tcp_zero_window_probe), (164 bytes).
    Removing tcp_out.o(.ARM.exidx.text.tcp_zero_window_probe), (8 bytes).
    Removing timers.o(.text), (0 bytes).
    Removing timers.o(.text.tcp_timer_needed), (2 bytes).
    Removing timers.o(.ARM.exidx.text.tcp_timer_needed), (8 bytes).
    Removing udp.o(.text), (0 bytes).
    Removing udp.o(.text.udp_init), (2 bytes).
    Removing udp.o(.ARM.exidx.text.udp_init), (8 bytes).
    Removing udp.o(.text.udp_input), (538 bytes).
    Removing udp.o(.ARM.exidx.text.udp_input), (8 bytes).
    Removing udp.o(.text.udp_send), (12 bytes).
    Removing udp.o(.ARM.exidx.text.udp_send), (8 bytes).
    Removing udp.o(.text.udp_sendto), (50 bytes).
    Removing udp.o(.ARM.exidx.text.udp_sendto), (8 bytes).
    Removing udp.o(.text.udp_sendto_if), (226 bytes).
    Removing udp.o(.ARM.exidx.text.udp_sendto_if), (8 bytes).
    Removing udp.o(.text.udp_bind), (122 bytes).
    Removing udp.o(.ARM.exidx.text.udp_bind), (8 bytes).
    Removing udp.o(.text.udp_new_port), (98 bytes).
    Removing udp.o(.ARM.exidx.text.udp_new_port), (8 bytes).
    Removing udp.o(.text.udp_connect), (84 bytes).
    Removing udp.o(.ARM.exidx.text.udp_connect), (8 bytes).
    Removing udp.o(.text.udp_disconnect), (16 bytes).
    Removing udp.o(.ARM.exidx.text.udp_disconnect), (8 bytes).
    Removing udp.o(.text.udp_recv), (6 bytes).
    Removing udp.o(.ARM.exidx.text.udp_recv), (8 bytes).
    Removing udp.o(.text.udp_remove), (54 bytes).
    Removing udp.o(.ARM.exidx.text.udp_remove), (8 bytes).
    Removing udp.o(.text.udp_new), (38 bytes).
    Removing udp.o(.ARM.exidx.text.udp_new), (8 bytes).
    Removing udp.o(.bss.udp_pcbs), (4 bytes).
    Removing udp.o(.data.udp_port), (2 bytes).
    Removing etharp.o(.text), (0 bytes).
    Removing etharp.o(.text.etharp_tmr), (76 bytes).
    Removing etharp.o(.ARM.exidx.text.etharp_tmr), (8 bytes).
    Removing etharp.o(.text.etharp_free_entry), (44 bytes).
    Removing etharp.o(.ARM.exidx.text.etharp_free_entry), (8 bytes).
    Removing etharp.o(.text.etharp_cleanup_netif), (54 bytes).
    Removing etharp.o(.ARM.exidx.text.etharp_cleanup_netif), (8 bytes).
    Removing etharp.o(.text.etharp_find_addr), (68 bytes).
    Removing etharp.o(.ARM.exidx.text.etharp_find_addr), (8 bytes).
    Removing etharp.o(.text.etharp_find_entry), (286 bytes).
    Removing etharp.o(.ARM.exidx.text.etharp_find_entry), (8 bytes).
    Removing etharp.o(.text.etharp_output), (252 bytes).
    Removing etharp.o(.ARM.exidx.text.etharp_output), (8 bytes).
    Removing etharp.o(.text.etharp_output_to_arp_index), (76 bytes).
    Removing etharp.o(.ARM.exidx.text.etharp_output_to_arp_index), (8 bytes).
    Removing etharp.o(.text.etharp_query), (264 bytes).
    Removing etharp.o(.ARM.exidx.text.etharp_query), (8 bytes).
    Removing etharp.o(.text.etharp_send_ip), (44 bytes).
    Removing etharp.o(.ARM.exidx.text.etharp_send_ip), (8 bytes).
    Removing etharp.o(.text.etharp_request), (26 bytes).
    Removing etharp.o(.ARM.exidx.text.etharp_request), (8 bytes).
    Removing etharp.o(.text.etharp_raw), (144 bytes).
    Removing etharp.o(.ARM.exidx.text.etharp_raw), (8 bytes).
    Removing etharp.o(.text.ethernet_input), (144 bytes).
    Removing etharp.o(.ARM.exidx.text.ethernet_input), (8 bytes).
    Removing etharp.o(.text.etharp_arp_input), (210 bytes).
    Removing etharp.o(.ARM.exidx.text.etharp_arp_input), (8 bytes).
    Removing etharp.o(.text.etharp_update_arp_entry), (120 bytes).
    Removing etharp.o(.ARM.exidx.text.etharp_update_arp_entry), (8 bytes).
    Removing etharp.o(.rodata.ethbroadcast), (6 bytes).
    Removing etharp.o(.rodata.ethzero), (6 bytes).
    Removing etharp.o(.bss.arp_table), (200 bytes).
    Removing etharp.o(.bss.etharp_cached_entry), (1 bytes).
    Removing slipif.o(.text), (0 bytes).
    Removing enc28j60.o(.text), (0 bytes).
    Removing enc28j60.o(.text.enableChip), (18 bytes).
    Removing enc28j60.o(.ARM.exidx.text.enableChip), (8 bytes).
    Removing enc28j60.o(.text.disableChip), (18 bytes).
    Removing enc28j60.o(.ARM.exidx.text.disableChip), (8 bytes).
    Removing enc28j60.o(.text.ENC28_readOp), (100 bytes).
    Removing enc28j60.o(.ARM.exidx.text.ENC28_readOp), (8 bytes).
    Removing enc28j60.o(.text.ENC28_writeOp), (56 bytes).
    Removing enc28j60.o(.ARM.exidx.text.ENC28_writeOp), (8 bytes).
    Removing enc28j60.o(.text.ENC28_readReg8), (18 bytes).
    Removing enc28j60.o(.ARM.exidx.text.ENC28_readReg8), (8 bytes).
    Removing enc28j60.o(.text.ENC28_setBank), (46 bytes).
    Removing enc28j60.o(.ARM.exidx.text.ENC28_setBank), (8 bytes).
    Removing enc28j60.o(.text.ENC28_writeReg8), (22 bytes).
    Removing enc28j60.o(.ARM.exidx.text.ENC28_writeReg8), (8 bytes).
    Removing enc28j60.o(.text.ENC28_readReg16), (24 bytes).
    Removing enc28j60.o(.ARM.exidx.text.ENC28_readReg16), (8 bytes).
    Removing enc28j60.o(.text.ENC28_writeReg16), (24 bytes).
    Removing enc28j60.o(.ARM.exidx.text.ENC28_writeReg16), (8 bytes).
    Removing enc28j60.o(.text.ENC28_writePhy), (32 bytes).
    Removing enc28j60.o(.ARM.exidx.text.ENC28_writePhy), (8 bytes).
    Removing enc28j60.o(.text.ENC28_readPhyByte), (46 bytes).
    Removing enc28j60.o(.ARM.exidx.text.ENC28_readPhyByte), (8 bytes).
    Removing enc28j60.o(.text.ENC28_Init), (274 bytes).
    Removing enc28j60.o(.ARM.exidx.text.ENC28_Init), (8 bytes).
    Removing enc28j60.o(.text.ENC28J60_isLinkUp), (14 bytes).
    Removing enc28j60.o(.ARM.exidx.text.ENC28J60_isLinkUp), (8 bytes).
    Removing enc28j60.o(.text.ENC28J60_enableBroadcast), (40 bytes).
    Removing enc28j60.o(.ARM.exidx.text.ENC28J60_enableBroadcast), (8 bytes).
    Removing enc28j60.o(.text.ENC28J60_disableBroadcast), (44 bytes).
    Removing enc28j60.o(.ARM.exidx.text.ENC28J60_disableBroadcast), (8 bytes).
    Removing enc28j60.o(.text.ENC28_packetSend), (148 bytes).
    Removing enc28j60.o(.ARM.exidx.text.ENC28_packetSend), (8 bytes).
    Removing enc28j60.o(.text.ENC28_writeBuf), (60 bytes).
    Removing enc28j60.o(.ARM.exidx.text.ENC28_writeBuf), (8 bytes).
    Removing enc28j60.o(.text.readBuf), (62 bytes).
    Removing enc28j60.o(.ARM.exidx.text.readBuf), (8 bytes).
    Removing enc28j60.o(.text.ENC28J60_packetReceive), (158 bytes).
    Removing enc28j60.o(.ARM.exidx.text.ENC28J60_packetReceive), (8 bytes).
    Removing enc28j60.o(.bss.ENC28J60_broadcast_enabled), (1 bytes).
    Removing enc28j60.o(.bss.ENC28J60_promiscuous_enabled), (1 bytes).
    Removing enc28j60.o(.bss.delaycnt), (2 bytes).
    Removing enc28j60.o(.bss.Enc28_Bank), (1 bytes).
    Removing enc28j60.o(.bss.ENC28J60_packetReceive.gNextPacketPtr), (2 bytes).
    Removing enc28j60.o(.bss.ENC28J60_packetReceive.unreleasedPacket), (1 bytes).
    Removing ethernetif.o(.text), (0 bytes).
    Removing ethernetif.o(.text.ethernetif_input), (64 bytes).
    Removing ethernetif.o(.ARM.exidx.text.ethernetif_input), (8 bytes).
    Removing ethernetif.o(.text.low_level_input), (84 bytes).
    Removing ethernetif.o(.ARM.exidx.text.low_level_input), (8 bytes).
    Removing ethernetif.o(.text.ethernetif_init), (64 bytes).
    Removing ethernetif.o(.ARM.exidx.text.ethernetif_init), (8 bytes).
    Removing ethernetif.o(.text.low_level_output), (58 bytes).
    Removing ethernetif.o(.ARM.exidx.text.low_level_output), (8 bytes).
    Removing ethernetif.o(.text.low_level_init), (48 bytes).
    Removing ethernetif.o(.ARM.exidx.text.low_level_init), (8 bytes).
    Removing ethernetif.o(.data.mymac), (6 bytes).
    Removing ethernetif.o(.bss.rxbuf), (3041 bytes).
    Removing ethernetif.o(.bss.txbuf), (3040 bytes).
    Removing lwip.o(.text), (0 bytes).
    Removing lwip.o(.text.LwIP_Init), (104 bytes).
    Removing lwip.o(.ARM.exidx.text.LwIP_Init), (8 bytes).
    Removing lwip.o(.text.LwIP_Pkt_Handle), (16 bytes).
    Removing lwip.o(.ARM.exidx.text.LwIP_Pkt_Handle), (8 bytes).
    Removing lwip.o(.text.LwIP_Periodic_Handle), (154 bytes).
    Removing lwip.o(.ARM.exidx.text.LwIP_Periodic_Handle), (8 bytes).
    Removing lwip.o(.text.LwIP_DHCP_Process_Handle), (118 bytes).
    Removing lwip.o(.ARM.exidx.text.LwIP_DHCP_Process_Handle), (8 bytes).
    Removing lwip.o(.text.Time_Update), (16 bytes).
    Removing lwip.o(.ARM.exidx.text.Time_Update), (8 bytes).
    Removing lwip.o(.bss.TCPTimer), (4 bytes).
    Removing lwip.o(.bss.ARPTimer), (4 bytes).
    Removing lwip.o(.bss.IPaddress), (4 bytes).
    Removing lwip.o(.bss.DHCPfineTimer), (4 bytes).
    Removing lwip.o(.bss.DHCPcoarseTimer), (4 bytes).
    Removing lwip.o(.bss.gnetif), (56 bytes).
    Removing lwip.o(.bss.DHCP_state), (1 bytes).
    Removing lwip.o(.bss.LocalTime), (4 bytes).
    Removing system_stm32f4xx.o(.text), (0 bytes).
    Removing system_stm32f4xx.o(.ARM.exidx.text.SystemInit), (8 bytes).
    Removing system_stm32f4xx.o(.text.SystemCoreClockUpdate), (126 bytes).
    Removing system_stm32f4xx.o(.ARM.exidx.text.SystemCoreClockUpdate), (8 bytes).
    Removing system_stm32f4xx.o(.data.SystemCoreClock), (4 bytes).
    Removing system_stm32f4xx.o(.rodata.AHBPrescTable), (16 bytes).
    Removing system_stm32f4xx.o(.rodata.APBPrescTable), (8 bytes).
    Removing stm32f4xx_hal.o(.text), (0 bytes).
    Removing stm32f4xx_hal.o(.text.HAL_Init), (46 bytes).
    Removing stm32f4xx_hal.o(.ARM.exidx.text.HAL_Init), (8 bytes).
    Removing stm32f4xx_hal.o(.text.HAL_InitTick), (80 bytes).
    Removing stm32f4xx_hal.o(.ARM.exidx.text.HAL_InitTick), (8 bytes).
    Removing stm32f4xx_hal.o(.text.HAL_MspInit), (2 bytes).
    Removing stm32f4xx_hal.o(.ARM.exidx.text.HAL_MspInit), (8 bytes).
    Removing stm32f4xx_hal.o(.text.HAL_DeInit), (44 bytes).
    Removing stm32f4xx_hal.o(.ARM.exidx.text.HAL_DeInit), (8 bytes).
    Removing stm32f4xx_hal.o(.text.HAL_MspDeInit), (2 bytes).
    Removing stm32f4xx_hal.o(.ARM.exidx.text.HAL_MspDeInit), (8 bytes).
    Removing stm32f4xx_hal.o(.text.HAL_IncTick), (26 bytes).
    Removing stm32f4xx_hal.o(.ARM.exidx.text.HAL_IncTick), (8 bytes).
    Removing stm32f4xx_hal.o(.text.HAL_GetTick), (12 bytes).
    Removing stm32f4xx_hal.o(.ARM.exidx.text.HAL_GetTick), (8 bytes).
    Removing stm32f4xx_hal.o(.text.HAL_GetTickPrio), (12 bytes).
    Removing stm32f4xx_hal.o(.ARM.exidx.text.HAL_GetTickPrio), (8 bytes).
    Removing stm32f4xx_hal.o(.text.HAL_SetTickFreq), (46 bytes).
    Removing stm32f4xx_hal.o(.ARM.exidx.text.HAL_SetTickFreq), (8 bytes).
    Removing stm32f4xx_hal.o(.text.HAL_GetTickFreq), (12 bytes).
    Removing stm32f4xx_hal.o(.ARM.exidx.text.HAL_GetTickFreq), (8 bytes).
    Removing stm32f4xx_hal.o(.text.HAL_Delay), (40 bytes).
    Removing stm32f4xx_hal.o(.ARM.exidx.text.HAL_Delay), (8 bytes).
    Removing stm32f4xx_hal.o(.text.HAL_SuspendTick), (18 bytes).
    Removing stm32f4xx_hal.o(.ARM.exidx.text.HAL_SuspendTick), (8 bytes).
    Removing stm32f4xx_hal.o(.text.HAL_ResumeTick), (18 bytes).
    Removing stm32f4xx_hal.o(.ARM.exidx.text.HAL_ResumeTick), (8 bytes).
    Removing stm32f4xx_hal.o(.text.HAL_GetHalVersion), (10 bytes).
    Removing stm32f4xx_hal.o(.ARM.exidx.text.HAL_GetHalVersion), (8 bytes).
    Removing stm32f4xx_hal.o(.text.HAL_GetREVID), (14 bytes).
    Removing stm32f4xx_hal.o(.ARM.exidx.text.HAL_GetREVID), (8 bytes).
    Removing stm32f4xx_hal.o(.text.HAL_GetDEVID), (16 bytes).
    Removing stm32f4xx_hal.o(.ARM.exidx.text.HAL_GetDEVID), (8 bytes).
    Removing stm32f4xx_hal.o(.text.HAL_DBGMCU_EnableDBGSleepMode), (18 bytes).
    Removing stm32f4xx_hal.o(.ARM.exidx.text.HAL_DBGMCU_EnableDBGSleepMode), (8 bytes).
    Removing stm32f4xx_hal.o(.text.HAL_DBGMCU_DisableDBGSleepMode), (18 bytes).
    Removing stm32f4xx_hal.o(.ARM.exidx.text.HAL_DBGMCU_DisableDBGSleepMode), (8 bytes).
    Removing stm32f4xx_hal.o(.text.HAL_DBGMCU_EnableDBGStopMode), (18 bytes).
    Removing stm32f4xx_hal.o(.ARM.exidx.text.HAL_DBGMCU_EnableDBGStopMode), (8 bytes).
    Removing stm32f4xx_hal.o(.text.HAL_DBGMCU_DisableDBGStopMode), (18 bytes).
    Removing stm32f4xx_hal.o(.ARM.exidx.text.HAL_DBGMCU_DisableDBGStopMode), (8 bytes).
    Removing stm32f4xx_hal.o(.text.HAL_DBGMCU_EnableDBGStandbyMode), (18 bytes).
    Removing stm32f4xx_hal.o(.ARM.exidx.text.HAL_DBGMCU_EnableDBGStandbyMode), (8 bytes).
    Removing stm32f4xx_hal.o(.text.HAL_DBGMCU_DisableDBGStandbyMode), (18 bytes).
    Removing stm32f4xx_hal.o(.ARM.exidx.text.HAL_DBGMCU_DisableDBGStandbyMode), (8 bytes).
    Removing stm32f4xx_hal.o(.text.HAL_EnableCompensationCell), (14 bytes).
    Removing stm32f4xx_hal.o(.ARM.exidx.text.HAL_EnableCompensationCell), (8 bytes).
    Removing stm32f4xx_hal.o(.text.HAL_DisableCompensationCell), (14 bytes).
    Removing stm32f4xx_hal.o(.ARM.exidx.text.HAL_DisableCompensationCell), (8 bytes).
    Removing stm32f4xx_hal.o(.text.HAL_GetUIDw0), (12 bytes).
    Removing stm32f4xx_hal.o(.ARM.exidx.text.HAL_GetUIDw0), (8 bytes).
    Removing stm32f4xx_hal.o(.text.HAL_GetUIDw1), (12 bytes).
    Removing stm32f4xx_hal.o(.ARM.exidx.text.HAL_GetUIDw1), (8 bytes).
    Removing stm32f4xx_hal.o(.text.HAL_GetUIDw2), (12 bytes).
    Removing stm32f4xx_hal.o(.ARM.exidx.text.HAL_GetUIDw2), (8 bytes).
    Removing stm32f4xx_hal.o(.data.uwTickPrio), (4 bytes).
    Removing stm32f4xx_hal.o(.data.uwTickFreq), (1 bytes).
    Removing stm32f4xx_hal.o(.bss.uwTick), (4 bytes).
    Removing stm32f4xx_hal_cortex.o(.text), (0 bytes).
    Removing stm32f4xx_hal_cortex.o(.text.HAL_NVIC_SetPriorityGrouping), (8 bytes).
    Removing stm32f4xx_hal_cortex.o(.ARM.exidx.text.HAL_NVIC_SetPriorityGrouping), (8 bytes).
    Removing stm32f4xx_hal_cortex.o(.text.__NVIC_SetPriorityGrouping), (32 bytes).
    Removing stm32f4xx_hal_cortex.o(.ARM.exidx.text.__NVIC_SetPriorityGrouping), (8 bytes).
    Removing stm32f4xx_hal_cortex.o(.text.HAL_NVIC_SetPriority), (30 bytes).
    Removing stm32f4xx_hal_cortex.o(.ARM.exidx.text.HAL_NVIC_SetPriority), (8 bytes).
    Removing stm32f4xx_hal_cortex.o(.text.__NVIC_GetPriorityGrouping), (16 bytes).
    Removing stm32f4xx_hal_cortex.o(.ARM.exidx.text.__NVIC_GetPriorityGrouping), (8 bytes).
    Removing stm32f4xx_hal_cortex.o(.text.__NVIC_SetPriority), (34 bytes).
    Removing stm32f4xx_hal_cortex.o(.ARM.exidx.text.__NVIC_SetPriority), (8 bytes).
    Removing stm32f4xx_hal_cortex.o(.text.NVIC_EncodePriority), (44 bytes).
    Removing stm32f4xx_hal_cortex.o(.ARM.exidx.text.NVIC_EncodePriority), (8 bytes).
    Removing stm32f4xx_hal_cortex.o(.text.HAL_NVIC_EnableIRQ), (8 bytes).
    Removing stm32f4xx_hal_cortex.o(.ARM.exidx.text.HAL_NVIC_EnableIRQ), (8 bytes).
    Removing stm32f4xx_hal_cortex.o(.text.__NVIC_EnableIRQ), (32 bytes).
    Removing stm32f4xx_hal_cortex.o(.ARM.exidx.text.__NVIC_EnableIRQ), (8 bytes).
    Removing stm32f4xx_hal_cortex.o(.text.HAL_NVIC_DisableIRQ), (8 bytes).
    Removing stm32f4xx_hal_cortex.o(.ARM.exidx.text.HAL_NVIC_DisableIRQ), (8 bytes).
    Removing stm32f4xx_hal_cortex.o(.text.__NVIC_DisableIRQ), (40 bytes).
    Removing stm32f4xx_hal_cortex.o(.ARM.exidx.text.__NVIC_DisableIRQ), (8 bytes).
    Removing stm32f4xx_hal_cortex.o(.text.HAL_NVIC_SystemReset), (4 bytes).
    Removing stm32f4xx_hal_cortex.o(.ARM.exidx.text.HAL_NVIC_SystemReset), (8 bytes).
    Removing stm32f4xx_hal_cortex.o(.text.__NVIC_SystemReset), (36 bytes).
    Removing stm32f4xx_hal_cortex.o(.ARM.exidx.text.__NVIC_SystemReset), (8 bytes).
    Removing stm32f4xx_hal_cortex.o(.text.HAL_SYSTICK_Config), (8 bytes).
    Removing stm32f4xx_hal_cortex.o(.ARM.exidx.text.HAL_SYSTICK_Config), (8 bytes).
    Removing stm32f4xx_hal_cortex.o(.text.SysTick_Config), (46 bytes).
    Removing stm32f4xx_hal_cortex.o(.ARM.exidx.text.SysTick_Config), (8 bytes).
    Removing stm32f4xx_hal_cortex.o(.text.HAL_MPU_Disable), (26 bytes).
    Removing stm32f4xx_hal_cortex.o(.ARM.exidx.text.HAL_MPU_Disable), (8 bytes).
    Removing stm32f4xx_hal_cortex.o(.text.HAL_MPU_Enable), (32 bytes).
    Removing stm32f4xx_hal_cortex.o(.ARM.exidx.text.HAL_MPU_Enable), (8 bytes).
    Removing stm32f4xx_hal_cortex.o(.text.HAL_MPU_ConfigRegion), (94 bytes).
    Removing stm32f4xx_hal_cortex.o(.ARM.exidx.text.HAL_MPU_ConfigRegion), (8 bytes).
    Removing stm32f4xx_hal_cortex.o(.text.HAL_NVIC_GetPriorityGrouping), (8 bytes).
    Removing stm32f4xx_hal_cortex.o(.ARM.exidx.text.HAL_NVIC_GetPriorityGrouping), (8 bytes).
    Removing stm32f4xx_hal_cortex.o(.text.HAL_NVIC_GetPriority), (24 bytes).
    Removing stm32f4xx_hal_cortex.o(.ARM.exidx.text.HAL_NVIC_GetPriority), (8 bytes).
    Removing stm32f4xx_hal_cortex.o(.text.NVIC_DecodePriority), (56 bytes).
    Removing stm32f4xx_hal_cortex.o(.ARM.exidx.text.NVIC_DecodePriority), (8 bytes).
    Removing stm32f4xx_hal_cortex.o(.text.__NVIC_GetPriority), (34 bytes).
    Removing stm32f4xx_hal_cortex.o(.ARM.exidx.text.__NVIC_GetPriority), (8 bytes).
    Removing stm32f4xx_hal_cortex.o(.text.HAL_NVIC_SetPendingIRQ), (8 bytes).
    Removing stm32f4xx_hal_cortex.o(.ARM.exidx.text.HAL_NVIC_SetPendingIRQ), (8 bytes).
    Removing stm32f4xx_hal_cortex.o(.text.__NVIC_SetPendingIRQ), (32 bytes).
    Removing stm32f4xx_hal_cortex.o(.ARM.exidx.text.__NVIC_SetPendingIRQ), (8 bytes).
    Removing stm32f4xx_hal_cortex.o(.text.HAL_NVIC_GetPendingIRQ), (8 bytes).
    Removing stm32f4xx_hal_cortex.o(.ARM.exidx.text.HAL_NVIC_GetPendingIRQ), (8 bytes).
    Removing stm32f4xx_hal_cortex.o(.text.__NVIC_GetPendingIRQ), (36 bytes).
    Removing stm32f4xx_hal_cortex.o(.ARM.exidx.text.__NVIC_GetPendingIRQ), (8 bytes).
    Removing stm32f4xx_hal_cortex.o(.text.HAL_NVIC_ClearPendingIRQ), (8 bytes).
    Removing stm32f4xx_hal_cortex.o(.ARM.exidx.text.HAL_NVIC_ClearPendingIRQ), (8 bytes).
    Removing stm32f4xx_hal_cortex.o(.text.__NVIC_ClearPendingIRQ), (32 bytes).
    Removing stm32f4xx_hal_cortex.o(.ARM.exidx.text.__NVIC_ClearPendingIRQ), (8 bytes).
    Removing stm32f4xx_hal_cortex.o(.text.HAL_NVIC_GetActive), (8 bytes).
    Removing stm32f4xx_hal_cortex.o(.ARM.exidx.text.HAL_NVIC_GetActive), (8 bytes).
    Removing stm32f4xx_hal_cortex.o(.text.__NVIC_GetActive), (36 bytes).
    Removing stm32f4xx_hal_cortex.o(.ARM.exidx.text.__NVIC_GetActive), (8 bytes).
    Removing stm32f4xx_hal_cortex.o(.text.HAL_SYSTICK_CLKSourceConfig), (26 bytes).
    Removing stm32f4xx_hal_cortex.o(.ARM.exidx.text.HAL_SYSTICK_CLKSourceConfig), (8 bytes).
    Removing stm32f4xx_hal_cortex.o(.text.HAL_SYSTICK_IRQHandler), (8 bytes).
    Removing stm32f4xx_hal_cortex.o(.ARM.exidx.text.HAL_SYSTICK_IRQHandler), (8 bytes).
    Removing stm32f4xx_hal_cortex.o(.text.HAL_SYSTICK_Callback), (2 bytes).
    Removing stm32f4xx_hal_cortex.o(.ARM.exidx.text.HAL_SYSTICK_Callback), (8 bytes).
    Removing stm32f4xx_hal_dma.o(.text), (0 bytes).
    Removing stm32f4xx_hal_dma.o(.text.HAL_DMA_Init), (206 bytes).
    Removing stm32f4xx_hal_dma.o(.ARM.exidx.text.HAL_DMA_Init), (8 bytes).
    Removing stm32f4xx_hal_dma.o(.text.DMA_CheckFifoParam), (80 bytes).
    Removing stm32f4xx_hal_dma.o(.ARM.exidx.text.DMA_CheckFifoParam), (8 bytes).
    Removing stm32f4xx_hal_dma.o(.text.DMA_CalcBaseAndBitshift), (60 bytes).
    Removing stm32f4xx_hal_dma.o(.ARM.exidx.text.DMA_CalcBaseAndBitshift), (8 bytes).
    Removing stm32f4xx_hal_dma.o(.text.HAL_DMA_DeInit), (90 bytes).
    Removing stm32f4xx_hal_dma.o(.ARM.exidx.text.HAL_DMA_DeInit), (8 bytes).
    Removing stm32f4xx_hal_dma.o(.text.HAL_DMA_Start), (66 bytes).
    Removing stm32f4xx_hal_dma.o(.ARM.exidx.text.HAL_DMA_Start), (8 bytes).
    Removing stm32f4xx_hal_dma.o(.text.DMA_SetConfig), (48 bytes).
    Removing stm32f4xx_hal_dma.o(.ARM.exidx.text.DMA_SetConfig), (8 bytes).
    Removing stm32f4xx_hal_dma.o(.text.HAL_DMA_Start_IT), (98 bytes).
    Removing stm32f4xx_hal_dma.o(.ARM.exidx.text.HAL_DMA_Start_IT), (8 bytes).
    Removing stm32f4xx_hal_dma.o(.text.HAL_DMA_Abort), (128 bytes).
    Removing stm32f4xx_hal_dma.o(.ARM.exidx.text.HAL_DMA_Abort), (8 bytes).
    Removing stm32f4xx_hal_dma.o(.text.HAL_DMA_Abort_IT), (36 bytes).
    Removing stm32f4xx_hal_dma.o(.ARM.exidx.text.HAL_DMA_Abort_IT), (8 bytes).
    Removing stm32f4xx_hal_dma.o(.text.HAL_DMA_PollForTransfer), (340 bytes).
    Removing stm32f4xx_hal_dma.o(.ARM.exidx.text.HAL_DMA_PollForTransfer), (8 bytes).
    Removing stm32f4xx_hal_dma.o(.text.HAL_DMA_IRQHandler), (396 bytes).
    Removing stm32f4xx_hal_dma.o(.ARM.exidx.text.HAL_DMA_IRQHandler), (8 bytes).
    Removing stm32f4xx_hal_dma.o(.text.HAL_DMA_RegisterCallback), (78 bytes).
    Removing stm32f4xx_hal_dma.o(.ARM.exidx.text.HAL_DMA_RegisterCallback), (8 bytes).
    Removing stm32f4xx_hal_dma.o(.text.HAL_DMA_UnRegisterCallback), (104 bytes).
    Removing stm32f4xx_hal_dma.o(.ARM.exidx.text.HAL_DMA_UnRegisterCallback), (8 bytes).
    Removing stm32f4xx_hal_dma.o(.text.HAL_DMA_GetState), (6 bytes).
    Removing stm32f4xx_hal_dma.o(.ARM.exidx.text.HAL_DMA_GetState), (8 bytes).
    Removing stm32f4xx_hal_dma.o(.text.HAL_DMA_GetError), (4 bytes).
    Removing stm32f4xx_hal_dma.o(.ARM.exidx.text.HAL_DMA_GetError), (8 bytes).
    Removing stm32f4xx_hal_dma_ex.o(.text), (0 bytes).
    Removing stm32f4xx_hal_dma_ex.o(.text.HAL_DMAEx_MultiBufferStart), (96 bytes).
    Removing stm32f4xx_hal_dma_ex.o(.ARM.exidx.text.HAL_DMAEx_MultiBufferStart), (8 bytes).
    Removing stm32f4xx_hal_dma_ex.o(.text.DMA_MultiBufferSetConfig), (30 bytes).
    Removing stm32f4xx_hal_dma_ex.o(.ARM.exidx.text.DMA_MultiBufferSetConfig), (8 bytes).
    Removing stm32f4xx_hal_dma_ex.o(.text.HAL_DMAEx_MultiBufferStart_IT), (3916 bytes).
    Removing stm32f4xx_hal_dma_ex.o(.ARM.exidx.text.HAL_DMAEx_MultiBufferStart_IT), (8 bytes).
    Removing stm32f4xx_hal_dma_ex.o(.text.HAL_DMAEx_ChangeMemory), (20 bytes).
    Removing stm32f4xx_hal_dma_ex.o(.ARM.exidx.text.HAL_DMAEx_ChangeMemory), (8 bytes).
    Removing stm32f4xx_hal_gpio.o(.text), (0 bytes).
    Removing stm32f4xx_hal_gpio.o(.text.HAL_GPIO_Init), (406 bytes).
    Removing stm32f4xx_hal_gpio.o(.ARM.exidx.text.HAL_GPIO_Init), (8 bytes).
    Removing stm32f4xx_hal_gpio.o(.text.HAL_GPIO_DeInit), (262 bytes).
    Removing stm32f4xx_hal_gpio.o(.ARM.exidx.text.HAL_GPIO_DeInit), (8 bytes).
    Removing stm32f4xx_hal_gpio.o(.text.HAL_GPIO_ReadPin), (10 bytes).
    Removing stm32f4xx_hal_gpio.o(.ARM.exidx.text.HAL_GPIO_ReadPin), (8 bytes).
    Removing stm32f4xx_hal_gpio.o(.text.HAL_GPIO_WritePin), (10 bytes).
    Removing stm32f4xx_hal_gpio.o(.ARM.exidx.text.HAL_GPIO_WritePin), (8 bytes).
    Removing stm32f4xx_hal_gpio.o(.text.HAL_GPIO_TogglePin), (16 bytes).
    Removing stm32f4xx_hal_gpio.o(.ARM.exidx.text.HAL_GPIO_TogglePin), (8 bytes).
    Removing stm32f4xx_hal_gpio.o(.text.HAL_GPIO_LockPin), (40 bytes).
    Removing stm32f4xx_hal_gpio.o(.ARM.exidx.text.HAL_GPIO_LockPin), (8 bytes).
    Removing stm32f4xx_hal_gpio.o(.text.HAL_GPIO_EXTI_IRQHandler), (26 bytes).
    Removing stm32f4xx_hal_gpio.o(.ARM.exidx.text.HAL_GPIO_EXTI_IRQHandler), (8 bytes).
    Removing stm32f4xx_hal_gpio.o(.text.HAL_GPIO_EXTI_Callback), (2 bytes).
    Removing stm32f4xx_hal_gpio.o(.ARM.exidx.text.HAL_GPIO_EXTI_Callback), (8 bytes).
    Removing stm32f4xx_hal_pwr.o(.text), (0 bytes).
    Removing stm32f4xx_hal_pwr.o(.text.HAL_PWR_DeInit), (26 bytes).
    Removing stm32f4xx_hal_pwr.o(.ARM.exidx.text.HAL_PWR_DeInit), (8 bytes).
    Removing stm32f4xx_hal_pwr.o(.text.HAL_PWR_EnableBkUpAccess), (30 bytes).
    Removing stm32f4xx_hal_pwr.o(.ARM.exidx.text.HAL_PWR_EnableBkUpAccess), (8 bytes).
    Removing stm32f4xx_hal_pwr.o(.text.HAL_PWR_DisableBkUpAccess), (30 bytes).
    Removing stm32f4xx_hal_pwr.o(.ARM.exidx.text.HAL_PWR_DisableBkUpAccess), (8 bytes).
    Removing stm32f4xx_hal_pwr.o(.text.HAL_PWR_ConfigPVD), (128 bytes).
    Removing stm32f4xx_hal_pwr.o(.ARM.exidx.text.HAL_PWR_ConfigPVD), (8 bytes).
    Removing stm32f4xx_hal_pwr.o(.text.HAL_PWR_EnablePVD), (12 bytes).
    Removing stm32f4xx_hal_pwr.o(.ARM.exidx.text.HAL_PWR_EnablePVD), (8 bytes).
    Removing stm32f4xx_hal_pwr.o(.text.HAL_PWR_DisablePVD), (12 bytes).
    Removing stm32f4xx_hal_pwr.o(.ARM.exidx.text.HAL_PWR_DisablePVD), (8 bytes).
    Removing stm32f4xx_hal_pwr.o(.text.HAL_PWR_EnableWakeUpPin), (16 bytes).
    Removing stm32f4xx_hal_pwr.o(.ARM.exidx.text.HAL_PWR_EnableWakeUpPin), (8 bytes).
    Removing stm32f4xx_hal_pwr.o(.text.HAL_PWR_DisableWakeUpPin), (18 bytes).
    Removing stm32f4xx_hal_pwr.o(.ARM.exidx.text.HAL_PWR_DisableWakeUpPin), (8 bytes).
    Removing stm32f4xx_hal_pwr.o(.text.HAL_PWR_EnterSLEEPMode), (30 bytes).
    Removing stm32f4xx_hal_pwr.o(.ARM.exidx.text.HAL_PWR_EnterSLEEPMode), (8 bytes).
    Removing stm32f4xx_hal_pwr.o(.text.HAL_PWR_EnterSTOPMode), (60 bytes).
    Removing stm32f4xx_hal_pwr.o(.ARM.exidx.text.HAL_PWR_EnterSTOPMode), (8 bytes).
    Removing stm32f4xx_hal_pwr.o(.text.HAL_PWR_EnterSTANDBYMode), (36 bytes).
    Removing stm32f4xx_hal_pwr.o(.ARM.exidx.text.HAL_PWR_EnterSTANDBYMode), (8 bytes).
    Removing stm32f4xx_hal_pwr.o(.text.HAL_PWR_PVD_IRQHandler), (30 bytes).
    Removing stm32f4xx_hal_pwr.o(.ARM.exidx.text.HAL_PWR_PVD_IRQHandler), (8 bytes).
    Removing stm32f4xx_hal_pwr.o(.text.HAL_PWR_PVDCallback), (2 bytes).
    Removing stm32f4xx_hal_pwr.o(.ARM.exidx.text.HAL_PWR_PVDCallback), (8 bytes).
    Removing stm32f4xx_hal_pwr.o(.text.HAL_PWR_EnableSleepOnExit), (18 bytes).
    Removing stm32f4xx_hal_pwr.o(.ARM.exidx.text.HAL_PWR_EnableSleepOnExit), (8 bytes).
    Removing stm32f4xx_hal_pwr.o(.text.HAL_PWR_DisableSleepOnExit), (18 bytes).
    Removing stm32f4xx_hal_pwr.o(.ARM.exidx.text.HAL_PWR_DisableSleepOnExit), (8 bytes).
    Removing stm32f4xx_hal_pwr.o(.text.HAL_PWR_EnableSEVOnPend), (18 bytes).
    Removing stm32f4xx_hal_pwr.o(.ARM.exidx.text.HAL_PWR_EnableSEVOnPend), (8 bytes).
    Removing stm32f4xx_hal_pwr.o(.text.HAL_PWR_DisableSEVOnPend), (18 bytes).
    Removing stm32f4xx_hal_pwr.o(.ARM.exidx.text.HAL_PWR_DisableSEVOnPend), (8 bytes).
    Removing stm32f4xx_hal_pwr_ex.o(.text), (0 bytes).
    Removing stm32f4xx_hal_pwr_ex.o(.text.HAL_PWREx_EnableBkUpReg), (54 bytes).
    Removing stm32f4xx_hal_pwr_ex.o(.ARM.exidx.text.HAL_PWREx_EnableBkUpReg), (8 bytes).
    Removing stm32f4xx_hal_pwr_ex.o(.text.HAL_PWREx_DisableBkUpReg), (54 bytes).
    Removing stm32f4xx_hal_pwr_ex.o(.ARM.exidx.text.HAL_PWREx_DisableBkUpReg), (8 bytes).
    Removing stm32f4xx_hal_pwr_ex.o(.text.HAL_PWREx_EnableFlashPowerDown), (12 bytes).
    Removing stm32f4xx_hal_pwr_ex.o(.ARM.exidx.text.HAL_PWREx_EnableFlashPowerDown), (8 bytes).
    Removing stm32f4xx_hal_pwr_ex.o(.text.HAL_PWREx_DisableFlashPowerDown), (12 bytes).
    Removing stm32f4xx_hal_pwr_ex.o(.ARM.exidx.text.HAL_PWREx_DisableFlashPowerDown), (8 bytes).
    Removing stm32f4xx_hal_pwr_ex.o(.text.HAL_PWREx_GetVoltageRange), (16 bytes).
    Removing stm32f4xx_hal_pwr_ex.o(.ARM.exidx.text.HAL_PWREx_GetVoltageRange), (8 bytes).
    Removing stm32f4xx_hal_pwr_ex.o(.text.HAL_PWREx_ControlVoltageScaling), (194 bytes).
    Removing stm32f4xx_hal_pwr_ex.o(.ARM.exidx.text.HAL_PWREx_ControlVoltageScaling), (8 bytes).
    Removing stm32f4xx_hal_pwr_ex.o(.text.HAL_PWREx_EnableOverDrive), (122 bytes).
    Removing stm32f4xx_hal_pwr_ex.o(.ARM.exidx.text.HAL_PWREx_EnableOverDrive), (8 bytes).
    Removing stm32f4xx_hal_pwr_ex.o(.text.HAL_PWREx_DisableOverDrive), (118 bytes).
    Removing stm32f4xx_hal_pwr_ex.o(.ARM.exidx.text.HAL_PWREx_DisableOverDrive), (8 bytes).
    Removing stm32f4xx_hal_pwr_ex.o(.text.HAL_PWREx_EnterUnderDriveSTOPMode), (122 bytes).
    Removing stm32f4xx_hal_pwr_ex.o(.ARM.exidx.text.HAL_PWREx_EnterUnderDriveSTOPMode), (8 bytes).
    Removing stm32f4xx_hal_rcc.o(.text), (0 bytes).
    Removing stm32f4xx_hal_rcc.o(.text.HAL_RCC_DeInit), (4 bytes).
    Removing stm32f4xx_hal_rcc.o(.ARM.exidx.text.HAL_RCC_DeInit), (8 bytes).
    Removing stm32f4xx_hal_rcc.o(.text.HAL_RCC_OscConfig), (848 bytes).
    Removing stm32f4xx_hal_rcc.o(.ARM.exidx.text.HAL_RCC_OscConfig), (8 bytes).
    Removing stm32f4xx_hal_rcc.o(.text.HAL_RCC_ClockConfig), (352 bytes).
    Removing stm32f4xx_hal_rcc.o(.ARM.exidx.text.HAL_RCC_ClockConfig), (8 bytes).
    Removing stm32f4xx_hal_rcc.o(.text.HAL_RCC_GetSysClockFreq), (104 bytes).
    Removing stm32f4xx_hal_rcc.o(.ARM.exidx.text.HAL_RCC_GetSysClockFreq), (8 bytes).
    Removing stm32f4xx_hal_rcc.o(.text.HAL_RCC_MCOConfig), (158 bytes).
    Removing stm32f4xx_hal_rcc.o(.ARM.exidx.text.HAL_RCC_MCOConfig), (8 bytes).
    Removing stm32f4xx_hal_rcc.o(.text.HAL_RCC_EnableCSS), (12 bytes).
    Removing stm32f4xx_hal_rcc.o(.ARM.exidx.text.HAL_RCC_EnableCSS), (8 bytes).
    Removing stm32f4xx_hal_rcc.o(.text.HAL_RCC_DisableCSS), (12 bytes).
    Removing stm32f4xx_hal_rcc.o(.ARM.exidx.text.HAL_RCC_DisableCSS), (8 bytes).
    Removing stm32f4xx_hal_rcc.o(.text.HAL_RCC_GetHCLKFreq), (12 bytes).
    Removing stm32f4xx_hal_rcc.o(.ARM.exidx.text.HAL_RCC_GetHCLKFreq), (8 bytes).
    Removing stm32f4xx_hal_rcc.o(.text.HAL_RCC_GetPCLK1Freq), (34 bytes).
    Removing stm32f4xx_hal_rcc.o(.ARM.exidx.text.HAL_RCC_GetPCLK1Freq), (8 bytes).
    Removing stm32f4xx_hal_rcc.o(.text.HAL_RCC_GetPCLK2Freq), (34 bytes).
    Removing stm32f4xx_hal_rcc.o(.ARM.exidx.text.HAL_RCC_GetPCLK2Freq), (8 bytes).
    Removing stm32f4xx_hal_rcc.o(.text.HAL_RCC_GetOscConfig), (152 bytes).
    Removing stm32f4xx_hal_rcc.o(.ARM.exidx.text.HAL_RCC_GetOscConfig), (8 bytes).
    Removing stm32f4xx_hal_rcc.o(.text.HAL_RCC_GetClockConfig), (62 bytes).
    Removing stm32f4xx_hal_rcc.o(.ARM.exidx.text.HAL_RCC_GetClockConfig), (8 bytes).
    Removing stm32f4xx_hal_rcc.o(.text.HAL_RCC_NMI_IRQHandler), (28 bytes).
    Removing stm32f4xx_hal_rcc.o(.ARM.exidx.text.HAL_RCC_NMI_IRQHandler), (8 bytes).
    Removing stm32f4xx_hal_rcc.o(.text.HAL_RCC_CSSCallback), (2 bytes).
    Removing stm32f4xx_hal_rcc.o(.ARM.exidx.text.HAL_RCC_CSSCallback), (8 bytes).
    Removing stm32f4xx_hal_rcc_ex.o(.text), (0 bytes).
    Removing stm32f4xx_hal_rcc_ex.o(.text.HAL_RCCEx_PeriphCLKConfig), (1074 bytes).
    Removing stm32f4xx_hal_rcc_ex.o(.ARM.exidx.text.HAL_RCCEx_PeriphCLKConfig), (8 bytes).
    Removing stm32f4xx_hal_rcc_ex.o(.text.HAL_RCCEx_GetPeriphCLKConfig), (234 bytes).
    Removing stm32f4xx_hal_rcc_ex.o(.ARM.exidx.text.HAL_RCCEx_GetPeriphCLKConfig), (8 bytes).
    Removing stm32f4xx_hal_rcc_ex.o(.text.HAL_RCCEx_GetPeriphCLKFreq), (488 bytes).
    Removing stm32f4xx_hal_rcc_ex.o(.ARM.exidx.text.HAL_RCCEx_GetPeriphCLKFreq), (8 bytes).
    Removing stm32f4xx_hal_rcc_ex.o(.text.HAL_RCCEx_SelectLSEMode), (26 bytes).
    Removing stm32f4xx_hal_rcc_ex.o(.ARM.exidx.text.HAL_RCCEx_SelectLSEMode), (8 bytes).
    Removing stm32f4xx_hal_rcc_ex.o(.text.HAL_RCCEx_EnablePLLI2S), (124 bytes).
    Removing stm32f4xx_hal_rcc_ex.o(.ARM.exidx.text.HAL_RCCEx_EnablePLLI2S), (8 bytes).
    Removing stm32f4xx_hal_rcc_ex.o(.text.HAL_RCCEx_DisablePLLI2S), (52 bytes).
    Removing stm32f4xx_hal_rcc_ex.o(.ARM.exidx.text.HAL_RCCEx_DisablePLLI2S), (8 bytes).
    Removing stm32f4xx_hal_rcc_ex.o(.text.HAL_RCCEx_EnablePLLSAI), (120 bytes).
    Removing stm32f4xx_hal_rcc_ex.o(.ARM.exidx.text.HAL_RCCEx_EnablePLLSAI), (8 bytes).
    Removing stm32f4xx_hal_rcc_ex.o(.text.HAL_RCCEx_DisablePLLSAI), (52 bytes).
    Removing stm32f4xx_hal_rcc_ex.o(.ARM.exidx.text.HAL_RCCEx_DisablePLLSAI), (8 bytes).
    Removing stm32f4xx_hal_rcc_ex.o(.text.HAL_RCC_GetSysClockFreq), (160 bytes).
    Removing stm32f4xx_hal_rcc_ex.o(.ARM.exidx.text.HAL_RCC_GetSysClockFreq), (8 bytes).
    Removing stm32f4xx_hal_rcc_ex.o(.text.HAL_RCC_DeInit), (338 bytes).
    Removing stm32f4xx_hal_rcc_ex.o(.ARM.exidx.text.HAL_RCC_DeInit), (8 bytes).
    Removing stm32f4xx_hal_rcc_ex.o(.text.HAL_RCC_OscConfig), (900 bytes).
    Removing stm32f4xx_hal_rcc_ex.o(.ARM.exidx.text.HAL_RCC_OscConfig), (8 bytes).
    Removing stm32f4xx_hal_rcc_ex.o(.text.HAL_RCC_GetOscConfig), (170 bytes).
    Removing stm32f4xx_hal_rcc_ex.o(.ARM.exidx.text.HAL_RCC_GetOscConfig), (8 bytes).
    Removing stm32f4xx_hal_spi.o(.text), (0 bytes).
    Removing stm32f4xx_hal_spi.o(.text.HAL_SPI_Init), (196 bytes).
    Removing stm32f4xx_hal_spi.o(.ARM.exidx.text.HAL_SPI_Init), (8 bytes).
    Removing stm32f4xx_hal_spi.o(.text.HAL_SPI_MspInit), (2 bytes).
    Removing stm32f4xx_hal_spi.o(.ARM.exidx.text.HAL_SPI_MspInit), (8 bytes).
    Removing stm32f4xx_hal_spi.o(.text.HAL_SPI_DeInit), (48 bytes).
    Removing stm32f4xx_hal_spi.o(.ARM.exidx.text.HAL_SPI_DeInit), (8 bytes).
    Removing stm32f4xx_hal_spi.o(.text.HAL_SPI_MspDeInit), (2 bytes).
    Removing stm32f4xx_hal_spi.o(.ARM.exidx.text.HAL_SPI_MspDeInit), (8 bytes).
    Removing stm32f4xx_hal_spi.o(.text.HAL_SPI_Transmit), (422 bytes).
    Removing stm32f4xx_hal_spi.o(.ARM.exidx.text.HAL_SPI_Transmit), (8 bytes).
    Removing stm32f4xx_hal_spi.o(.text.SPI_EndRxTxTransaction), (106 bytes).
    Removing stm32f4xx_hal_spi.o(.ARM.exidx.text.SPI_EndRxTxTransaction), (8 bytes).
    Removing stm32f4xx_hal_spi.o(.text.HAL_SPI_Receive), (498 bytes).
    Removing stm32f4xx_hal_spi.o(.ARM.exidx.text.HAL_SPI_Receive), (8 bytes).
    Removing stm32f4xx_hal_spi.o(.text.HAL_SPI_TransmitReceive), (638 bytes).
    Removing stm32f4xx_hal_spi.o(.ARM.exidx.text.HAL_SPI_TransmitReceive), (8 bytes).
    Removing stm32f4xx_hal_spi.o(.text.SPI_WaitFlagStateUntilTimeout), (224 bytes).
    Removing stm32f4xx_hal_spi.o(.ARM.exidx.text.SPI_WaitFlagStateUntilTimeout), (8 bytes).
    Removing stm32f4xx_hal_spi.o(.text.SPI_EndRxTransaction), (144 bytes).
    Removing stm32f4xx_hal_spi.o(.ARM.exidx.text.SPI_EndRxTransaction), (8 bytes).
    Removing stm32f4xx_hal_spi.o(.text.HAL_SPI_Transmit_IT), (180 bytes).
    Removing stm32f4xx_hal_spi.o(.ARM.exidx.text.HAL_SPI_Transmit_IT), (8 bytes).
    Removing stm32f4xx_hal_spi.o(.text.SPI_TxISR_16BIT), (50 bytes).
    Removing stm32f4xx_hal_spi.o(.ARM.exidx.text.SPI_TxISR_16BIT), (8 bytes).
    Removing stm32f4xx_hal_spi.o(.text.SPI_TxISR_8BIT), (54 bytes).
    Removing stm32f4xx_hal_spi.o(.ARM.exidx.text.SPI_TxISR_8BIT), (8 bytes).
    Removing stm32f4xx_hal_spi.o(.text.HAL_SPI_Receive_IT), (220 bytes).
    Removing stm32f4xx_hal_spi.o(.ARM.exidx.text.HAL_SPI_Receive_IT), (8 bytes).
    Removing stm32f4xx_hal_spi.o(.text.HAL_SPI_TransmitReceive_IT), (238 bytes).
    Removing stm32f4xx_hal_spi.o(.ARM.exidx.text.HAL_SPI_TransmitReceive_IT), (8 bytes).
    Removing stm32f4xx_hal_spi.o(.text.SPI_RxISR_16BIT), (76 bytes).
    Removing stm32f4xx_hal_spi.o(.ARM.exidx.text.SPI_RxISR_16BIT), (8 bytes).
    Removing stm32f4xx_hal_spi.o(.text.SPI_RxISR_8BIT), (80 bytes).
    Removing stm32f4xx_hal_spi.o(.ARM.exidx.text.SPI_RxISR_8BIT), (8 bytes).
    Removing stm32f4xx_hal_spi.o(.text.SPI_2linesRxISR_16BIT), (68 bytes).
    Removing stm32f4xx_hal_spi.o(.ARM.exidx.text.SPI_2linesRxISR_16BIT), (8 bytes).
    Removing stm32f4xx_hal_spi.o(.text.SPI_2linesTxISR_16BIT), (74 bytes).
    Removing stm32f4xx_hal_spi.o(.ARM.exidx.text.SPI_2linesTxISR_16BIT), (8 bytes).
    Removing stm32f4xx_hal_spi.o(.text.SPI_2linesRxISR_8BIT), (72 bytes).
    Removing stm32f4xx_hal_spi.o(.ARM.exidx.text.SPI_2linesRxISR_8BIT), (8 bytes).
    Removing stm32f4xx_hal_spi.o(.text.SPI_2linesTxISR_8BIT), (78 bytes).
    Removing stm32f4xx_hal_spi.o(.ARM.exidx.text.SPI_2linesTxISR_8BIT), (8 bytes).
    Removing stm32f4xx_hal_spi.o(.text.HAL_SPI_Transmit_DMA), (234 bytes).
    Removing stm32f4xx_hal_spi.o(.ARM.exidx.text.HAL_SPI_Transmit_DMA), (8 bytes).
    Removing stm32f4xx_hal_spi.o(.text.SPI_DMAHalfTransmitCplt), (10 bytes).
    Removing stm32f4xx_hal_spi.o(.ARM.exidx.text.SPI_DMAHalfTransmitCplt), (8 bytes).
    Removing stm32f4xx_hal_spi.o(.text.SPI_DMATransmitCplt), (112 bytes).
    Removing stm32f4xx_hal_spi.o(.ARM.exidx.text.SPI_DMATransmitCplt), (8 bytes).
    Removing stm32f4xx_hal_spi.o(.text.SPI_DMAError), (34 bytes).
    Removing stm32f4xx_hal_spi.o(.ARM.exidx.text.SPI_DMAError), (8 bytes).
    Removing stm32f4xx_hal_spi.o(.text.HAL_SPI_Receive_DMA), (268 bytes).
    Removing stm32f4xx_hal_spi.o(.ARM.exidx.text.HAL_SPI_Receive_DMA), (8 bytes).
    Removing stm32f4xx_hal_spi.o(.text.HAL_SPI_TransmitReceive_DMA), (316 bytes).
    Removing stm32f4xx_hal_spi.o(.ARM.exidx.text.HAL_SPI_TransmitReceive_DMA), (8 bytes).
    Removing stm32f4xx_hal_spi.o(.text.SPI_DMAHalfReceiveCplt), (10 bytes).
    Removing stm32f4xx_hal_spi.o(.ARM.exidx.text.SPI_DMAHalfReceiveCplt), (8 bytes).
    Removing stm32f4xx_hal_spi.o(.text.SPI_DMAReceiveCplt), (180 bytes).
    Removing stm32f4xx_hal_spi.o(.ARM.exidx.text.SPI_DMAReceiveCplt), (8 bytes).
    Removing stm32f4xx_hal_spi.o(.text.SPI_DMAHalfTransmitReceiveCplt), (10 bytes).
    Removing stm32f4xx_hal_spi.o(.ARM.exidx.text.SPI_DMAHalfTransmitReceiveCplt), (8 bytes).
    Removing stm32f4xx_hal_spi.o(.text.SPI_DMATransmitReceiveCplt), (162 bytes).
    Removing stm32f4xx_hal_spi.o(.ARM.exidx.text.SPI_DMATransmitReceiveCplt), (8 bytes).
    Removing stm32f4xx_hal_spi.o(.text.HAL_SPI_Abort), (310 bytes).
    Removing stm32f4xx_hal_spi.o(.ARM.exidx.text.HAL_SPI_Abort), (8 bytes).
    Removing stm32f4xx_hal_spi.o(.text.SPI_AbortTx_ISR), (26 bytes).
    Removing stm32f4xx_hal_spi.o(.ARM.exidx.text.SPI_AbortTx_ISR), (8 bytes).
    Removing stm32f4xx_hal_spi.o(.text.SPI_AbortRx_ISR), (98 bytes).
    Removing stm32f4xx_hal_spi.o(.ARM.exidx.text.SPI_AbortRx_ISR), (8 bytes).
    Removing stm32f4xx_hal_spi.o(.text.HAL_SPI_Abort_IT), (338 bytes).
    Removing stm32f4xx_hal_spi.o(.ARM.exidx.text.HAL_SPI_Abort_IT), (8 bytes).
    Removing stm32f4xx_hal_spi.o(.text.SPI_DMATxAbortCallback), (142 bytes).
    Removing stm32f4xx_hal_spi.o(.ARM.exidx.text.SPI_DMATxAbortCallback), (8 bytes).
    Removing stm32f4xx_hal_spi.o(.text.SPI_DMARxAbortCallback), (120 bytes).
    Removing stm32f4xx_hal_spi.o(.ARM.exidx.text.SPI_DMARxAbortCallback), (8 bytes).
    Removing stm32f4xx_hal_spi.o(.text.HAL_SPI_AbortCpltCallback), (2 bytes).
    Removing stm32f4xx_hal_spi.o(.ARM.exidx.text.HAL_SPI_AbortCpltCallback), (8 bytes).
    Removing stm32f4xx_hal_spi.o(.text.HAL_SPI_DMAPause), (32 bytes).
    Removing stm32f4xx_hal_spi.o(.ARM.exidx.text.HAL_SPI_DMAPause), (8 bytes).
    Removing stm32f4xx_hal_spi.o(.text.HAL_SPI_DMAResume), (32 bytes).
    Removing stm32f4xx_hal_spi.o(.ARM.exidx.text.HAL_SPI_DMAResume), (8 bytes).
    Removing stm32f4xx_hal_spi.o(.text.HAL_SPI_DMAStop), (68 bytes).
    Removing stm32f4xx_hal_spi.o(.ARM.exidx.text.HAL_SPI_DMAStop), (8 bytes).
    Removing stm32f4xx_hal_spi.o(.text.HAL_SPI_IRQHandler), (262 bytes).
    Removing stm32f4xx_hal_spi.o(.ARM.exidx.text.HAL_SPI_IRQHandler), (8 bytes).
    Removing stm32f4xx_hal_spi.o(.text.SPI_DMAAbortOnError), (16 bytes).
    Removing stm32f4xx_hal_spi.o(.ARM.exidx.text.SPI_DMAAbortOnError), (8 bytes).
    Removing stm32f4xx_hal_spi.o(.text.HAL_SPI_ErrorCallback), (2 bytes).
    Removing stm32f4xx_hal_spi.o(.ARM.exidx.text.HAL_SPI_ErrorCallback), (8 bytes).
    Removing stm32f4xx_hal_spi.o(.text.HAL_SPI_TxCpltCallback), (2 bytes).
    Removing stm32f4xx_hal_spi.o(.ARM.exidx.text.HAL_SPI_TxCpltCallback), (8 bytes).
    Removing stm32f4xx_hal_spi.o(.text.HAL_SPI_RxCpltCallback), (2 bytes).
    Removing stm32f4xx_hal_spi.o(.ARM.exidx.text.HAL_SPI_RxCpltCallback), (8 bytes).
    Removing stm32f4xx_hal_spi.o(.text.HAL_SPI_TxRxCpltCallback), (2 bytes).
    Removing stm32f4xx_hal_spi.o(.ARM.exidx.text.HAL_SPI_TxRxCpltCallback), (8 bytes).
    Removing stm32f4xx_hal_spi.o(.text.HAL_SPI_TxHalfCpltCallback), (2 bytes).
    Removing stm32f4xx_hal_spi.o(.ARM.exidx.text.HAL_SPI_TxHalfCpltCallback), (8 bytes).
    Removing stm32f4xx_hal_spi.o(.text.HAL_SPI_RxHalfCpltCallback), (2 bytes).
    Removing stm32f4xx_hal_spi.o(.ARM.exidx.text.HAL_SPI_RxHalfCpltCallback), (8 bytes).
    Removing stm32f4xx_hal_spi.o(.text.HAL_SPI_TxRxHalfCpltCallback), (2 bytes).
    Removing stm32f4xx_hal_spi.o(.ARM.exidx.text.HAL_SPI_TxRxHalfCpltCallback), (8 bytes).
    Removing stm32f4xx_hal_spi.o(.text.HAL_SPI_GetState), (6 bytes).
    Removing stm32f4xx_hal_spi.o(.ARM.exidx.text.HAL_SPI_GetState), (8 bytes).
    Removing stm32f4xx_hal_spi.o(.text.HAL_SPI_GetError), (4 bytes).
    Removing stm32f4xx_hal_spi.o(.ARM.exidx.text.HAL_SPI_GetError), (8 bytes).
    Removing stm32f4xx_hal_spi.o(.text.SPI_2linesRxISR_8BITCRC), (44 bytes).
    Removing stm32f4xx_hal_spi.o(.ARM.exidx.text.SPI_2linesRxISR_8BITCRC), (8 bytes).
    Removing stm32f4xx_hal_spi.o(.text.SPI_CloseRxTx_ISR), (198 bytes).
    Removing stm32f4xx_hal_spi.o(.ARM.exidx.text.SPI_CloseRxTx_ISR), (8 bytes).
    Removing stm32f4xx_hal_spi.o(.text.SPI_2linesRxISR_16BITCRC), (32 bytes).
    Removing stm32f4xx_hal_spi.o(.ARM.exidx.text.SPI_2linesRxISR_16BITCRC), (8 bytes).
    Removing stm32f4xx_hal_spi.o(.text.SPI_RxISR_8BITCRC), (30 bytes).
    Removing stm32f4xx_hal_spi.o(.ARM.exidx.text.SPI_RxISR_8BITCRC), (8 bytes).
    Removing stm32f4xx_hal_spi.o(.text.SPI_CloseRx_ISR), (110 bytes).
    Removing stm32f4xx_hal_spi.o(.ARM.exidx.text.SPI_CloseRx_ISR), (8 bytes).
    Removing stm32f4xx_hal_spi.o(.text.SPI_RxISR_16BITCRC), (32 bytes).
    Removing stm32f4xx_hal_spi.o(.ARM.exidx.text.SPI_RxISR_16BITCRC), (8 bytes).
    Removing stm32f4xx_hal_spi.o(.text.SPI_CloseTx_ISR), (150 bytes).
    Removing stm32f4xx_hal_spi.o(.ARM.exidx.text.SPI_CloseTx_ISR), (8 bytes).

997 unused section(s) (total 72729 bytes) removed from the image.
