Component: ARM Compiler 6.13.1 Tool: armlink [5d895400]

==============================================================================

Section Cross References

    main.o(.text.main) refers to stm32f4xx_hal.o(.text.HAL_Init) for HAL_Init
    main.o(.text.main) refers to main.o(.text.GPIO_Init) for GPIO_Init
    main.o(.text.main) refers to stm32f4xx_hal_gpio.o(.text.HAL_GPIO_WritePin) for HAL_GPIO_WritePin
    main.o(.text.main) refers to main.o(.text.SPI1_Init) for SPI1_Init
    main.o(.text.main) refers to lwip.o(.text.LwIP_Init) for LwIP_Init
    main.o(.text.main) refers to lwip.o(.bss.LocalTime) for LocalTime
    main.o(.text.main) refers to lwip.o(.text.LwIP_Pkt_Handle) for LwIP_Pkt_Handle
    main.o(.text.main) refers to lwip.o(.text.LwIP_Periodic_Handle) for LwIP_Periodic_Handle
    main.o(.ARM.exidx.text.main) refers to main.o(.text.main) for [Anonymous Symbol]
    main.o(.text.GPIO_Init) refers to stm32f4xx_hal_gpio.o(.text.HAL_GPIO_Init) for HAL_GPIO_Init
    main.o(.ARM.exidx.text.GPIO_Init) refers to main.o(.text.GPIO_Init) for [Anonymous Symbol]
    main.o(.text.SPI1_Init) refers to main.o(.bss.hspi1) for hspi1
    main.o(.text.SPI1_Init) refers to stm32f4xx_hal_spi.o(.text.HAL_SPI_Init) for HAL_SPI_Init
    main.o(.ARM.exidx.text.SPI1_Init) refers to main.o(.text.SPI1_Init) for [Anonymous Symbol]
    main.o(.text.SysTick_Handler) refers to stm32f4xx_hal.o(.text.HAL_IncTick) for HAL_IncTick
    main.o(.text.SysTick_Handler) refers to lwip.o(.text.Time_Update) for Time_Update
    main.o(.ARM.exidx.text.SysTick_Handler) refers to main.o(.text.SysTick_Handler) for [Anonymous Symbol]
    err.o(.text.lwip_strerr) refers to err.o(.rodata.str1.1) for .L.str
    err.o(.ARM.exidx.text.lwip_strerr) refers to err.o(.text.lwip_strerr) for [Anonymous Symbol]
    icmp.o(.text.icmp_input) refers to pbuf.o(.text.pbuf_header) for pbuf_header
    icmp.o(.text.icmp_input) refers to ip.o(.bss.current_iphdr_dest) for current_iphdr_dest
    icmp.o(.text.icmp_input) refers to ip_addr.o(.text.ip4_addr_isbroadcast) for ip4_addr_isbroadcast
    icmp.o(.text.icmp_input) refers to inet_chksum.o(.text.inet_chksum_pbuf) for inet_chksum_pbuf
    icmp.o(.text.icmp_input) refers to pbuf.o(.text.pbuf_free) for pbuf_free
    icmp.o(.text.icmp_input) refers to pbuf.o(.text.pbuf_alloc) for pbuf_alloc
    icmp.o(.text.icmp_input) refers to pbuf.o(.text.pbuf_copy) for pbuf_copy
    icmp.o(.text.icmp_input) refers to ip.o(.bss.current_iphdr_src) for current_iphdr_src
    icmp.o(.text.icmp_input) refers to inet_chksum.o(.text.inet_chksum) for inet_chksum
    icmp.o(.text.icmp_input) refers to ip.o(.text.ip_output_if) for ip_output_if
    icmp.o(.ARM.exidx.text.icmp_input) refers to icmp.o(.text.icmp_input) for [Anonymous Symbol]
    icmp.o(.text.icmp_dest_unreach) refers to icmp.o(.text.icmp_send_response) for icmp_send_response
    icmp.o(.ARM.exidx.text.icmp_dest_unreach) refers to icmp.o(.text.icmp_dest_unreach) for [Anonymous Symbol]
    icmp.o(.text.icmp_send_response) refers to pbuf.o(.text.pbuf_alloc) for pbuf_alloc
    icmp.o(.text.icmp_send_response) refers to rt_memcpy_v6.o(.text) for __aeabi_memcpy
    icmp.o(.text.icmp_send_response) refers to inet_chksum.o(.text.inet_chksum) for inet_chksum
    icmp.o(.text.icmp_send_response) refers to ip.o(.text.ip_output) for ip_output
    icmp.o(.text.icmp_send_response) refers to pbuf.o(.text.pbuf_free) for pbuf_free
    icmp.o(.ARM.exidx.text.icmp_send_response) refers to icmp.o(.text.icmp_send_response) for [Anonymous Symbol]
    icmp.o(.text.icmp_time_exceeded) refers to icmp.o(.text.icmp_send_response) for icmp_send_response
    icmp.o(.ARM.exidx.text.icmp_time_exceeded) refers to icmp.o(.text.icmp_time_exceeded) for [Anonymous Symbol]
    inet_chksum.o(.text.inet_chksum_pseudo) refers to inet_chksum.o(.text.lwip_standard_chksum) for lwip_standard_chksum
    inet_chksum.o(.text.inet_chksum_pseudo) refers to def.o(.text.lwip_htons) for lwip_htons
    inet_chksum.o(.ARM.exidx.text.inet_chksum_pseudo) refers to inet_chksum.o(.text.inet_chksum_pseudo) for [Anonymous Symbol]
    inet_chksum.o(.ARM.exidx.text.lwip_standard_chksum) refers to inet_chksum.o(.text.lwip_standard_chksum) for [Anonymous Symbol]
    inet_chksum.o(.text.inet_chksum_pseudo_partial) refers to inet_chksum.o(.text.lwip_standard_chksum) for lwip_standard_chksum
    inet_chksum.o(.text.inet_chksum_pseudo_partial) refers to def.o(.text.lwip_htons) for lwip_htons
    inet_chksum.o(.ARM.exidx.text.inet_chksum_pseudo_partial) refers to inet_chksum.o(.text.inet_chksum_pseudo_partial) for [Anonymous Symbol]
    inet_chksum.o(.text.inet_chksum) refers to inet_chksum.o(.text.lwip_standard_chksum) for lwip_standard_chksum
    inet_chksum.o(.ARM.exidx.text.inet_chksum) refers to inet_chksum.o(.text.inet_chksum) for [Anonymous Symbol]
    inet_chksum.o(.text.inet_chksum_pbuf) refers to inet_chksum.o(.text.lwip_standard_chksum) for lwip_standard_chksum
[...]
    [Anonymous Symbol]                       0x0800345c   Section        0  pbuf.o(.text.pbuf_free)
    [Anonymous Symbol]                       0x080034b8   Section        0  pbuf.o(.text.pbuf_header)
    [Anonymous Symbol]                       0x08003538   Section        0  pbuf.o(.text.pbuf_realloc)
    [Anonymous Symbol]                       0x08003590   Section        0  pbuf.o(.text.pbuf_ref)
    plug_holes                               0x080035a1   Thumb Code   124  mem.o(.text.plug_holes)
    [Anonymous Symbol]                       0x080035a0   Section        0  mem.o(.text.plug_holes)
    [Anonymous Symbol]                       0x0800361c   Section        0  raw.o(.text.raw_input)
    [Anonymous Symbol]                       0x0800369c   Section        0  enc28j60.o(.text.readBuf)
    [Anonymous Symbol]                       0x080036dc   Section        0  tcp.o(.text.tcp_abandon)
    [Anonymous Symbol]                       0x0800377c   Section        0  tcp.o(.text.tcp_abort)
    [Anonymous Symbol]                       0x08003784   Section        0  tcp.o(.text.tcp_alloc)
    [Anonymous Symbol]                       0x0800383c   Section        0  tcp.o(.text.tcp_close)
    tcp_close_shutdown                       0x08003851   Thumb Code   350  tcp.o(.text.tcp_close_shutdown)
    [Anonymous Symbol]                       0x08003850   Section        0  tcp.o(.text.tcp_close_shutdown)
    tcp_create_segment                       0x080039b1   Thumb Code   156  tcp_out.o(.text.tcp_create_segment)
    [Anonymous Symbol]                       0x080039b0   Section        0  tcp_out.o(.text.tcp_create_segment)
    [Anonymous Symbol]                       0x08003a4c   Section        0  tcp.o(.text.tcp_eff_send_mss)
    [Anonymous Symbol]                       0x08003a6c   Section        0  tcp_out.o(.text.tcp_enqueue_flags)
    [Anonymous Symbol]                       0x08003b20   Section        0  tcp.o(.text.tcp_fasttmr)
    [Anonymous Symbol]                       0x08003ba4   Section        0  tcp_in.o(.text.tcp_input)
    [Anonymous Symbol]                       0x08003fc4   Section        0  tcp_out.o(.text.tcp_keepalive)
    tcp_kill_prio                            0x08004029   Thumb Code    92  tcp.o(.text.tcp_kill_prio)
    [Anonymous Symbol]                       0x08004028   Section        0  tcp.o(.text.tcp_kill_prio)
    tcp_kill_timewait                        0x08004085   Thumb Code    64  tcp.o(.text.tcp_kill_timewait)
    [Anonymous Symbol]                       0x08004084   Section        0  tcp.o(.text.tcp_kill_timewait)
    tcp_listen_input                         0x080040c5   Thumb Code   300  tcp_in.o(.text.tcp_listen_input)
    [Anonymous Symbol]                       0x080040c4   Section        0  tcp_in.o(.text.tcp_listen_input)
    [Anonymous Symbol]                       0x080041f0   Section        0  tcp.o(.text.tcp_next_iss)
    [Anonymous Symbol]                       0x0800420c   Section        0  tcp_out.o(.text.tcp_output)
    tcp_output_alloc_header                  0x08004401   Thumb Code    98  tcp_out.o(.text.tcp_output_alloc_header)
    [Anonymous Symbol]                       0x08004400   Section        0  tcp_out.o(.text.tcp_output_alloc_header)
    tcp_output_segment                       0x08004465   Thumb Code   194  tcp_out.o(.text.tcp_output_segment)
    [Anonymous Symbol]                       0x08004464   Section        0  tcp_out.o(.text.tcp_output_segment)
    tcp_parseopt                             0x08004529   Thumb Code   138  tcp_in.o(.text.tcp_parseopt)
    [Anonymous Symbol]                       0x08004528   Section        0  tcp_in.o(.text.tcp_parseopt)
    [Anonymous Symbol]                       0x080045b4   Section        0  tcp.o(.text.tcp_pcb_purge)
    [Anonymous Symbol]                       0x080045f8   Section        0  tcp.o(.text.tcp_pcb_remove)
    tcp_process                              0x08004659   Thumb Code  1340  tcp_in.o(.text.tcp_process)
    [Anonymous Symbol]                       0x08004658   Section        0  tcp_in.o(.text.tcp_process)
    [Anonymous Symbol]                       0x08004b94   Section        0  tcp.o(.text.tcp_process_refused_data)
    tcp_receive                              0x08004c01   Thumb Code  1212  tcp_in.o(.text.tcp_receive)
    [Anonymous Symbol]                       0x08004c00   Section        0  tcp_in.o(.text.tcp_receive)
    [Anonymous Symbol]                       0x080050bc   Section        0  tcp.o(.text.tcp_recv_null)
    [Anonymous Symbol]                       0x080050e8   Section        0  tcp.o(.text.tcp_recved)
    [Anonymous Symbol]                       0x08005120   Section        0  tcp_out.o(.text.tcp_rexmit)
    [Anonymous Symbol]                       0x0800518c   Section        0  tcp_out.o(.text.tcp_rexmit_fast)
    [Anonymous Symbol]                       0x080051e0   Section        0  tcp_out.o(.text.tcp_rexmit_rto)
    [Anonymous Symbol]                       0x0800520c   Section        0  tcp_out.o(.text.tcp_rst)
    [Anonymous Symbol]                       0x080052ac   Section        0  tcp.o(.text.tcp_seg_free)
    [Anonymous Symbol]                       0x080052cc   Section        0  tcp.o(.text.tcp_segs_free)
    [Anonymous Symbol]                       0x080052e4   Section        0  tcp_out.o(.text.tcp_send_empty_ack)
    [Anonymous Symbol]                       0x0800534c   Section        0  tcp_out.o(.text.tcp_send_fin)
    [Anonymous Symbol]                       0x08005390   Section        0  tcp.o(.text.tcp_slowtmr)
    [Anonymous Symbol]                       0x080056f0   Section        0  timers.o(.text.tcp_timer_needed)
    tcp_timewait_input                       0x080056f5   Thumb Code   170  tcp_in.o(.text.tcp_timewait_input)
    [Anonymous Symbol]                       0x080056f4   Section        0  tcp_in.o(.text.tcp_timewait_input)
    [Anonymous Symbol]                       0x080057a0   Section        0  tcp.o(.text.tcp_tmr)
    [Anonymous Symbol]                       0x080057c4   Section        0  tcp.o(.text.tcp_update_rcv_ann_wnd)
    [Anonymous Symbol]                       0x08005808   Section        0  tcp_out.o(.text.tcp_zero_window_probe)
    [Anonymous Symbol]                       0x080058b0   Section        0  udp.o(.text.udp_bind)
    [Anonymous Symbol]                       0x08005930   Section        0  udp.o(.text.udp_input)
    udp_new_port                             0x08005b11   Thumb Code    98  udp.o(.text.udp_new_port)
    [Anonymous Symbol]                       0x08005b10   Section        0  udp.o(.text.udp_new_port)
    [Anonymous Symbol]                       0x08005b74   Section        0  udp.o(.text.udp_sendto_if)
    $v0                                      0x08005c54   Number         0  fpinit.o(x$fpl$fpinit)
    x$fpl$fpinit                             0x08005c54   Section       26  fpinit.o(x$fpl$fpinit)
    memp_num                                 0x08005c78   Data          18  memp.o(.rodata.memp_num)
    [Anonymous Symbol]                       0x08005c78   Section        0  memp.o(.rodata.memp_num)
    memp_sizes                               0x08005c8a   Data          18  memp.o(.rodata.memp_sizes)
    [Anonymous Symbol]                       0x08005c8a   Section        0  memp.o(.rodata.memp_sizes)
    dhcp_create_msg.xid                      0x20000004   Data           4  dhcp.o(.data.dhcp_create_msg.xid)
    [Anonymous Symbol]                       0x20000004   Section        0  dhcp.o(.data.dhcp_create_msg.xid)
    tcp_next_iss.iss                         0x20000010   Data           4  tcp.o(.data.tcp_next_iss.iss)
    [Anonymous Symbol]                       0x20000010   Section        0  tcp.o(.data.tcp_next_iss.iss)
    udp_port                                 0x20000014   Data           2  udp.o(.data.udp_port)
    [Anonymous Symbol]                       0x20000014   Section        0  udp.o(.data.udp_port)
    .bss                                     0x20000020   Section       96  libspace.o(.bss)
    ENC28J60_packetReceive.gNextPacketPtr    0x20000084   Data           2  enc28j60.o(.bss.ENC28J60_packetReceive.gNextPacketPtr)
    [Anonymous Symbol]                       0x20000084   Section        0  enc28j60.o(.bss.ENC28J60_packetReceive.gNextPacketPtr)
    ENC28J60_packetReceive.unreleasedPacket  0x20000086   Data           1  enc28j60.o(.bss.ENC28J60_packetReceive.unreleasedPacket)
    [Anonymous Symbol]                       0x20000086   Section        0  enc28j60.o(.bss.ENC28J60_packetReceive.unreleasedPacket)
    Enc28_Bank                               0x20000087   Data           1  enc28j60.o(.bss.Enc28_Bank)
    [Anonymous Symbol]                       0x20000087   Section        0  enc28j60.o(.bss.Enc28_Bank)
    ackno                                    0x20000090   Data           4  tcp_in.o(.bss.ackno)
    [Anonymous Symbol]                       0x20000090   Section        0  tcp_in.o(.bss.ackno)
    arp_table                                0x20000094   Data         200  etharp.o(.bss.arp_table)
    [Anonymous Symbol]                       0x20000094   Section        0  etharp.o(.bss.arp_table)
    etharp_cached_entry                      0x2000016c   Data           1  etharp.o(.bss.etharp_cached_entry)
    [Anonymous Symbol]                       0x2000016c   Section        0  etharp.o(.bss.etharp_cached_entry)
    flags                                    0x2000016d   Data           1  tcp_in.o(.bss.flags)
    [Anonymous Symbol]                       0x2000016d   Section        0  tcp_in.o(.bss.flags)
    inseg.1                                  0x20000200   Data           4  tcp_in.o(.bss.inseg.1)
    [Anonymous Symbol]                       0x20000200   Section        0  tcp_in.o(.bss.inseg.1)
    inseg.2                                  0x20000204   Data           2  tcp_in.o(.bss.inseg.2)
    [Anonymous Symbol]                       0x20000204   Section        0  tcp_in.o(.bss.inseg.2)
    inseg.5                                  0x20000208   Data           4  tcp_in.o(.bss.inseg.5)
    [Anonymous Symbol]                       0x20000208   Section        0  tcp_in.o(.bss.inseg.5)
    ip_id                                    0x2000020c   Data           2  ip.o(.bss.ip_id)
    [Anonymous Symbol]                       0x2000020c   Section        0  ip.o(.bss.ip_id)
    ip_reass_pbufcount                       0x2000020e   Data           2  ip_frag.o(.bss.ip_reass_pbufcount)
    [Anonymous Symbol]                       0x2000020e   Section        0  ip_frag.o(.bss.ip_reass_pbufcount)
    iphdr                                    0x20000210   Data           4  tcp_in.o(.bss.iphdr)
    [Anonymous Symbol]                       0x20000210   Section        0  tcp_in.o(.bss.iphdr)
    lfree                                    0x20000214   Data           4  mem.o(.bss.lfree)
    [Anonymous Symbol]                       0x20000214   Section        0  mem.o(.bss.lfree)
    memp_memory                              0x20000218   Data        9211  memp.o(.bss.memp_memory)
    [Anonymous Symbol]                       0x20000218   Section        0  memp.o(.bss.memp_memory)
    memp_tab                                 0x20002614   Data          36  memp.o(.bss.memp_tab)
    [Anonymous Symbol]                       0x20002614   Section        0  memp.o(.bss.memp_tab)
    netif_num                                0x20002640   Data           1  netif.o(.bss.netif_num)
    [Anonymous Symbol]                       0x20002640   Section        0  netif.o(.bss.netif_num)
    ram                                      0x20002644   Data           4  mem.o(.bss.ram)
    [Anonymous Symbol]                       0x20002644   Section        0  mem.o(.bss.ram)
    ram_end                                  0x20002648   Data           4  mem.o(.bss.ram_end)
    [Anonymous Symbol]                       0x20002648   Section        0  mem.o(.bss.ram_end)
    raw_pcbs                                 0x20003660   Data           4  raw.o(.bss.raw_pcbs)
    [Anonymous Symbol]                       0x20003660   Section        0  raw.o(.bss.raw_pcbs)
    reassdatagrams                           0x20003664   Data           4  ip_frag.o(.bss.reassdatagrams)
    [Anonymous Symbol]                       0x20003664   Section        0  ip_frag.o(.bss.reassdatagrams)
    recv_data                                0x20003668   Data           4  tcp_in.o(.bss.recv_data)
    [Anonymous Symbol]                       0x20003668   Section        0  tcp_in.o(.bss.recv_data)
    recv_flags                               0x2000366c   Data           1  tcp_in.o(.bss.recv_flags)
    [Anonymous Symbol]                       0x2000366c   Section        0  tcp_in.o(.bss.recv_flags)
    seqno                                    0x20004254   Data           4  tcp_in.o(.bss.seqno)
    [Anonymous Symbol]                       0x20004254   Section        0  tcp_in.o(.bss.seqno)
    tcp_timer                                0x20004270   Data           1  tcp.o(.bss.tcp_timer)
    [Anonymous Symbol]                       0x20004270   Section        0  tcp.o(.bss.tcp_timer)
    tcp_timer_ctr                            0x20004271   Data           1  tcp.o(.bss.tcp_timer_ctr)
    [Anonymous Symbol]                       0x20004271   Section        0  tcp.o(.bss.tcp_timer_ctr)
    tcphdr                                   0x2000427c   Data           4  tcp_in.o(.bss.tcphdr)
    [Anonymous Symbol]                       0x2000427c   Section        0  tcp_in.o(.bss.tcphdr)
    tcplen                                   0x20004280   Data           2  tcp_in.o(.bss.tcplen)
    [Anonymous Symbol]                       0x20004280   Section        0  tcp_in.o(.bss.tcplen)
    Heap_Mem                                 0x20004e70   Data         512  startup_stm32f446xx.o(HEAP)
    HEAP                                     0x20004e70   Section      512  startup_stm32f446xx.o(HEAP)
    Stack_Mem                                0x20005070   Data        1024  startup_stm32f446xx.o(STACK)
    STACK                                    0x20005070   Section     1024  startup_stm32f446xx.o(STACK)
    __initial_sp                             0x20005470   Data           0  startup_stm32f446xx.o(STACK)

    Global Symbols

    Symbol Name                              Value     Ov Type        Size  Object(Section)

    BuildAttributes$$THM_ISAv4$E$P$D$K$B$S$7EM$VFPi3$EXTD16$VFPS$VFMA$PE$A:L22UL41UL21$X:L11$S22US41US21$IEEE1$IW$~IW$USESV6$~STKCKD$USESV7$~SHL$OTIME$ROPI$EBA8$UX$STANDARDLIB$REQ8$PRES8$EABIv2 0x00000000   Number         0  anon$$obj.o ABSOLUTE
    __ARM_exceptions_init                     - Undefined Weak Reference
    __alloca_initialize                       - Undefined Weak Reference
    __arm_preinit_                            - Undefined Weak Reference
    __cpp_initialize__aeabi_                  - Undefined Weak Reference
    __cxa_finalize                            - Undefined Weak Reference
    __rt_locale                               - Undefined Weak Reference
    __sigvec_lookup                           - Undefined Weak Reference
    _atexit_init                              - Undefined Weak Reference
    _call_atexit_fns                          - Undefined Weak Reference
    _clock_init                               - Undefined Weak Reference
    _fp_trap_init                             - Undefined Weak Reference
    _fp_trap_shutdown                         - Undefined Weak Reference
    _get_lc_collate                           - Undefined Weak Reference
    _get_lc_ctype                             - Undefined Weak Reference
    _get_lc_monetary                          - Undefined Weak Reference
    _get_lc_numeric                           - Undefined Weak Reference
    _get_lc_time                              - Undefined Weak Reference
    _getenv_init                              - Undefined Weak Reference
    _handle_redirection                       - Undefined Weak Reference
    _init_alloc                               - Undefined Weak Reference
    _init_user_alloc                          - Undefined Weak Reference
    _initio                                   - Undefined Weak Reference
    _rand_init                                - Undefined Weak Reference
    _signal_finish                            - Undefined Weak Reference
    _signal_init                              - Undefined Weak Reference
    _terminate_alloc                          - Undefined Weak Reference
    _terminate_user_alloc                     - Undefined Weak Reference
    _terminateio                              - Undefined Weak Reference
    __Vectors_Size                           0x000001c4   Number         0  startup_stm32f446xx.o ABSOLUTE
    __Vectors                                0x08000000   Data           4  startup_stm32f446xx.o(RESET)
    __Vectors_End                            0x080001c4   Data           0  startup_stm32f446xx.o(RESET)
    __main                                   0x080001c5   Thumb Code     8  __main.o(!!!main)
    __scatterload                            0x080001cd   Thumb Code     0  __scatter.o(!!!scatter)
    __scatterload_rt2                        0x080001cd   Thumb Code    44  __scatter.o(!!!scatter)
    __scatterload_rt2_thumb_only             0x080001cd   Thumb Code     0  __scatter.o(!!!scatter)
    __scatterload_null                       0x080001db   Thumb Code     0  __scatter.o(!!!scatter)
    __scatterload_copy                       0x08000201   Thumb Code    26  __scatter_copy.o(!!handler_copy)
    __scatterload_zeroinit                   0x0800021d   Thumb Code    28  __scatter_zi.o(!!handler_zi)
    __rt_lib_init                            0x08000239   Thumb Code     0  libinit.o(.ARM.Collect$$libinit$$00000000)
    __rt_lib_init_fp_1                       0x0800023b   Thumb Code     0  libinit2.o(.ARM.Collect$$libinit$$00000001)
    __rt_lib_init_alloca_1                   0x0800023f   Thumb Code     0  libinit2.o(.ARM.Collect$$libinit$$0000002E)
    __rt_lib_init_argv_1                     0x0800023f   Thumb Code     0  libinit2.o(.ARM.Collect$$libinit$$0000002C)
    __rt_lib_init_atexit_1                   0x0800023f   Thumb Code     0  libinit2.o(.ARM.Collect$$libinit$$0000001B)
    __rt_lib_init_clock_1                    0x0800023f   Thumb Code     0  libinit2.o(.ARM.Collect$$libinit$$00000021)
    __rt_lib_init_cpp_1                      0x0800023f   Thumb Code     0  libinit2.o(.ARM.Collect$$libinit$$00000032)
    __rt_lib_init_exceptions_1               0x0800023f   Thumb Code     0  libinit2.o(.ARM.Collect$$libinit$$00000030)
    __rt_lib_init_fp_trap_1                  0x0800023f   Thumb Code     0  libinit2.o(.ARM.Collect$$libinit$$0000001F)
    __rt_lib_init_getenv_1                   0x0800023f   Thumb Code     0  libinit2.o(.ARM.Collect$$libinit$$00000023)
    __rt_lib_init_heap_1                     0x0800023f   Thumb Code     0  libinit2.o(.ARM.Collect$$libinit$$0000000A)
    __rt_lib_init_lc_collate_1               0x0800023f   Thumb Code     0  libinit2.o(.ARM.Collect$$libinit$$00000011)
    __rt_lib_init_lc_ctype_1                 0x0800023f   Thumb Code     0  libinit2.o(.ARM.Collect$$libinit$$00000013)
    __rt_lib_init_lc_monetary_1              0x0800023f   Thumb Code     0  libinit2.o(.ARM.Collect$$libinit$$00000015)
    __rt_lib_init_lc_numeric_1               0x0800023f   Thumb Code     0  libinit2.o(.ARM.Collect$$libinit$$00000017)
    __rt_lib_init_lc_time_1                  0x0800023f   Thumb Code     0  libinit2.o(.ARM.Collect$$libinit$$00000019)
    __rt_lib_init_preinit_1                  0x0800023f   Thumb Code     0  libinit2.o(.ARM.Collect$$libinit$$00000004)
    __rt_lib_init_rand_1                     0x0800023f   Thumb Code     0  libinit2.o(.ARM.Collect$$libinit$$0000000E)
    __rt_lib_init_return                     0x0800023f   Thumb Code     0  libinit2.o(.ARM.Collect$$libinit$$00000033)
    __rt_lib_init_signal_1                   0x0800023f   Thumb Code     0  libinit2.o(.ARM.Collect$$libinit$$0000001D)
    __rt_lib_init_stdio_1                    0x0800023f   Thumb Code     0  libinit2.o(.ARM.Collect$$libinit$$00000025)
    __rt_lib_init_user_alloc_1               0x0800023f   Thumb Code     0  libinit2.o(.ARM.Collect$$libinit$$0000000C)
    __rt_lib_shutdown                        0x08000241   Thumb Code     0  libshutdown.o(.ARM.Collect$$libshutdown$$00000000)
    __rt_lib_shutdown_cpp_1                  0x08000243   Thumb Code     0  libshutdown2.o(.ARM.Collect$$libshutdown$$00000002)
    __rt_lib_shutdown_fp_trap_1              0x08000243   Thumb Code     0  libshutdown2.o(.ARM.Collect$$libshutdown$$00000007)
    __rt_lib_shutdown_heap_1                 0x08000243   Thumb Code     0  libshutdown2.o(.ARM.Collect$$libshutdown$$0000000F)
    __rt_lib_shutdown_return                 0x08000243   Thumb Code     0  libshutdown2.o(.ARM.Collect$$libshutdown$$00000010)
    __rt_lib_shutdown_signal_1               0x08000243   Thumb Code     0  libshutdown2.o(.ARM.Collect$$libshutdown$$0000000A)
    __rt_lib_shutdown_stdio_1                0x08000243   Thumb Code     0  libshutdown2.o(.ARM.Collect$$libshutdown$$00000004)
    __rt_lib_shutdown_user_alloc_1           0x08000243   Thumb Code     0  libshutdown2.o(.ARM.Collect$$libshutdown$$0000000C)
    __rt_entry                               0x08000245   Thumb Code     0  __rtentry.o(.ARM.Collect$$rtentry$$00000000)
    __rt_entry_presh_1                       0x08000245   Thumb Code     0  __rtentry2.o(.ARM.Collect$$rtentry$$00000002)
    __rt_entry_sh                            0x08000245   Thumb Code     0  __rtentry4.o(.ARM.Collect$$rtentry$$00000004)
    __rt_entry_li                            0x0800024b   Thumb Code     0  __rtentry2.o(.ARM.Collect$$rtentry$$0000000A)
    __rt_entry_postsh_1                      0x0800024b   Thumb Code     0  __rtentry2.o(.ARM.Collect$$rtentry$$00000009)
    __rt_entry_main                          0x0800024f   Thumb Code     0  __rtentry2.o(.ARM.Collect$$rtentry$$0000000D)
    __rt_entry_postli_1                      0x0800024f   Thumb Code     0  __rtentry2.o(.ARM.Collect$$rtentry$$0000000C)
    __rt_exit                                0x08000257   Thumb Code     0  rtexit.o(.ARM.Collect$$rtexit$$00000000)
    __rt_exit_ls                             0x08000259   Thumb Code     0  rtexit2.o(.ARM.Collect$$rtexit$$00000003)
    __rt_exit_prels_1                        0x08000259   Thumb Code     0  rtexit2.o(.ARM.Collect$$rtexit$$00000002)
    __rt_exit_exit                           0x0800025d   Thumb Code     0  rtexit2.o(.ARM.Collect$$rtexit$$00000004)
    Reset_Handler                            0x08000265   Thumb Code     8  startup_stm32f446xx.o(.text)
    NMI_Handler                              0x0800026d   Thumb Code     2  startup_stm32f446xx.o(.text)
    HardFault_Handler                        0x0800026f   Thumb Code     2  startup_stm32f446xx.o(.text)
    MemManage_Handler                        0x08000271   Thumb Code     2  startup_stm32f446xx.o(.text)
    BusFault_Handler                         0x08000273   Thumb Code     2  startup_stm32f446xx.o(.text)
    UsageFault_Handler                       0x08000275   Thumb Code     2  startup_stm32f446xx.o(.text)
    SVC_Handler                              0x08000277   Thumb Code     2  startup_stm32f446xx.o(.text)
    DebugMon_Handler                         0x08000279   Thumb Code     2  startup_stm32f446xx.o(.text)
    PendSV_Handler                           0x0800027b   Thumb Code     2  startup_stm32f446xx.o(.text)
    ADC_IRQHandler                           0x0800027f   Thumb Code     0  startup_stm32f446xx.o(.text)
    CAN1_RX0_IRQHandler                      0x0800027f   Thumb Code     0  startup_stm32f446xx.o(.text)
    CAN1_RX1_IRQHandler                      0x0800027f   Thumb Code     0  startup_stm32f446xx.o(.text)
    CAN1_SCE_IRQHandler                      0x0800027f   Thumb Code     0  startup_stm32f446xx.o(.text)
    CAN1_TX_IRQHandler                       0x0800027f   Thumb Code     0  startup_stm32f446xx.o(.text)
    CAN2_RX0_IRQHandler                      0x0800027f   Thumb Code     0  startup_stm32f446xx.o(.text)
    CAN2_RX1_IRQHandler                      0x0800027f   Thumb Code     0  startup_stm32f446xx.o(.text)
    CAN2_SCE_IRQHandler                      0x0800027f   Thumb Code     0  startup_stm32f446xx.o(.text)
    CAN2_TX_IRQHandler                       0x0800027f   Thumb Code     0  startup_stm32f446xx.o(.text)
    CEC_IRQHandler                           0x0800027f   Thumb Code     0  startup_stm32f446xx.o(.text)
    DCMI_IRQHandler                          0x0800027f   Thumb Code     0  startup_stm32f446xx.o(.text)
    DMA1_Stream0_IRQHandler                  0x0800027f   Thumb Code     0  startup_stm32f446xx.o(.text)
    DMA1_Stream1_IRQHandler                  0x0800027f   Thumb Code     0  startup_stm32f446xx.o(.text)
    DMA1_Stream2_IRQHandler                  0x0800027f   Thumb Code     0  startup_stm32f446xx.o(.text)
    DMA1_Stream3_IRQHandler                  0x0800027f   Thumb Code     0  startup_stm32f446xx.o(.text)
    DMA1_Stream4_IRQHandler                  0x0800027f   Thumb Code     0  startup_stm32f446xx.o(.text)
    DMA1_Stream5_IRQHandler                  0x0800027f   Thumb Code     0  startup_stm32f446xx.o(.text)
    DMA1_Stream6_IRQHandler                  0x0800027f   Thumb Code     0  startup_stm32f446xx.o(.text)
    DMA1_Stream7_IRQHandler                  0x0800027f   Thumb Code     0  startup_stm32f446xx.o(.text)
    DMA2_Stream0_IRQHandler                  0x0800027f   Thumb Code     0  startup_stm32f446xx.o(.text)
    DMA2_Stream1_IRQHandler                  0x0800027f   Thumb Code     0  startup_stm32f446xx.o(.text)
    DMA2_Stream2_IRQHandler                  0x0800027f   Thumb Code     0  startup_stm32f446xx.o(.text)
    DMA2_Stream3_IRQHandler                  0x0800027f   Thumb Code     0  startup_stm32f446xx.o(.text)
    DMA2_Stream4_IRQHandler                  0x0800027f   Thumb Code     0  startup_stm32f446xx.o(.text)
    DMA2_Stream5_IRQHandler                  0x0800027f   Thumb Code     0  startup_stm32f446xx.o(.text)
    DMA2_Stream6_IRQHandler                  0x0800027f   Thumb Code     0  startup_stm32f446xx.o(.text)
    DMA2_Stream7_IRQHandler                  0x0800027f   Thumb Code     0  startup_stm32f446xx.o(.text)
    EXTI0_IRQHandler                         0x0800027f   Thumb Code     0  startup_stm32f446xx.o(.text)
    EXTI15_10_IRQHandler                     0x0800027f   Thumb Code     0  startup_stm32f446xx.o(.text)
    EXTI1_IRQHandler                         0x0800027f   Thumb Code     0  startup_stm32f446xx.o(.text)
    EXTI2_IRQHandler                         0x0800027f   Thumb Code     0  startup_stm32f446xx.o(.text)
    EXTI3_IRQHandler                         0x0800027f   Thumb Code     0  startup_stm32f446xx.o(.text)
    EXTI4_IRQHandler                         0x0800027f   Thumb Code     0  startup_stm32f446xx.o(.text)
    EXTI9_5_IRQHandler                       0x0800027f   Thumb Code     0  startup_stm32f446xx.o(.text)
    FLASH_IRQHandler                         0x0800027f   Thumb Code     0  startup_stm32f446xx.o(.text)
    FMC_IRQHandler                           0x0800027f   Thumb Code     0  startup_stm32f446xx.o(.text)
    FMPI2C1_ER_IRQHandler                    0x0800027f   Thumb Code     0  startup_stm32f446xx.o(.text)
    FMPI2C1_EV_IRQHandler                    0x0800027f   Thumb Code     0  startup_stm32f446xx.o(.text)
    FPU_IRQHandler                           0x0800027f   Thumb Code     0  startup_stm32f446xx.o(.text)
    I2C1_ER_IRQHandler                       0x0800027f   Thumb Code     0  startup_stm32f446xx.o(.text)
    I2C1_EV_IRQHandler                       0x0800027f   Thumb Code     0  startup_stm32f446xx.o(.text)
    I2C2_ER_IRQHandler                       0x0800027f   Thumb Code     0  startup_stm32f446xx.o(.text)
    I2C2_EV_IRQHandler                       0x0800027f   Thumb Code     0  startup_stm32f446xx.o(.text)
    I2C3_ER_IRQHandler                       0x0800027f   Thumb Code     0  startup_stm32f446xx.o(.text)
    I2C3_EV_IRQHandler                       0x0800027f   Thumb Code     0  startup_stm32f446xx.o(.text)
    OTG_FS_IRQHandler                        0x0800027f   Thumb Code     0  startup_stm32f446xx.o(.text)
    OTG_FS_WKUP_IRQHandler                   0x0800027f   Thumb Code     0  startup_stm32f446xx.o(.text)
    OTG_HS_EP1_IN_IRQHandler                 0x0800027f   Thumb Code     0  startup_stm32f446xx.o(.text)
    OTG_HS_EP1_OUT_IRQHandler                0x0800027f   Thumb Code     0  startup_stm32f446xx.o(.text)
    OTG_HS_IRQHandler                        0x0800027f   Thumb Code     0  startup_stm32f446xx.o(.text)
    OTG_HS_WKUP_IRQHandler                   0x0800027f   Thumb Code     0  startup_stm32f446xx.o(.text)
    PVD_IRQHandler                           0x0800027f   Thumb Code     0  startup_stm32f446xx.o(.text)
    QUADSPI_IRQHandler                       0x0800027f   Thumb Code     0  startup_stm32f446xx.o(.text)
    RCC_IRQHandler                           0x0800027f   Thumb Code     0  startup_stm32f446xx.o(.text)
    RTC_Alarm_IRQHandler                     0x0800027f   Thumb Code     0  startup_stm32f446xx.o(.text)
    RTC_WKUP_IRQHandler                      0x0800027f   Thumb Code     0  startup_stm32f446xx.o(.text)
    SAI1_IRQHandler                          0x0800027f   Thumb Code     0  startup_stm32f446xx.o(.text)
    SAI2_IRQHandler                          0x0800027f   Thumb Code     0  startup_stm32f446xx.o(.text)
    SDIO_IRQHandler                          0x0800027f   Thumb Code     0  startup_stm32f446xx.o(.text)
    SPDIF_RX_IRQHandler                      0x0800027f   Thumb Code     0  startup_stm32f446xx.o(.text)
    SPI1_IRQHandler                          0x0800027f   Thumb Code     0  startup_stm32f446xx.o(.text)
    SPI2_IRQHandler                          0x0800027f   Thumb Code     0  startup_stm32f446xx.o(.text)
    SPI3_IRQHandler                          0x0800027f   Thumb Code     0  startup_stm32f446xx.o(.text)
    SPI4_IRQHandler                          0x0800027f   Thumb Code     0  startup_stm32f446xx.o(.text)
    TAMP_STAMP_IRQHandler                    0x0800027f   Thumb Code     0  startup_stm32f446xx.o(.text)
    TIM1_BRK_TIM9_IRQHandler                 0x0800027f   Thumb Code     0  startup_stm32f446xx.o(.text)
    TIM1_CC_IRQHandler                       0x0800027f   Thumb Code     0  startup_stm32f446xx.o(.text)
    TIM1_TRG_COM_TIM11_IRQHandler            0x0800027f   Thumb Code     0  startup_stm32f446xx.o(.text)
    TIM1_UP_TIM10_IRQHandler                 0x0800027f   Thumb Code     0  startup_stm32f446xx.o(.text)
    TIM2_IRQHandler                          0x0800027f   Thumb Code     0  startup_stm32f446xx.o(.text)
    TIM3_IRQHandler                          0x0800027f   Thumb Code     0  startup_stm32f446xx.o(.text)
    TIM4_IRQHandler                          0x0800027f   Thumb Code     0  startup_stm32f446xx.o(.text)
    TIM5_IRQHandler                          0x0800027f   Thumb Code     0  startup_stm32f446xx.o(.text)
    TIM6_DAC_IRQHandler                      0x0800027f   Thumb Code     0  startup_stm32f446xx.o(.text)
    TIM7_IRQHandler                          0x0800027f   Thumb Code     0  startup_stm32f446xx.o(.text)
    TIM8_BRK_TIM12_IRQHandler                0x0800027f   Thumb Code     0  startup_stm32f446xx.o(.text)
    TIM8_CC_IRQHandler                       0x0800027f   Thumb Code     0  startup_stm32f446xx.o(.text)
    TIM8_TRG_COM_TIM14_IRQHandler            0x0800027f   Thumb Code     0  startup_stm32f446xx.o(.text)
    TIM8_UP_TIM13_IRQHandler                 0x0800027f   Thumb Code     0  startup_stm32f446xx.o(.text)
    UART4_IRQHandler                         0x0800027f   Thumb Code     0  startup_stm32f446xx.o(.text)
    UART5_IRQHandler                         0x0800027f   Thumb Code     0  startup_stm32f446xx.o(.text)
    USART1_IRQHandler                        0x0800027f   Thumb Code     0  startup_stm32f446xx.o(.text)
    USART2_IRQHandler                        0x0800027f   Thumb Code     0  startup_stm32f446xx.o(.text)
    USART3_IRQHandler                        0x0800027f   Thumb Code     0  startup_stm32f446xx.o(.text)
    USART6_IRQHandler                        0x0800027f   Thumb Code     0  startup_stm32f446xx.o(.text)
    WWDG_IRQHandler                          0x0800027f   Thumb Code     0  startup_stm32f446xx.o(.text)
    __user_initial_stackheap                 0x08000281   Thumb Code     0  startup_stm32f446xx.o(.text)
    memcmp                                   0x080002a5   Thumb Code    88  memcmp.o(.text)
    __aeabi_memcpy                           0x080002fd   Thumb Code     0  rt_memcpy_v6.o(.text)
    __rt_memcpy                              0x080002fd   Thumb Code   138  rt_memcpy_v6.o(.text)
    _memcpy_lastbytes                        0x08000363   Thumb Code     0  rt_memcpy_v6.o(.text)
    __aeabi_memclr4                          0x08000387   Thumb Code     0  rt_memclr_w.o(.text)
    __aeabi_memclr8                          0x08000387   Thumb Code     0  rt_memclr_w.o(.text)
    __rt_memclr_w                            0x08000387   Thumb Code    78  rt_memclr_w.o(.text)
    _memset_w                                0x0800038b   Thumb Code     0  rt_memclr_w.o(.text)
    __use_two_region_memory                  0x080003d5   Thumb Code     2  heapauxi.o(.text)
    __rt_heap_escrow$2region                 0x080003d7   Thumb Code     2  heapauxi.o(.text)
    __rt_heap_expand$2region                 0x080003d9   Thumb Code     2  heapauxi.o(.text)
    __aeabi_memcpy4                          0x080003db   Thumb Code     0  rt_memcpy_w.o(.text)
    __aeabi_memcpy8                          0x080003db   Thumb Code     0  rt_memcpy_w.o(.text)
    __rt_memcpy_w                            0x080003db   Thumb Code   100  rt_memcpy_w.o(.text)
    _memcpy_lastbytes_aligned                0x08000423   Thumb Code     0  rt_memcpy_w.o(.text)
    __user_setup_stackheap                   0x0800043f   Thumb Code    74  sys_stackheap_outer.o(.text)
    exit                                     0x08000489   Thumb Code    18  exit.o(.text)
    __user_libspace                          0x0800049d   Thumb Code     8  libspace.o(.text)
    __user_perproc_libspace                  0x0800049d   Thumb Code     0  libspace.o(.text)
    __user_perthread_libspace                0x0800049d   Thumb Code     0  libspace.o(.text)
    _sys_exit                                0x080004a5   Thumb Code     8  sys_exit.o(.text)
    __I$use$semihosting                      0x080004b1   Thumb Code     0  use_no_semi.o(.text)
    __use_no_semihosting_swi                 0x080004b1   Thumb Code     2  use_no_semi.o(.text)
    __semihosting_library_function           0x080004b3   Thumb Code     0  indicate_semi.o(.text)
    ENC28J60_packetReceive                   0x080004b5   Thumb Code   158  enc28j60.o(.text.ENC28J60_packetReceive)
    ENC28_Init                               0x08000555   Thumb Code   274  enc28j60.o(.text.ENC28_Init)
    ENC28_packetSend                         0x08000669   Thumb Code   146  enc28j60.o(.text.ENC28_packetSend)
    ENC28_readOp                             0x080006fd   Thumb Code   100  enc28j60.o(.text.ENC28_readOp)
    ENC28_readReg8                           0x08000761   Thumb Code    20  enc28j60.o(.text.ENC28_readReg8)
    ENC28_setBank                            0x08000775   Thumb Code    48  enc28j60.o(.text.ENC28_setBank)
    ENC28_writeOp                            0x080007e1   Thumb Code    56  enc28j60.o(.text.ENC28_writeOp)
    ENC28_writePhy                           0x08000819   Thumb Code    32  enc28j60.o(.text.ENC28_writePhy)
    ENC28_writeReg16                         0x08000839   Thumb Code    26  enc28j60.o(.text.ENC28_writeReg16)
    ENC28_writeReg8                          0x08000855   Thumb Code    24  enc28j60.o(.text.ENC28_writeReg8)
    GPIO_Init                                0x0800086d   Thumb Code    92  main.o(.text.GPIO_Init)
    HAL_Delay                                0x080008c9   Thumb Code    40  stm32f4xx_hal.o(.text.HAL_Delay)
    HAL_GPIO_Init                            0x080008f1   Thumb Code   426  stm32f4xx_hal_gpio.o(.text.HAL_GPIO_Init)
    HAL_GPIO_WritePin                        0x08000a9d   Thumb Code    10  stm32f4xx_hal_gpio.o(.text.HAL_GPIO_WritePin)
    HAL_GetTick                              0x08000aa9   Thumb Code    12  stm32f4xx_hal.o(.text.HAL_GetTick)
    HAL_IncTick                              0x08000ab5   Thumb Code    26  stm32f4xx_hal.o(.text.HAL_IncTick)
    HAL_Init                                 0x08000ad1   Thumb Code    46  stm32f4xx_hal.o(.text.HAL_Init)
    HAL_InitTick                             0x08000b01   Thumb Code    80  stm32f4xx_hal.o(.text.HAL_InitTick)
    HAL_MspInit                              0x08000b51   Thumb Code     2  stm32f4xx_hal.o(.text.HAL_MspInit)
    HAL_NVIC_SetPriority                     0x08000b55   Thumb Code    32  stm32f4xx_hal_cortex.o(.text.HAL_NVIC_SetPriority)
    HAL_NVIC_SetPriorityGrouping             0x08000b75   Thumb Code     4  stm32f4xx_hal_cortex.o(.text.HAL_NVIC_SetPriorityGrouping)
    HAL_SPI_Init                             0x08000b79   Thumb Code   196  stm32f4xx_hal_spi.o(.text.HAL_SPI_Init)
    HAL_SPI_MspInit                          0x08000c3d   Thumb Code     2  stm32f4xx_hal_spi.o(.text.HAL_SPI_MspInit)
    HAL_SPI_Receive                          0x08000c41   Thumb Code   498  stm32f4xx_hal_spi.o(.text.HAL_SPI_Receive)
    HAL_SPI_Transmit                         0x08000e35   Thumb Code   422  stm32f4xx_hal_spi.o(.text.HAL_SPI_Transmit)
    HAL_SPI_TransmitReceive                  0x08000fdd   Thumb Code   638  stm32f4xx_hal_spi.o(.text.HAL_SPI_TransmitReceive)
    HAL_SYSTICK_Config                       0x0800125d   Thumb Code     4  stm32f4xx_hal_cortex.o(.text.HAL_SYSTICK_Config)
    LwIP_Init                                0x08001261   Thumb Code   108  lwip.o(.text.LwIP_Init)
    LwIP_Periodic_Handle                     0x080012cd   Thumb Code    72  lwip.o(.text.LwIP_Periodic_Handle)
    LwIP_Pkt_Handle                          0x08001315   Thumb Code    12  lwip.o(.text.LwIP_Pkt_Handle)
    SPI1_Init                                0x0800134d   Thumb Code    98  main.o(.text.SPI1_Init)
    SysTick_Handler                          0x080015b5   Thumb Code    14  main.o(.text.SysTick_Handler)
    SystemInit                               0x080015c5   Thumb Code    18  system_stm32f4xx.o(.text.SystemInit)
    Time_Update                              0x080015d9   Thumb Code    16  lwip.o(.text.Time_Update)
    dhcp_arp_reply                           0x0800163d   Thumb Code    30  dhcp.o(.text.dhcp_arp_reply)
    disableChip                              0x08001911   Thumb Code    14  enc28j60.o(.text.disableChip)
    enableChip                               0x08001921   Thumb Code    14  enc28j60.o(.text.enableChip)
    etharp_output                            0x08001b41   Thumb Code   252  etharp.o(.text.etharp_output)
    etharp_query                             0x08001c8d   Thumb Code   264  etharp.o(.text.etharp_query)
    etharp_request                           0x08001e2d   Thumb Code    26  etharp.o(.text.etharp_request)
    etharp_tmr                               0x08001e79   Thumb Code    76  etharp.o(.text.etharp_tmr)
    ethernet_input                           0x08001f3d   Thumb Code   144  etharp.o(.text.ethernet_input)
    ethernetif_init                          0x08001fcd   Thumb Code    64  ethernetif.o(.text.ethernetif_init)
    ethernetif_input                         0x0800200d   Thumb Code    60  ethernetif.o(.text.ethernetif_input)
    icmp_dest_unreach                        0x08002049   Thumb Code     8  icmp.o(.text.icmp_dest_unreach)
    icmp_input                               0x08002051   Thumb Code   290  icmp.o(.text.icmp_input)
    icmp_time_exceeded                       0x080021e5   Thumb Code     8  icmp.o(.text.icmp_time_exceeded)
    inet_chksum                              0x080021ed   Thumb Code    14  inet_chksum.o(.text.inet_chksum)
    inet_chksum_pbuf                         0x080021fd   Thumb Code    84  inet_chksum.o(.text.inet_chksum_pbuf)
    inet_chksum_pseudo                       0x08002251   Thumb Code   148  inet_chksum.o(.text.inet_chksum_pseudo)
    ip4_addr_isbroadcast                     0x080022e5   Thumb Code    56  ip_addr.o(.text.ip4_addr_isbroadcast)
    ip_frag                                  0x0800231d   Thumb Code   402  ip_frag.o(.text.ip_frag)
    ip_input                                 0x080024c1   Thumb Code   438  ip.o(.text.ip_input)
    ip_output                                0x08002679   Thumb Code    62  ip.o(.text.ip_output)
    ip_output_if                             0x080026b9   Thumb Code   236  ip.o(.text.ip_output_if)
    ip_reass                                 0x080027a5   Thumb Code   384  ip_frag.o(.text.ip_reass)
    ip_route                                 0x08002b8d   Thumb Code    72  ip.o(.text.ip_route)
    lwip_htonl                               0x08002cad   Thumb Code     4  def.o(.text.lwip_htonl)
    lwip_htons                               0x08002cb1   Thumb Code     4  def.o(.text.lwip_htons)
    lwip_ntohl                               0x08002cb5   Thumb Code     4  def.o(.text.lwip_ntohl)
    lwip_ntohs                               0x08002cb9   Thumb Code     4  def.o(.text.lwip_ntohs)
    main                                     0x08002d31   Thumb Code    56  main.o(.text.main)
    mem_free                                 0x08002d69   Thumb Code    68  mem.o(.text.mem_free)
    mem_init                                 0x08002dad   Thumb Code    74  mem.o(.text.mem_init)
    mem_malloc                               0x08002df9   Thumb Code   200  mem.o(.text.mem_malloc)
    mem_trim                                 0x08002ec1   Thumb Code   210  mem.o(.text.mem_trim)
    memp_free                                0x08002f95   Thumb Code    26  memp.o(.text.memp_free)
    memp_init                                0x08002fb1   Thumb Code    92  memp.o(.text.memp_init)
    memp_malloc                              0x0800300d   Thumb Code    34  memp.o(.text.memp_malloc)
    netif_add                                0x08003031   Thumb Code    92  netif.o(.text.netif_add)
    netif_set_addr                           0x0800308d   Thumb Code    32  netif.o(.text.netif_set_addr)
    netif_set_default                        0x080030ad   Thumb Code    12  netif.o(.text.netif_set_default)
    netif_set_gw                             0x080030b9   Thumb Code    12  netif.o(.text.netif_set_gw)
    netif_set_ipaddr                         0x080030c5   Thumb Code    98  netif.o(.text.netif_set_ipaddr)
    netif_set_netmask                        0x08003129   Thumb Code    12  netif.o(.text.netif_set_netmask)
    netif_set_up                             0x08003135   Thumb Code    34  netif.o(.text.netif_set_up)
    pbuf_alloc                               0x08003159   Thumb Code   296  pbuf.o(.text.pbuf_alloc)
    pbuf_alloced_custom                      0x08003281   Thumb Code    88  pbuf.o(.text.pbuf_alloced_custom)
    pbuf_cat                                 0x080032d9   Thumb Code    56  pbuf.o(.text.pbuf_cat)
    pbuf_chain                               0x08003311   Thumb Code    18  pbuf.o(.text.pbuf_chain)
    pbuf_clen                                0x08003325   Thumb Code    16  pbuf.o(.text.pbuf_clen)
    pbuf_copy                                0x08003335   Thumb Code   192  pbuf.o(.text.pbuf_copy)
    pbuf_copy_partial                        0x080033f5   Thumb Code   102  pbuf.o(.text.pbuf_copy_partial)
    pbuf_free                                0x0800345d   Thumb Code    90  pbuf.o(.text.pbuf_free)
    pbuf_header                              0x080034b9   Thumb Code   126  pbuf.o(.text.pbuf_header)
    pbuf_realloc                             0x08003539   Thumb Code    88  pbuf.o(.text.pbuf_realloc)
    pbuf_ref                                 0x08003591   Thumb Code    14  pbuf.o(.text.pbuf_ref)
    raw_input                                0x0800361d   Thumb Code   126  raw.o(.text.raw_input)
    readBuf                                  0x0800369d   Thumb Code    62  enc28j60.o(.text.readBuf)
    tcp_abandon                              0x080036dd   Thumb Code   158  tcp.o(.text.tcp_abandon)
    tcp_abort                                0x0800377d   Thumb Code     6  tcp.o(.text.tcp_abort)
    tcp_alloc                                0x08003785   Thumb Code   182  tcp.o(.text.tcp_alloc)
    tcp_close                                0x0800383d   Thumb Code    20  tcp.o(.text.tcp_close)
    tcp_eff_send_mss                         0x08003a4d   Thumb Code    30  tcp.o(.text.tcp_eff_send_mss)
    tcp_enqueue_flags                        0x08003a6d   Thumb Code   178  tcp_out.o(.text.tcp_enqueue_flags)
    tcp_fasttmr                              0x08003b21   Thumb Code   132  tcp.o(.text.tcp_fasttmr)
    tcp_input                                0x08003ba5   Thumb Code  1056  tcp_in.o(.text.tcp_input)
    tcp_keepalive                            0x08003fc5   Thumb Code    98  tcp_out.o(.text.tcp_keepalive)
    tcp_next_iss                             0x080041f1   Thumb Code    26  tcp.o(.text.tcp_next_iss)
    tcp_output                               0x0800420d   Thumb Code   498  tcp_out.o(.text.tcp_output)
    tcp_pcb_purge                            0x080045b5   Thumb Code    68  tcp.o(.text.tcp_pcb_purge)
    tcp_pcb_remove                           0x080045f9   Thumb Code    96  tcp.o(.text.tcp_pcb_remove)
    tcp_process_refused_data                 0x08004b95   Thumb Code   106  tcp.o(.text.tcp_process_refused_data)
    tcp_recv_null                            0x080050bd   Thumb Code    42  tcp.o(.text.tcp_recv_null)
    tcp_recved                               0x080050e9   Thumb Code    56  tcp.o(.text.tcp_recved)
    tcp_rexmit                               0x08005121   Thumb Code   106  tcp_out.o(.text.tcp_rexmit)
    tcp_rexmit_fast                          0x0800518d   Thumb Code    84  tcp_out.o(.text.tcp_rexmit_fast)
    tcp_rexmit_rto                           0x080051e1   Thumb Code    44  tcp_out.o(.text.tcp_rexmit_rto)
    tcp_rst                                  0x0800520d   Thumb Code   158  tcp_out.o(.text.tcp_rst)
    tcp_seg_free                             0x080052ad   Thumb Code    32  tcp.o(.text.tcp_seg_free)
    tcp_segs_free                            0x080052cd   Thumb Code    22  tcp.o(.text.tcp_segs_free)
    tcp_send_empty_ack                       0x080052e5   Thumb Code   102  tcp_out.o(.text.tcp_send_empty_ack)
    tcp_send_fin                             0x0800534d   Thumb Code    68  tcp_out.o(.text.tcp_send_fin)
    tcp_slowtmr                              0x08005391   Thumb Code   862  tcp.o(.text.tcp_slowtmr)
    tcp_timer_needed                         0x080056f1   Thumb Code     2  timers.o(.text.tcp_timer_needed)
    tcp_tmr                                  0x080057a1   Thumb Code    34  tcp.o(.text.tcp_tmr)
    tcp_update_rcv_ann_wnd                   0x080057c5   Thumb Code    68  tcp.o(.text.tcp_update_rcv_ann_wnd)
    tcp_zero_window_probe                    0x08005809   Thumb Code   166  tcp_out.o(.text.tcp_zero_window_probe)
    udp_bind                                 0x080058b1   Thumb Code   128  udp.o(.text.udp_bind)
    udp_input                                0x08005931   Thumb Code   480  udp.o(.text.udp_input)
    udp_sendto_if                            0x08005b75   Thumb Code   224  udp.o(.text.udp_sendto_if)
    _fp_init                                 0x08005c55   Thumb Code    26  fpinit.o(x$fpl$fpinit)
    __fplib_config_fpu_vfp                   0x08005c6d   Thumb Code     0  fpinit.o(x$fpl$fpinit)
    __fplib_config_pureend_doubles           0x08005c6d   Thumb Code     0  fpinit.o(x$fpl$fpinit)
    ethbroadcast                             0x08005c6e   Data           6  etharp.o(.rodata.ethbroadcast)
    ip_addr_broadcast                        0x08005c74   Data           4  ip_addr.o(.rodata.ip_addr_broadcast)
    tcp_backoff                              0x08005c9c   Data          13  tcp.o(.rodata.tcp_backoff)
    tcp_persist_backoff                      0x08005ca9   Data           7  tcp.o(.rodata.tcp_persist_backoff)
    Region$$Table$$Base                      0x08005cb0   Number         0  anon$$obj.o(Region$$Table)
    Region$$Table$$Limit                     0x08005cd0   Number         0  anon$$obj.o(Region$$Table)
    SystemCoreClock                          0x20000000   Data           4  system_stm32f4xx.o(.data.SystemCoreClock)
    mymac                                    0x20000008   Data           6  ethernetif.o(.data.mymac)
    uwTickFreq                               0x20000016   Data           1  stm32f4xx_hal.o(.data.uwTickFreq)
    uwTickPrio                               0x20000018   Data           4  stm32f4xx_hal.o(.data.uwTickPrio)
    __libspace_start                         0x20000020   Data          96  libspace.o(.bss)
    ARPTimer                                 0x20000080   Data           4  lwip.o(.bss.ARPTimer)
    __temporary_stack_top$libspace           0x20000080   Data           0  libspace.o(.bss)
    LocalTime                                0x20000088   Data           4  lwip.o(.bss.LocalTime)
    TCPTimer                                 0x2000008c   Data           4  lwip.o(.bss.TCPTimer)
    current_header                           0x2000015c   Data           4  ip.o(.bss.current_header)
    current_iphdr_dest                       0x20000160   Data           4  ip.o(.bss.current_iphdr_dest)
    current_iphdr_src                        0x20000164   Data           4  ip.o(.bss.current_iphdr_src)
    current_netif                            0x20000168   Data           4  ip.o(.bss.current_netif)
    gnetif                                   0x20000170   Data          56  lwip.o(.bss.gnetif)
    hspi1                                    0x200001a8   Data          88  main.o(.bss.hspi1)
    netif_default                            0x20002638   Data           4  netif.o(.bss.netif_default)
    netif_list                               0x2000263c   Data           4  netif.o(.bss.netif_list)
    ram_heap                                 0x2000264c   Data        4116  mem.o(.bss.ram_heap)
    rxbuf                                    0x20003670   Data        3041  ethernetif.o(.bss.rxbuf)
    tcp_active_pcbs                          0x20004258   Data           4  tcp.o(.bss.tcp_active_pcbs)
    tcp_active_pcbs_changed                  0x2000425c   Data           1  tcp.o(.bss.tcp_active_pcbs_changed)
    tcp_bound_pcbs                           0x20004260   Data           4  tcp.o(.bss.tcp_bound_pcbs)
    tcp_input_pcb                            0x20004264   Data           4  tcp_in.o(.bss.tcp_input_pcb)
    tcp_listen_pcbs                          0x20004268   Data           4  tcp.o(.bss.tcp_listen_pcbs)
    tcp_ticks                                0x2000426c   Data           4  tcp.o(.bss.tcp_ticks)
    tcp_tmp_pcb                              0x20004274   Data           4  tcp.o(.bss.tcp_tmp_pcb)
    tcp_tw_pcbs                              0x20004278   Data           4  tcp.o(.bss.tcp_tw_pcbs)
    txbuf                                    0x20004282   Data        3040  ethernetif.o(.bss.txbuf)
    udp_pcbs                                 0x20004e64   Data           4  udp.o(.bss.udp_pcbs)
    uwTick                                   0x20004e68   Data           4  stm32f4xx_hal.o(.bss.uwTick)



==============================================================================

Memory Map of the image

  Image Entry point : 0x080001c5

  Load Region LR_IROM1 (Base: 0x08000000, Size: 0x00005cf0, Max: 0x00080000, ABSOLUTE)

    Execution Region ER_IROM1 (Exec base: 0x08000000, Load base: 0x08000000, Size: 0x00005cd0, Max: 0x00080000, ABSOLUTE)

    Exec Addr    Load Addr    Size         Type   Attr      Idx    E Section Name        Object

    0x08000000   0x08000000   0x000001c4   Data   RO         1261    RESET               startup_stm32f446xx.o
    0x080001c4   0x080001c4   0x00000008   Code   RO         1300  * !!!main             c_w.l(__main.o)
    0x080001cc   0x080001cc   0x00000034   Code   RO         1475    !!!scatter          c_w.l(__scatter.o)
    0x08000200   0x08000200   0x0000001a   Code   RO         1477    !!handler_copy      c_w.l(__scatter_copy.o)
    0x0800021a   0x0800021a   0x00000002   PAD
    0x0800021c   0x0800021c   0x0000001c   Code   RO         1479    !!handler_zi        c_w.l(__scatter_zi.o)
    0x08000238   0x08000238   0x00000002   Code   RO         1339    .ARM.Collect$$libinit$$00000000  c_w.l(libinit.o)
    0x0800023a   0x0800023a   0x00000004   Code   RO         1351    .ARM.Collect$$libinit$$00000001  c_w.l(libinit2.o)
    0x0800023e   0x0800023e   0x00000000   Code   RO         1354    .ARM.Collect$$libinit$$00000004  c_w.l(libinit2.o)
    0x0800023e   0x0800023e   0x00000000   Code   RO         1357    .ARM.Collect$$libinit$$0000000A  c_w.l(libinit2.o)
    0x0800023e   0x0800023e   0x00000000   Code   RO         1359    .ARM.Collect$$libinit$$0000000C  c_w.l(libinit2.o)
    0x0800023e   0x0800023e   0x00000000   Code   RO         1361    .ARM.Collect$$libinit$$0000000E  c_w.l(libinit2.o)
    0x0800023e   0x0800023e   0x00000000   Code   RO         1364    .ARM.Collect$$libinit$$00000011  c_w.l(libinit2.o)
    0x0800023e   0x0800023e   0x00000000   Code   RO         1366    .ARM.Collect$$libinit$$00000013  c_w.l(libinit2.o)
    0x0800023e   0x0800023e   0x00000000   Code   RO         1368    .ARM.Collect$$libinit$$00000015  c_w.l(libinit2.o)
    0x0800023e   0x0800023e   0x00000000   Code   RO         1370    .ARM.Collect$$libinit$$00000017  c_w.l(libinit2.o)
    0x0800023e   0x0800023e   0x00000000   Code   RO         1372    .ARM.Collect$$libinit$$00000019  c_w.l(libinit2.o)
    0x0800023e   0x0800023e   0x00000000   Code   RO         1374    .ARM.Collect$$libinit$$0000001B  c_w.l(libinit2.o)
    0x0800023e   0x0800023e   0x00000000   Code   RO         1376    .ARM.Collect$$libinit$$0000001D  c_w.l(libinit2.o)
    0x0800023e   0x0800023e   0x00000000   Code   RO         1378    .ARM.Collect$$libinit$$0000001F  c_w.l(libinit2.o)
    0x0800023e   0x0800023e   0x00000000   Code   RO         1380    .ARM.Collect$$libinit$$00000021  c_w.l(libinit2.o)
    0x0800023e   0x0800023e   0x00000000   Code   RO         1382    .ARM.Collect$$libinit$$00000023  c_w.l(libinit2.o)
    0x0800023e   0x0800023e   0x00000000   Code   RO         1384    .ARM.Collect$$libinit$$00000025  c_w.l(libinit2.o)
    0x0800023e   0x0800023e   0x00000000   Code   RO         1388    .ARM.Collect$$libinit$$0000002C  c_w.l(libinit2.o)
    0x0800023e   0x0800023e   0x00000000   Code   RO         1390    .ARM.Collect$$libinit$$0000002E  c_w.l(libinit2.o)
    0x0800023e   0x0800023e   0x00000000   Code   RO         1392    .ARM.Collect$$libinit$$00000030  c_w.l(libinit2.o)
    0x0800023e   0x0800023e   0x00000000   Code   RO         1394    .ARM.Collect$$libinit$$00000032  c_w.l(libinit2.o)
    0x0800023e   0x0800023e   0x00000002   Code   RO         1395    .ARM.Collect$$libinit$$00000033  c_w.l(libinit2.o)
    0x08000240   0x08000240   0x00000002   Code   RO         1430    .ARM.Collect$$libshutdown$$00000000  c_w.l(libshutdown.o)
    0x08000242   0x08000242   0x00000000   Code   RO         1458    .ARM.Collect$$libshutdown$$00000002  c_w.l(libshutdown2.o)
    0x08000242   0x08000242   0x00000000   Code   RO         1460    .ARM.Collect$$libshutdown$$00000004  c_w.l(libshutdown2.o)
    0x08000242   0x08000242   0x00000000   Code   RO         1463    .ARM.Collect$$libshutdown$$00000007  c_w.l(libshutdown2.o)
    0x08000242   0x08000242   0x00000000   Code   RO         1466    .ARM.Collect$$libshutdown$$0000000A  c_w.l(libshutdown2.o)
    0x08000242   0x08000242   0x00000000   Code   RO         1468    .ARM.Collect$$libshutdown$$0000000C  c_w.l(libshutdown2.o)
    0x08000242   0x08000242   0x00000000   Code   RO         1471    .ARM.Collect$$libshutdown$$0000000F  c_w.l(libshutdown2.o)
    0x08000242   0x08000242   0x00000002   Code   RO         1472    .ARM.Collect$$libshutdown$$00000010  c_w.l(libshutdown2.o)
    0x08000244   0x08000244   0x00000000   Code   RO         1302    .ARM.Collect$$rtentry$$00000000  c_w.l(__rtentry.o)
    0x08000244   0x08000244   0x00000000   Code   RO         1310    .ARM.Collect$$rtentry$$00000002  c_w.l(__rtentry2.o)
    0x08000244   0x08000244   0x00000006   Code   RO         1322    .ARM.Collect$$rtentry$$00000004  c_w.l(__rtentry4.o)
    0x0800024a   0x0800024a   0x00000000   Code   RO         1312    .ARM.Collect$$rtentry$$00000009  c_w.l(__rtentry2.o)
    0x0800024a   0x0800024a   0x00000004   Code   RO         1313    .ARM.Collect$$rtentry$$0000000A  c_w.l(__rtentry2.o)
    0x0800024e   0x0800024e   0x00000000   Code   RO         1315    .ARM.Collect$$rtentry$$0000000C  c_w.l(__rtentry2.o)
    0x0800024e   0x0800024e   0x00000008   Code   RO         1316    .ARM.Collect$$rtentry$$0000000D  c_w.l(__rtentry2.o)
    0x08000256   0x08000256   0x00000002   Code   RO         1343    .ARM.Collect$$rtexit$$00000000  c_w.l(rtexit.o)
    0x08000258   0x08000258   0x00000000   Code   RO         1401    .ARM.Collect$$rtexit$$00000002  c_w.l(rtexit2.o)
    0x08000258   0x08000258   0x00000004   Code   RO         1402    .ARM.Collect$$rtexit$$00000003  c_w.l(rtexit2.o)
    0x0800025c   0x0800025c   0x00000006   Code   RO         1403    .ARM.Collect$$rtexit$$00000004  c_w.l(rtexit2.o)
    0x08000262   0x08000262   0x00000002   PAD
    0x08000264   0x08000264   0x00000040   Code   RO         1262    .text               startup_stm32f446xx.o
    0x080002a4   0x080002a4   0x00000058   Code   RO         1288    .text               c_w.l(memcmp.o)
    0x080002fc   0x080002fc   0x0000008a   Code   RO         1292    .text               c_w.l(rt_memcpy_v6.o)
    0x08000386   0x08000386   0x0000004e   Code   RO         1296    .text               c_w.l(rt_memclr_w.o)
    0x080003d4   0x080003d4   0x00000006   Code   RO         1298    .text               c_w.l(heapauxi.o)
    0x080003da   0x080003da   0x00000064   Code   RO         1307    .text               c_w.l(rt_memcpy_w.o)
    0x0800043e   0x0800043e   0x0000004a   Code   RO         1326    .text               c_w.l(sys_stackheap_outer.o)
    0x08000488   0x08000488   0x00000012   Code   RO         1328    .text               c_w.l(exit.o)
    0x0800049a   0x0800049a   0x00000002   PAD
    0x0800049c   0x0800049c   0x00000008   Code   RO         1340    .text               c_w.l(libspace.o)
    0x080004a4   0x080004a4   0x0000000c   Code   RO         1396    .text               c_w.l(sys_exit.o)
    0x080004b0   0x080004b0   0x00000002   Code   RO         1419    .text               c_w.l(use_no_semi.o)
    0x080004b2   0x080004b2   0x00000000   Code   RO         1421    .text               c_w.l(indicate_semi.o)
    0x080004b2   0x080004b2   0x00000002   PAD
    0x080004b4   0x080004b4   0x0000009e   Code   RO          713    .text.ENC28J60_packetReceive  enc28j60.o
    0x08000552   0x08000552   0x00000002   PAD
    0x08000554   0x08000554   0x00000112   Code   RO          699    .text.ENC28_Init    enc28j60.o
    0x08000666   0x08000666   0x00000002   PAD
    0x08000668   0x08000668   0x00000092   Code   RO          707    .text.ENC28_packetSend  enc28j60.o
    0x080006fa   0x080006fa   0x00000002   PAD
    0x080006fc   0x080006fc   0x00000064   Code   RO          681    .text.ENC28_readOp  enc28j60.o
    0x08000760   0x08000760   0x00000014   Code   RO          685    .text.ENC28_readReg8  enc28j60.o
    0x08000774   0x08000774   0x00000030   Code   RO          687    .text.ENC28_setBank  enc28j60.o
    0x080007a4   0x080007a4   0x0000003c   Code   RO          709    .text.ENC28_writeBuf  enc28j60.o
    0x080007e0   0x080007e0   0x00000038   Code   RO          683    .text.ENC28_writeOp  enc28j60.o
    0x08000818   0x08000818   0x00000020   Code   RO          695    .text.ENC28_writePhy  enc28j60.o
    0x08000838   0x08000838   0x0000001a   Code   RO          693    .text.ENC28_writeReg16  enc28j60.o
    0x08000852   0x08000852   0x00000002   PAD
    0x08000854   0x08000854   0x00000018   Code   RO          689    .text.ENC28_writeReg8  enc28j60.o
    0x0800086c   0x0800086c   0x0000005c   Code   RO            4    .text.GPIO_Init     main.o
    0x080008c8   0x080008c8   0x00000028   Code   RO          793    .text.HAL_Delay     stm32f4xx_hal.o
    0x080008f0   0x080008f0   0x000001aa   Code   RO          968    .text.HAL_GPIO_Init  stm32f4xx_hal_gpio.o
    0x08000a9a   0x08000a9a   0x00000002   PAD
    0x08000a9c   0x08000a9c   0x0000000a   Code   RO          974    .text.HAL_GPIO_WritePin  stm32f4xx_hal_gpio.o
    0x08000aa6   0x08000aa6   0x00000002   PAD
    0x08000aa8   0x08000aa8   0x0000000c   Code   RO          785    .text.HAL_GetTick   stm32f4xx_hal.o
    0x08000ab4   0x08000ab4   0x0000001a   Code   RO          783    .text.HAL_IncTick   stm32f4xx_hal.o
    0x08000ace   0x08000ace   0x00000002   PAD
    0x08000ad0   0x08000ad0   0x0000002e   Code   RO          773    .text.HAL_Init      stm32f4xx_hal.o
    0x08000afe   0x08000afe   0x00000002   PAD
    0x08000b00   0x08000b00   0x00000050   Code   RO          775    .text.HAL_InitTick  stm32f4xx_hal.o
    0x08000b50   0x08000b50   0x00000002   Code   RO          777    .text.HAL_MspInit   stm32f4xx_hal.o
    0x08000b52   0x08000b52   0x00000002   PAD
    0x08000b54   0x08000b54   0x00000020   Code   RO          843    .text.HAL_NVIC_SetPriority  stm32f4xx_hal_cortex.o
    0x08000b74   0x08000b74   0x00000004   Code   RO          839    .text.HAL_NVIC_SetPriorityGrouping  stm32f4xx_hal_cortex.o
    0x08000b78   0x08000b78   0x000000c4   Code   RO         1133    .text.HAL_SPI_Init  stm32f4xx_hal_spi.o
    0x08000c3c   0x08000c3c   0x00000002   Code   RO         1135    .text.HAL_SPI_MspInit  stm32f4xx_hal_spi.o
    0x08000c3e   0x08000c3e   0x00000002   PAD
    0x08000c40   0x08000c40   0x000001f2   Code   RO         1145    .text.HAL_SPI_Receive  stm32f4xx_hal_spi.o
    0x08000e32   0x08000e32   0x00000002   PAD
    0x08000e34   0x08000e34   0x000001a6   Code   RO         1141    .text.HAL_SPI_Transmit  stm32f4xx_hal_spi.o
    0x08000fda   0x08000fda   0x00000002   PAD
    0x08000fdc   0x08000fdc   0x0000027e   Code   RO         1147    .text.HAL_SPI_TransmitReceive  stm32f4xx_hal_spi.o
    0x0800125a   0x0800125a   0x00000002   PAD
    0x0800125c   0x0800125c   0x00000004   Code   RO          863    .text.HAL_SYSTICK_Config  stm32f4xx_hal_cortex.o
    0x08001260   0x08001260   0x0000006c   Code   RO          752    .text.LwIP_Init     lwip.o
    0x080012cc   0x080012cc   0x00000048   Code   RO          756    .text.LwIP_Periodic_Handle  lwip.o
    0x08001314   0x08001314   0x0000000c   Code   RO          754    .text.LwIP_Pkt_Handle  lwip.o
    0x08001320   0x08001320   0x0000002c   Code   RO          849    .text.NVIC_EncodePriority  stm32f4xx_hal_cortex.o
    0x0800134c   0x0800134c   0x00000062   Code   RO            6    .text.SPI1_Init     main.o
    0x080013ae   0x080013ae   0x00000002   PAD
    0x080013b0   0x080013b0   0x00000088   Code   RO         1151    .text.SPI_EndRxTransaction  stm32f4xx_hal_spi.o
    0x08001438   0x08001438   0x0000006a   Code   RO         1143    .text.SPI_EndRxTxTransaction  stm32f4xx_hal_spi.o
    0x080014a2   0x080014a2   0x00000002   PAD
    0x080014a4   0x080014a4   0x000000e0   Code   RO         1149    .text.SPI_WaitFlagStateUntilTimeout  stm32f4xx_hal_spi.o
    0x08001584   0x08001584   0x00000030   Code   RO          865    .text.SysTick_Config  stm32f4xx_hal_cortex.o
    0x080015b4   0x080015b4   0x0000000e   Code   RO            8    .text.SysTick_Handler  main.o
    0x080015c2   0x080015c2   0x00000002   PAD
    0x080015c4   0x080015c4   0x00000012   Code   RO         1269    .text.SystemInit    system_stm32f4xx.o
    0x080015d6   0x080015d6   0x00000002   PAD
    0x080015d8   0x080015d8   0x00000010   Code   RO          758    .text.Time_Update   lwip.o
    0x080015e8   0x080015e8   0x00000010   Code   RO          845    .text.__NVIC_GetPriorityGrouping  stm32f4xx_hal_cortex.o
    0x080015f8   0x080015f8   0x00000022   Code   RO          847    .text.__NVIC_SetPriority  stm32f4xx_hal_cortex.o
    0x0800161a   0x0800161a   0x00000002   PAD
    0x0800161c   0x0800161c   0x00000020   Code   RO          841    .text.__NVIC_SetPriorityGrouping  stm32f4xx_hal_cortex.o
    0x0800163c   0x0800163c   0x0000001e   Code   RO          213    .text.dhcp_arp_reply  dhcp.o
    0x0800165a   0x0800165a   0x00000002   PAD
    0x0800165c   0x0800165c   0x0000011a   Code   RO          199    .text.dhcp_create_msg  dhcp.o
    0x08001776   0x08001776   0x00000002   PAD
    0x08001778   0x08001778   0x0000006e   Code   RO          215    .text.dhcp_decline  dhcp.o
    0x080017e6   0x080017e6   0x00000002   PAD
    0x080017e8   0x080017e8   0x00000020   Code   RO          207    .text.dhcp_delete_msg  dhcp.o
    0x08001808   0x08001808   0x0000002c   Code   RO          201    .text.dhcp_option   dhcp.o
    0x08001834   0x08001834   0x00000014   Code   RO          231    .text.dhcp_option_byte  dhcp.o
    0x08001848   0x08001848   0x00000056   Code   RO          229    .text.dhcp_option_long  dhcp.o
    0x0800189e   0x0800189e   0x00000002   PAD
    0x080018a0   0x080018a0   0x0000005a   Code   RO          205    .text.dhcp_option_trailer  dhcp.o
    0x080018fa   0x080018fa   0x00000002   PAD
    0x080018fc   0x080018fc   0x00000012   Code   RO          197    .text.dhcp_set_state  dhcp.o
    0x0800190e   0x0800190e   0x00000002   PAD
    0x08001910   0x08001910   0x0000000e   Code   RO          679    .text.disableChip   enc28j60.o
    0x0800191e   0x0800191e   0x00000002   PAD
    0x08001920   0x08001920   0x0000000e   Code   RO          677    .text.enableChip    enc28j60.o
    0x0800192e   0x0800192e   0x00000002   PAD
    0x08001930   0x08001930   0x000000da   Code   RO          659    .text.etharp_arp_input  etharp.o
    0x08001a0a   0x08001a0a   0x00000002   PAD
    0x08001a0c   0x08001a0c   0x00000108   Code   RO          643    .text.etharp_find_entry  etharp.o
    0x08001b14   0x08001b14   0x0000002c   Code   RO          637    .text.etharp_free_entry  etharp.o
    0x08001b40   0x08001b40   0x000000fc   Code   RO          645    .text.etharp_output  etharp.o
    0x08001c3c   0x08001c3c   0x0000004e   Code   RO          647    .text.etharp_output_to_arp_index  etharp.o
    0x08001c8a   0x08001c8a   0x00000002   PAD
    0x08001c8c   0x08001c8c   0x00000108   Code   RO          649    .text.etharp_query  etharp.o
    0x08001d94   0x08001d94   0x00000096   Code   RO          655    .text.etharp_raw    etharp.o
    0x08001e2a   0x08001e2a   0x00000002   PAD
    0x08001e2c   0x08001e2c   0x0000001a   Code   RO          653    .text.etharp_request  etharp.o
    0x08001e46   0x08001e46   0x00000002   PAD
    0x08001e48   0x08001e48   0x0000002e   Code   RO          651    .text.etharp_send_ip  etharp.o
    0x08001e76   0x08001e76   0x00000002   PAD
    0x08001e78   0x08001e78   0x0000004c   Code   RO          635    .text.etharp_tmr    etharp.o
    0x08001ec4   0x08001ec4   0x00000078   Code   RO          661    .text.etharp_update_arp_entry  etharp.o
    0x08001f3c   0x08001f3c   0x00000090   Code   RO          657    .text.ethernet_input  etharp.o
    0x08001fcc   0x08001fcc   0x00000040   Code   RO          734    .text.ethernetif_init  ethernetif.o
    0x0800200c   0x0800200c   0x0000003c   Code   RO          730    .text.ethernetif_input  ethernetif.o
    0x08002048   0x08002048   0x00000008   Code   RO           41    .text.icmp_dest_unreach  icmp.o
    0x08002050   0x08002050   0x00000122   Code   RO           39    .text.icmp_input    icmp.o
    0x08002172   0x08002172   0x00000002   PAD
    0x08002174   0x08002174   0x0000006e   Code   RO           43    .text.icmp_send_response  icmp.o
    0x080021e2   0x080021e2   0x00000002   PAD
    0x080021e4   0x080021e4   0x00000008   Code   RO           45    .text.icmp_time_exceeded  icmp.o
    0x080021ec   0x080021ec   0x0000000e   Code   RO           64    .text.inet_chksum   inet_chksum.o
    0x080021fa   0x080021fa   0x00000002   PAD
    0x080021fc   0x080021fc   0x00000054   Code   RO           66    .text.inet_chksum_pbuf  inet_chksum.o
    0x08002250   0x08002250   0x00000094   Code   RO           58    .text.inet_chksum_pseudo  inet_chksum.o
    0x080022e4   0x080022e4   0x00000038   Code   RO           99    .text.ip4_addr_isbroadcast  ip_addr.o
    0x0800231c   0x0800231c   0x00000192   Code   RO          137    .text.ip_frag       ip_frag.o
    0x080024ae   0x080024ae   0x00000002   PAD
    0x080024b0   0x080024b0   0x00000006   Code   RO          139    .text.ip_frag_alloc_pbuf_custom_ref  ip_frag.o
    0x080024b6   0x080024b6   0x00000002   PAD
    0x080024b8   0x080024b8   0x00000008   Code   RO          141    .text.ip_frag_free_pbuf_custom_ref  ip_frag.o
    0x080024c0   0x080024c0   0x000001b6   Code   RO           79    .text.ip_input      ip.o
    0x08002676   0x08002676   0x00000002   PAD
    0x08002678   0x08002678   0x0000003e   Code   RO           83    .text.ip_output     ip.o
    0x080026b6   0x080026b6   0x00000002   PAD
    0x080026b8   0x080026b8   0x000000ec   Code   RO           81    .text.ip_output_if  ip.o
    0x080027a4   0x080027a4   0x00000180   Code   RO          127    .text.ip_reass      ip_frag.o
    0x08002924   0x08002924   0x000000f8   Code   RO          133    .text.ip_reass_chain_frag_into_datagram_and_validate  ip_frag.o
    0x08002a1c   0x08002a1c   0x00000022   Code   RO          135    .text.ip_reass_dequeue_datagram  ip_frag.o
    0x08002a3e   0x08002a3e   0x00000002   PAD
    0x08002a40   0x08002a40   0x00000062   Code   RO          131    .text.ip_reass_enqueue_new_datagram  ip_frag.o
    0x08002aa2   0x08002aa2   0x00000002   PAD
    0x08002aa4   0x08002aa4   0x00000074   Code   RO          125    .text.ip_reass_free_complete_datagram  ip_frag.o
    0x08002b18   0x08002b18   0x00000072   Code   RO          129    .text.ip_reass_remove_oldest_datagram  ip_frag.o
    0x08002b8a   0x08002b8a   0x00000002   PAD
    0x08002b8c   0x08002b8c   0x00000048   Code   RO           77    .text.ip_route      ip.o
    0x08002bd4   0x08002bd4   0x00000018   Code   RO          143    .text.ipfrag_free_pbuf_custom  ip_frag.o
    0x08002bec   0x08002bec   0x0000002c   Code   RO          738    .text.low_level_init  ethernetif.o
    0x08002c18   0x08002c18   0x00000058   Code   RO          732    .text.low_level_input  ethernetif.o
    0x08002c70   0x08002c70   0x0000003a   Code   RO          736    .text.low_level_output  ethernetif.o
    0x08002caa   0x08002caa   0x00000002   PAD
    0x08002cac   0x08002cac   0x00000004   Code   RO          160    .text.lwip_htonl    def.o
    0x08002cb0   0x08002cb0   0x00000004   Code   RO          156    .text.lwip_htons    def.o
    0x08002cb4   0x08002cb4   0x00000004   Code   RO          162    .text.lwip_ntohl    def.o
    0x08002cb8   0x08002cb8   0x00000004   Code   RO          158    .text.lwip_ntohs    def.o
    0x08002cbc   0x08002cbc   0x00000072   Code   RO           60    .text.lwip_standard_chksum  inet_chksum.o
    0x08002d2e   0x08002d2e   0x00000002   PAD
    0x08002d30   0x08002d30   0x00000038   Code   RO            2    .text.main          main.o
    0x08002d68   0x08002d68   0x00000044   Code   RO          265    .text.mem_free      mem.o
    0x08002dac   0x08002dac   0x0000004a   Code   RO          263    .text.mem_init      mem.o
    0x08002df6   0x08002df6   0x00000002   PAD
    0x08002df8   0x08002df8   0x000000c8   Code   RO          271    .text.mem_malloc    mem.o
    0x08002ec0   0x08002ec0   0x000000d2   Code   RO          269    .text.mem_trim      mem.o
    0x08002f92   0x08002f92   0x00000002   PAD
    0x08002f94   0x08002f94   0x0000001a   Code   RO          292    .text.memp_free     memp.o
    0x08002fae   0x08002fae   0x00000002   PAD
    0x08002fb0   0x08002fb0   0x0000005c   Code   RO          288    .text.memp_init     memp.o
    0x0800300c   0x0800300c   0x00000022   Code   RO          290    .text.memp_malloc   memp.o
    0x0800302e   0x0800302e   0x00000002   PAD
    0x08003030   0x08003030   0x0000005c   Code   RO          309    .text.netif_add     netif.o
    0x0800308c   0x0800308c   0x00000020   Code   RO          311    .text.netif_set_addr  netif.o
    0x080030ac   0x080030ac   0x0000000c   Code   RO          323    .text.netif_set_default  netif.o
    0x080030b8   0x080030b8   0x0000000c   Code   RO          317    .text.netif_set_gw  netif.o
    0x080030c4   0x080030c4   0x00000062   Code   RO          313    .text.netif_set_ipaddr  netif.o
    0x08003126   0x08003126   0x00000002   PAD
    0x08003128   0x08003128   0x0000000c   Code   RO          315    .text.netif_set_netmask  netif.o
    0x08003134   0x08003134   0x00000022   Code   RO          327    .text.netif_set_up  netif.o
    0x08003156   0x08003156   0x00000002   PAD
    0x08003158   0x08003158   0x00000128   Code   RO          347    .text.pbuf_alloc    pbuf.o
    0x08003280   0x08003280   0x00000058   Code   RO          351    .text.pbuf_alloced_custom  pbuf.o
    0x080032d8   0x080032d8   0x00000038   Code   RO          361    .text.pbuf_cat      pbuf.o
    0x08003310   0x08003310   0x00000012   Code   RO          363    .text.pbuf_chain    pbuf.o
    0x08003322   0x08003322   0x00000002   PAD
    0x08003324   0x08003324   0x00000010   Code   RO          357    .text.pbuf_clen     pbuf.o
    0x08003334   0x08003334   0x000000c0   Code   RO          367    .text.pbuf_copy     pbuf.o
    0x080033f4   0x080033f4   0x00000066   Code   RO          369    .text.pbuf_copy_partial  pbuf.o
    0x0800345a   0x0800345a   0x00000002   PAD
    0x0800345c   0x0800345c   0x0000005a   Code   RO          349    .text.pbuf_free     pbuf.o
    0x080034b6   0x080034b6   0x00000002   PAD
    0x080034b8   0x080034b8   0x0000007e   Code   RO          355    .text.pbuf_header   pbuf.o
    0x08003536   0x08003536   0x00000002   PAD
    0x08003538   0x08003538   0x00000058   Code   RO          353    .text.pbuf_realloc  pbuf.o
    0x08003590   0x08003590   0x0000000e   Code   RO          359    .text.pbuf_ref      pbuf.o
    0x0800359e   0x0800359e   0x00000002   PAD
    0x080035a0   0x080035a0   0x0000007c   Code   RO          267    .text.plug_holes    mem.o
    0x0800361c   0x0800361c   0x0000007e   Code   RO          392    .text.raw_input     raw.o
    0x0800369a   0x0800369a   0x00000002   PAD
    0x0800369c   0x0800369c   0x0000003e   Code   RO          711    .text.readBuf       enc28j60.o
    0x080036da   0x080036da   0x00000002   PAD
    0x080036dc   0x080036dc   0x0000009e   Code   RO          434    .text.tcp_abandon   tcp.o
    0x0800377a   0x0800377a   0x00000002   PAD
    0x0800377c   0x0800377c   0x00000006   Code   RO          440    .text.tcp_abort     tcp.o
    0x08003782   0x08003782   0x00000002   PAD
    0x08003784   0x08003784   0x000000b6   Code   RO          470    .text.tcp_alloc     tcp.o
    0x0800383a   0x0800383a   0x00000002   PAD
    0x0800383c   0x0800383c   0x00000014   Code   RO          428    .text.tcp_close     tcp.o
    0x08003850   0x08003850   0x0000015e   Code   RO          430    .text.tcp_close_shutdown  tcp.o
    0x080039ae   0x080039ae   0x00000002   PAD
    0x080039b0   0x080039b0   0x0000009c   Code   RO          560    .text.tcp_create_segment  tcp_out.o
    0x08003a4c   0x08003a4c   0x0000001e   Code   RO          458    .text.tcp_eff_send_mss  tcp.o
    0x08003a6a   0x08003a6a   0x00000002   PAD
    0x08003a6c   0x08003a6c   0x000000b2   Code   RO          552    .text.tcp_enqueue_flags  tcp_out.o
    0x08003b1e   0x08003b1e   0x00000002   PAD
    0x08003b20   0x08003b20   0x00000084   Code   RO          424    .text.tcp_fasttmr   tcp.o
    0x08003ba4   0x08003ba4   0x00000420   Code   RO          517    .text.tcp_input     tcp_in.o
    0x08003fc4   0x08003fc4   0x00000062   Code   RO          578    .text.tcp_keepalive  tcp_out.o
    0x08004026   0x08004026   0x00000002   PAD
    0x08004028   0x08004028   0x0000005c   Code   RO          474    .text.tcp_kill_prio  tcp.o
    0x08004084   0x08004084   0x00000040   Code   RO          472    .text.tcp_kill_timewait  tcp.o
    0x080040c4   0x080040c4   0x0000012c   Code   RO          521    .text.tcp_listen_input  tcp_in.o
    0x080041f0   0x080041f0   0x0000001a   Code   RO          456    .text.tcp_next_iss  tcp.o
    0x0800420a   0x0800420a   0x00000002   PAD
    0x0800420c   0x0800420c   0x000001f2   Code   RO          566    .text.tcp_output    tcp_out.o
    0x080043fe   0x080043fe   0x00000002   PAD
    0x08004400   0x08004400   0x00000062   Code   RO          564    .text.tcp_output_alloc_header  tcp_out.o
    0x08004462   0x08004462   0x00000002   PAD
    0x08004464   0x08004464   0x000000c2   Code   RO          568    .text.tcp_output_segment  tcp_out.o
    0x08004526   0x08004526   0x00000002   PAD
    0x08004528   0x08004528   0x0000008a   Code   RO          525    .text.tcp_parseopt  tcp_in.o
    0x080045b2   0x080045b2   0x00000002   PAD
    0x080045b4   0x080045b4   0x00000044   Code   RO          460    .text.tcp_pcb_purge  tcp.o
    0x080045f8   0x080045f8   0x00000060   Code   RO          436    .text.tcp_pcb_remove  tcp.o
    0x08004658   0x08004658   0x0000053c   Code   RO          523    .text.tcp_process   tcp_in.o
    0x08004b94   0x08004b94   0x0000006a   Code   RO          462    .text.tcp_process_refused_data  tcp.o
    0x08004bfe   0x08004bfe   0x00000002   PAD
    0x08004c00   0x08004c00   0x000004bc   Code   RO          527    .text.tcp_receive   tcp_in.o
    0x080050bc   0x080050bc   0x0000002a   Code   RO          464    .text.tcp_recv_null  tcp.o
    0x080050e6   0x080050e6   0x00000002   PAD
    0x080050e8   0x080050e8   0x00000038   Code   RO          452    .text.tcp_recved    tcp.o
    0x08005120   0x08005120   0x0000006a   Code   RO          574    .text.tcp_rexmit    tcp_out.o
    0x0800518a   0x0800518a   0x00000002   PAD
    0x0800518c   0x0800518c   0x00000054   Code   RO          576    .text.tcp_rexmit_fast  tcp_out.o
    0x080051e0   0x080051e0   0x0000002c   Code   RO          572    .text.tcp_rexmit_rto  tcp_out.o
    0x0800520c   0x0800520c   0x0000009e   Code   RO          570    .text.tcp_rst       tcp_out.o
    0x080052aa   0x080052aa   0x00000002   PAD
    0x080052ac   0x080052ac   0x00000020   Code   RO          466    .text.tcp_seg_free  tcp.o
    0x080052cc   0x080052cc   0x00000016   Code   RO          438    .text.tcp_segs_free  tcp.o
    0x080052e2   0x080052e2   0x00000002   PAD
    0x080052e4   0x080052e4   0x00000066   Code   RO          562    .text.tcp_send_empty_ack  tcp_out.o
    0x0800534a   0x0800534a   0x00000002   PAD
    0x0800534c   0x0800534c   0x00000044   Code   RO          550    .text.tcp_send_fin  tcp_out.o
    0x08005390   0x08005390   0x0000035e   Code   RO          426    .text.tcp_slowtmr   tcp.o
    0x080056ee   0x080056ee   0x00000002   PAD
    0x080056f0   0x080056f0   0x00000002   Code   RO          591    .text.tcp_timer_needed  timers.o
    0x080056f2   0x080056f2   0x00000002   PAD
    0x080056f4   0x080056f4   0x000000aa   Code   RO          519    .text.tcp_timewait_input  tcp_in.o
    0x0800579e   0x0800579e   0x00000002   PAD
    0x080057a0   0x080057a0   0x00000022   Code   RO          422    .text.tcp_tmr       tcp.o
    0x080057c2   0x080057c2   0x00000002   PAD
    0x080057c4   0x080057c4   0x00000044   Code   RO          450    .text.tcp_update_rcv_ann_wnd  tcp.o
    0x08005808   0x08005808   0x000000a6   Code   RO          580    .text.tcp_zero_window_probe  tcp_out.o
    0x080058ae   0x080058ae   0x00000002   PAD
    0x080058b0   0x080058b0   0x00000080   Code   RO          610    .text.udp_bind      udp.o
    0x08005930   0x08005930   0x000001e0   Code   RO          602    .text.udp_input     udp.o
    0x08005b10   0x08005b10   0x00000062   Code   RO          612    .text.udp_new_port  udp.o
    0x08005b72   0x08005b72   0x00000002   PAD
    0x08005b74   0x08005b74   0x000000e0   Code   RO          608    .text.udp_sendto_if  udp.o
    0x08005c54   0x08005c54   0x0000001a   Code   RO         1413    x$fpl$fpinit        fz_wm.l(fpinit.o)
    0x08005c6e   0x08005c6e   0x00000006   Data   RO          663    .rodata.ethbroadcast  etharp.o
    0x08005c74   0x08005c74   0x00000004   Data   RO          112    .rodata.ip_addr_broadcast  ip_addr.o
    0x08005c78   0x08005c78   0x00000012   Data   RO          296    .rodata.memp_num    memp.o
    0x08005c8a   0x08005c8a   0x00000012   Data   RO          297    .rodata.memp_sizes  memp.o
    0x08005c9c   0x08005c9c   0x0000000d   Data   RO          494    .rodata.tcp_backoff  tcp.o
    0x08005ca9   0x08005ca9   0x00000007   Data   RO          495    .rodata.tcp_persist_backoff  tcp.o
    0x08005cb0   0x08005cb0   0x00000020   Data   RO         1474    Region$$Table       anon$$obj.o


    Execution Region RW_IRAM1 (Exec base: 0x20000000, Load base: 0x08005cd0, Size: 0x00005470, Max: 0x00020000, ABSOLUTE)

    Exec Addr    Load Addr    Size         Type   Attr      Idx    E Section Name        Object

    0x20000000   0x08005cd0   0x00000004   Data   RW         1273    .data.SystemCoreClock  system_stm32f4xx.o
    0x20000004   0x08005cd4   0x00000004   Data   RW          243    .data.dhcp_create_msg.xid  dhcp.o
    0x20000008   0x08005cd8   0x00000006   Data   RW          740    .data.mymac         ethernetif.o
    0x2000000e   0x08005cde   0x00000002   PAD
    0x20000010   0x08005ce0   0x00000004   Data   RW          506    .data.tcp_next_iss.iss  tcp.o
    0x20000014   0x08005ce4   0x00000002   Data   RW          625    .data.udp_port      udp.o
    0x20000016   0x08005ce6   0x00000001   Data   RW          828    .data.uwTickFreq    stm32f4xx_hal.o
    0x20000017   0x08005ce7   0x00000001   PAD
    0x20000018   0x08005ce8   0x00000004   Data   RW          827    .data.uwTickPrio    stm32f4xx_hal.o
    0x2000001c   0x08005cec   0x00000004   PAD
    0x20000020        -       0x00000060   Zero   RW         1341    .bss                c_w.l(libspace.o)
    0x20000080        -       0x00000004   Zero   RW          761    .bss.ARPTimer       lwip.o
    0x20000084        -       0x00000002   Zero   RW          719    .bss.ENC28J60_packetReceive.gNextPacketPtr  enc28j60.o
    0x20000086        -       0x00000001   Zero   RW          720    .bss.ENC28J60_packetReceive.unreleasedPacket  enc28j60.o
    0x20000087        -       0x00000001   Zero   RW          718    .bss.Enc28_Bank     enc28j60.o
    0x20000088        -       0x00000004   Zero   RW          764    .bss.LocalTime      lwip.o
    0x2000008c        -       0x00000004   Zero   RW          760    .bss.TCPTimer       lwip.o
    0x20000090        -       0x00000004   Zero   RW          532    .bss.ackno          tcp_in.o
    0x20000094        -       0x000000c8   Zero   RW          665    .bss.arp_table      etharp.o
    0x2000015c        -       0x00000004   Zero   RW           88    .bss.current_header  ip.o
    0x20000160        -       0x00000004   Zero   RW           85    .bss.current_iphdr_dest  ip.o
    0x20000164        -       0x00000004   Zero   RW           86    .bss.current_iphdr_src  ip.o
    0x20000168        -       0x00000004   Zero   RW           87    .bss.current_netif  ip.o
    0x2000016c        -       0x00000001   Zero   RW          666    .bss.etharp_cached_entry  etharp.o
    0x2000016d        -       0x00000001   Zero   RW          533    .bss.flags          tcp_in.o
    0x2000016e   0x08005cec   0x00000002   PAD
    0x20000170        -       0x00000038   Zero   RW          763    .bss.gnetif         lwip.o
    0x200001a8        -       0x00000058   Zero   RW           10    .bss.hspi1          main.o
    0x20000200        -       0x00000004   Zero   RW          538    .bss.inseg.1        tcp_in.o
    0x20000204        -       0x00000002   Zero   RW          539    .bss.inseg.2        tcp_in.o
    0x20000206   0x08005cec   0x00000002   PAD
    0x20000208        -       0x00000004   Zero   RW          540    .bss.inseg.5        tcp_in.o
    0x2000020c        -       0x00000002   Zero   RW           89    .bss.ip_id          ip.o
    0x2000020e        -       0x00000002   Zero   RW          146    .bss.ip_reass_pbufcount  ip_frag.o
    0x20000210        -       0x00000004   Zero   RW          529    .bss.iphdr          tcp_in.o
    0x20000214        -       0x00000004   Zero   RW          278    .bss.lfree          mem.o
    0x20000218        -       0x000023fb   Zero   RW          294    .bss.memp_memory    memp.o
    0x20002613   0x08005cec   0x00000001   PAD
    0x20002614        -       0x00000024   Zero   RW          295    .bss.memp_tab       memp.o
    0x20002638        -       0x00000004   Zero   RW          337    .bss.netif_default  netif.o
    0x2000263c        -       0x00000004   Zero   RW          336    .bss.netif_list     netif.o
    0x20002640        -       0x00000001   Zero   RW          335    .bss.netif_num      netif.o
    0x20002641   0x08005cec   0x00000003   PAD
    0x20002644        -       0x00000004   Zero   RW          276    .bss.ram            mem.o
    0x20002648        -       0x00000004   Zero   RW          277    .bss.ram_end        mem.o
    0x2000264c        -       0x00001014   Zero   RW          275    .bss.ram_heap       mem.o
    0x20003660        -       0x00000004   Zero   RW          408    .bss.raw_pcbs       raw.o
    0x20003664        -       0x00000004   Zero   RW          145    .bss.reassdatagrams  ip_frag.o
    0x20003668        -       0x00000004   Zero   RW          535    .bss.recv_data      tcp_in.o
    0x2000366c        -       0x00000001   Zero   RW          536    .bss.recv_flags     tcp_in.o
    0x2000366d   0x08005cec   0x00000003   PAD
    0x20003670        -       0x00000be1   Zero   RW          741    .bss.rxbuf          ethernetif.o
    0x20004251   0x08005cec   0x00000003   PAD
    0x20004254        -       0x00000004   Zero   RW          531    .bss.seqno          tcp_in.o
    0x20004258        -       0x00000004   Zero   RW          498    .bss.tcp_active_pcbs  tcp.o
    0x2000425c        -       0x00000001   Zero   RW          502    .bss.tcp_active_pcbs_changed  tcp.o
    0x2000425d   0x08005cec   0x00000003   PAD
    0x20004260        -       0x00000004   Zero   RW          497    .bss.tcp_bound_pcbs  tcp.o
    0x20004264        -       0x00000004   Zero   RW          537    .bss.tcp_input_pcb  tcp_in.o
    0x20004268        -       0x00000004   Zero   RW          496    .bss.tcp_listen_pcbs  tcp.o
    0x2000426c        -       0x00000004   Zero   RW          504    .bss.tcp_ticks      tcp.o
    0x20004270        -       0x00000001   Zero   RW          501    .bss.tcp_timer      tcp.o
    0x20004271        -       0x00000001   Zero   RW          505    .bss.tcp_timer_ctr  tcp.o
    0x20004272   0x08005cec   0x00000002   PAD
    0x20004274        -       0x00000004   Zero   RW          503    .bss.tcp_tmp_pcb    tcp.o
    0x20004278        -       0x00000004   Zero   RW          499    .bss.tcp_tw_pcbs    tcp.o
    0x2000427c        -       0x00000004   Zero   RW          530    .bss.tcphdr         tcp_in.o
    0x20004280        -       0x00000002   Zero   RW          534    .bss.tcplen         tcp_in.o
    0x20004282        -       0x00000be0   Zero   RW          742    .bss.txbuf          ethernetif.o
    0x20004e62   0x08005cec   0x00000002   PAD
    0x20004e64        -       0x00000004   Zero   RW          624    .bss.udp_pcbs       udp.o
    0x20004e68        -       0x00000004   Zero   RW          829    .bss.uwTick         stm32f4xx_hal.o
    0x20004e6c   0x08005cec   0x00000004   PAD
    0x20004e70        -       0x00000200   Zero   RW         1260    HEAP                startup_stm32f446xx.o
    0x20005070        -       0x00000400   Zero   RW         1259    STACK               startup_stm32f446xx.o


==============================================================================

Image component sizes


      Code (inc. data)   RO Data    RW Data    ZI Data      Debug   Object Name

        16          0          0          0          0        881   def.o
       712          0          0          4          0      14951   dhcp.o
      1034          0          0          0          4       5590   enc28j60.o
      1682          0          6          0        201      10645   etharp.o
       314          0          0          6       6081       3617   ethernetif.o
       416          0          0          0          0       4079   icmp.o
       360          0          0          0          0       3954   inet_chksum.o
       808          0          0          0         18       6054   ip.o
        56          0          4          0          0       4560   ip_addr.o
      1434          0          0          0          6       9106   ip_frag.o
       208          0          0          0         68       3511   lwip.o
       260          0          0          0         88       5084   main.o
       676          0          0          0       4128       3170   mem.o
       152          0         36          0       9247       1778   memp.o
       292          0          0          0          9       8004   netif.o
      1086         32          0          0          0       8762   pbuf.o
       126          0          0          0          4       4887   raw.o
        64         26        452          0       1536        864   startup_stm32f446xx.o
       206          0          0          5          4       7689   stm32f4xx_hal.o
       214          0          0          0          0      10135   stm32f4xx_hal_cortex.o
       436          0          0          0          0       5326   stm32f4xx_hal_gpio.o
      2222          0          0          0          0      21573   stm32f4xx_hal_spi.o
        18          0          0          4          0       2766   system_stm32f4xx.o
      2446          8         20          4         27      15201   tcp.o
      4216          8          0          0         38      10273   tcp_in.o
      1950          0          0          0          0      13984   tcp_out.o
         2          0          0          0          0        371   timers.o
       930          0          0          2          4       8137   udp.o

    ----------------------------------------------------------------------
     22496         74        550         28      21492     194952   Object Totals
         0          0         32          0          0          0   (incl. Generated)
       160          0          0          3         29          0   (incl. Padding)

    ----------------------------------------------------------------------

      Code (inc. data)   RO Data    RW Data    ZI Data      Debug   Library Member Name

         8          0          0          0          0         68   __main.o
         0          0          0          0          0          0   __rtentry.o
        12          0          0          0          0          0   __rtentry2.o
         6          0          0          0          0          0   __rtentry4.o
        52          8          0          0          0          0   __scatter.o
        26          0          0          0          0          0   __scatter_copy.o
        28          0          0          0          0          0   __scatter_zi.o
        18          0          0          0          0         80   exit.o
         6          0          0          0          0        152   heapauxi.o
         0          0          0          0          0          0   indicate_semi.o
         2          0          0          0          0          0   libinit.o
         6          0          0          0          0          0   libinit2.o
         2          0          0          0          0          0   libshutdown.o
         2          0          0          0          0          0   libshutdown2.o
         8          4          0          0         96         68   libspace.o
        88          0          0          0          0         76   memcmp.o
        78          0          0          0          0         80   rt_memclr_w.o
       138          0          0          0          0         68   rt_memcpy_v6.o
       100          0          0          0          0         80   rt_memcpy_w.o
         2          0          0          0          0          0   rtexit.o
        10          0          0          0          0          0   rtexit2.o
        12          4          0          0          0         68   sys_exit.o
        74          0          0          0          0         80   sys_stackheap_outer.o
         2          0          0          0          0         68   use_no_semi.o
        26          0          0          0          0        116   fpinit.o

    ----------------------------------------------------------------------
       714         16          0          0         96       1004   Library Totals
         8          0          0          0          0          0   (incl. Padding)

    ----------------------------------------------------------------------

      Code (inc. data)   RO Data    RW Data    ZI Data      Debug   Library Name

       680         16          0          0         96        888   c_w.l
        26          0          0          0          0        116   fz_wm.l

    ----------------------------------------------------------------------
       714         16          0          0         96       1004   Library Totals

    ----------------------------------------------------------------------

==============================================================================


      Code (inc. data)   RO Data    RW Data    ZI Data      Debug   

     23210         90        550         28      21588     195176   Grand Totals
     23210         90        550         28      21588     195176   ELF Image Totals
     23210         90        550         28          0          0   ROM Totals

==============================================================================

    Total RO  Size (Code + RO Data)                23760 (  23.20kB)
    Total RW  Size (RW Data + ZI Data)             21616 (  21.11kB)
    Total ROM Size (Code + RO Data + RW Data)      23788 (  23.23kB)

==============================================================================

